Component: ARM Compiler 5.06 update 7 (build 960) Tool: armlink [4d3601]

==============================================================================

Section Cross References

    main.o(.text) refers to arm.o(.text) for arm_2
    main.o(.text) refers to delay.o(.text) for delay_ms
    main.o(.text) refers to wheel.o(.text) for brake
    main.o(.text) refers to misc.o(.text) for NVIC_PriorityGroupConfig
    main.o(.text) refers to usart.o(.text) for USART1_Init
    main.o(.text) refers to driver.o(.text) for Driver_Init
    main.o(.text) refers to exti.o(.text) for EXTIX_Init
    main.o(.text) refers to i2c.o(.text) for I2C_Configuration
    main.o(.text) refers to oled0561.o(.text) for OLED0561_Init
    main.o(.text) refers to stm32f10x_tim.o(.text) for TIM_SetCompare3
    main.o(.text) refers to stm32f10x_gpio.o(.text) for GPIO_ResetBits
    main.o(.text) refers to main.o(.data) for run_sta
    main.o(.text) refers to usart.o(.data) for key
    main.o(.text) refers to zidong.o(.text) for ceju
    system_stm32f10x.o(.text) refers to system_stm32f10x.o(.data) for SystemCoreClock
    led.o(.text) refers to stm32f10x_rcc.o(.text) for RCC_APB2PeriphClockCmd
    led.o(.text) refers to stm32f10x_gpio.o(.text) for GPIO_Init
    key.o(.text) refers to stm32f10x_rcc.o(.text) for RCC_APB2PeriphClockCmd
    key.o(.text) refers to stm32f10x_gpio.o(.text) for GPIO_Init
    key.o(.text) refers to delay.o(.text) for delay_ms
    key.o(.text) refers to key.o(.data) for key_up
    oled0561.o(.text) refers to rt_memcpy_w.o(.text) for __aeabi_memcpy4
    oled0561.o(.text) refers to i2c.o(.text) for I2C_SAND_BUFFER
    oled0561.o(.text) refers to oled0561.o(.constdata) for ASCII_8x16
    arm.o(.text) refers to delay.o(.text) for delay_ms
    arm.o(.text) refers to arm.o(.data) for angledata
    driver.o(.text) refers to _printf_percent.o(.ARM.Collect$$_printf_percent$$00000000) for _printf_percent
    driver.o(.text) refers to _printf_d.o(.ARM.Collect$$_printf_percent$$00000009) for _printf_d
    driver.o(.text) refers to _printf_dec.o(.text) for _printf_int_dec
    driver.o(.text) refers to stm32f10x_rcc.o(.text) for RCC_APB2PeriphClockCmd
    driver.o(.text) refers to stm32f10x_gpio.o(.text) for GPIO_Init
    driver.o(.text) refers to stm32f10x_tim.o(.text) for TIM_TimeBaseInit
    driver.o(.text) refers to misc.o(.text) for NVIC_Init
    driver.o(.text) refers to __2printf.o(.text) for __2printf
    driver.o(.text) refers to driver.o(.data) for is_rcr_finish
    driver.o(.text) refers to driver.o(.conststring) for .conststring
    wheel.o(.text) refers to stm32f10x_rcc.o(.text) for RCC_APB1PeriphClockCmd
    wheel.o(.text) refers to stm32f10x_gpio.o(.text) for GPIO_Init
    wheel.o(.text) refers to stm32f10x_tim.o(.text) for TIM_TimeBaseInit
    wheel.o(.text) refers to wheel.o(.data) for ctr
    wheel.o(.data) refers to wheel.o(.text) for l_f_p
    exti.o(.text) refers to stm32f10x_rcc.o(.text) for RCC_APB2PeriphClockCmd
    exti.o(.text) refers to stm32f10x_gpio.o(.text) for GPIO_Init
    exti.o(.text) refers to stm32f10x_exti.o(.text) for EXTI_Init
    exti.o(.text) refers to misc.o(.text) for NVIC_Init
    zidong.o(.text) refers to delay.o(.text) for delay_ms
    zidong.o(.text) refers to oled0561.o(.text) for OLED_DISPLAY_8x16
    zidong.o(.text) refers to dflt_clz.o(x$fpl$dflt) for __aeabi_i2d
    zidong.o(.text) refers to dflt_clz.o(x$fpl$dfltu) for __aeabi_ui2d
    zidong.o(.text) refers to daddsub_clz.o(x$fpl$dsub) for __aeabi_dsub
    zidong.o(.text) refers to dmul.o(x$fpl$dmul) for __aeabi_dmul
    zidong.o(.text) refers to daddsub_clz.o(x$fpl$dadd) for __aeabi_dadd
    zidong.o(.text) refers to dfix.o(x$fpl$dfix) for __aeabi_d2iz
    zidong.o(.text) refers to zidong.o(.data) for cc
    zidong.o(.text) refers to usart.o(.data) for USART3_RX_STA
    zidong.o(.text) refers to usart.o(.bss) for USART3_RX_BUF
    delay.o(.text) refers to misc.o(.text) for SysTick_CLKSourceConfig
    delay.o(.text) refers to system_stm32f10x.o(.data) for SystemCoreClock
    delay.o(.text) refers to delay.o(.data) for fac_us
    usart.o(.text) refers (Special) to use_no_semi_2.o(.text) for __use_no_semihosting
    usart.o(.text) refers to c89vsnprintf.o(.text) for __c89vsnprintf
    usart.o(.text) refers to stm32f10x_usart.o(.text) for USART_SendData
    usart.o(.text) refers to strlen.o(.text) for strlen
    usart.o(.text) refers to stm32f10x_rcc.o(.text) for RCC_APB2PeriphClockCmd
    usart.o(.text) refers to stm32f10x_gpio.o(.text) for GPIO_Init
    usart.o(.text) refers to misc.o(.text) for NVIC_Init
    usart.o(.text) refers to usart.o(.data) for key
    usart.o(.text) refers to usart.o(.bss) for USART2_RX_BUF
    usart.o(.bss) refers (Special) to use_no_semi_2.o(.text) for __use_no_semihosting
    usart.o(.data) refers (Special) to use_no_semi_2.o(.text) for __use_no_semihosting
    i2c.o(.text) refers to stm32f10x_rcc.o(.text) for RCC_APB2PeriphClockCmd
    i2c.o(.text) refers to stm32f10x_gpio.o(.text) for GPIO_Init
[...]
    tenpwrs_i                                0x08006974   Data          64  bigflt0.o(.constdata)
    .conststring                             0x080069cc   Section       72  driver.o(.conststring)
    locale$$data                             0x08006a34   Section       28  lc_numeric_c.o(locale$$data)
    __lcnum_c_name                           0x08006a38   Data           2  lc_numeric_c.o(locale$$data)
    __lcnum_c_start                          0x08006a40   Data           0  lc_numeric_c.o(locale$$data)
    __lcnum_c_point                          0x08006a4c   Data           0  lc_numeric_c.o(locale$$data)
    __lcnum_c_thousands                      0x08006a4e   Data           0  lc_numeric_c.o(locale$$data)
    __lcnum_c_grouping                       0x08006a4f   Data           0  lc_numeric_c.o(locale$$data)
    locale$$data                             0x08006a50   Section      272  lc_ctype_c.o(locale$$data)
    __lcnum_c_end                            0x08006a50   Data           0  lc_numeric_c.o(locale$$data)
    __lcctype_c_name                         0x08006a54   Data           2  lc_ctype_c.o(locale$$data)
    __lcctype_c_start                        0x08006a5c   Data           0  lc_ctype_c.o(locale$$data)
    __lcctype_c_end                          0x08006b60   Data           0  lc_ctype_c.o(locale$$data)
    .data                                    0x20000000   Section        8  main.o(.data)
    .data                                    0x20000008   Section       20  system_stm32f10x.o(.data)
    .data                                    0x2000001c   Section       56  arm.o(.data)
    .data                                    0x20000054   Section       25  driver.o(.data)
    .data                                    0x20000070   Section       32  wheel.o(.data)
    .data                                    0x20000090   Section        3  zidong.o(.data)
    .data                                    0x20000094   Section        4  delay.o(.data)
    fac_us                                   0x20000094   Data           1  delay.o(.data)
    fac_ms                                   0x20000096   Data           2  delay.o(.data)
    .data                                    0x20000098   Section       12  usart.o(.data)
    .data                                    0x200000a4   Section       20  stm32f10x_rcc.o(.data)
    APBAHBPrescTable                         0x200000a4   Data          16  stm32f10x_rcc.o(.data)
    ADCPrescTable                            0x200000b4   Data           4  stm32f10x_rcc.o(.data)
    .bss                                     0x200000b8   Section      600  usart.o(.bss)
    .bss                                     0x20000310   Section       96  libspace.o(.bss)
    HEAP                                     0x20000370   Section      512  startup_stm32f10x_hd.o(HEAP)
    Heap_Mem                                 0x20000370   Data         512  startup_stm32f10x_hd.o(HEAP)
    STACK                                    0x20000570   Section     1024  startup_stm32f10x_hd.o(STACK)
    Stack_Mem                                0x20000570   Data        1024  startup_stm32f10x_hd.o(STACK)
    __initial_sp                             0x20000970   Data           0  startup_stm32f10x_hd.o(STACK)

    Global Symbols

    Symbol Name                              Value     Ov Type        Size  Object(Section)

    BuildAttributes$$THM_ISAv4$P$D$K$B$S$PE$A:L22UL41UL21$X:L11$S22US41US21$IEEE1$IW$USESV6$~STKCKD$USESV7$~SHL$OTIME$ROPI$IEEEJ$EBA8$UX$STANDARDLIB$REQ8$PRES8$EABIv2 0x00000000   Number         0  anon$$obj.o ABSOLUTE
    __ARM_use_no_argv                        0x00000000   Number         0  main.o ABSOLUTE
    _printf_flags                            0x00000000   Number         0  printf_stubs.o ABSOLUTE
    _printf_return_value                     0x00000000   Number         0  printf_stubs.o ABSOLUTE
    _printf_sizespec                         0x00000000   Number         0  printf_stubs.o ABSOLUTE
    _printf_widthprec                        0x00000000   Number         0  printf_stubs.o ABSOLUTE
    __ARM_exceptions_init                     - Undefined Weak Reference
    __alloca_initialize                       - Undefined Weak Reference
    __arm_fini_                               - Undefined Weak Reference
    __arm_preinit_                            - Undefined Weak Reference
    __cpp_initialize__aeabi_                  - Undefined Weak Reference
    __cxa_finalize                            - Undefined Weak Reference
    __sigvec_lookup                           - Undefined Weak Reference
    _atexit_init                              - Undefined Weak Reference
    _call_atexit_fns                          - Undefined Weak Reference
    _clock_init                               - Undefined Weak Reference
    _fp_trap_init                             - Undefined Weak Reference
    _fp_trap_shutdown                         - Undefined Weak Reference
    _get_lc_collate                           - Undefined Weak Reference
    _get_lc_monetary                          - Undefined Weak Reference
    _get_lc_time                              - Undefined Weak Reference
    _getenv_init                              - Undefined Weak Reference
    _handle_redirection                       - Undefined Weak Reference
    _init_alloc                               - Undefined Weak Reference
    _init_user_alloc                          - Undefined Weak Reference
    _initio                                   - Undefined Weak Reference
    _mutex_acquire                            - Undefined Weak Reference
    _mutex_release                            - Undefined Weak Reference
    _printf_fp_hex                            - Undefined Weak Reference
    _printf_mbtowc                            - Undefined Weak Reference
    _printf_wc                                - Undefined Weak Reference
    _rand_init                                - Undefined Weak Reference
    _signal_finish                            - Undefined Weak Reference
    _signal_init                              - Undefined Weak Reference
    _terminate_alloc                          - Undefined Weak Reference
    _terminate_user_alloc                     - Undefined Weak Reference
    _terminateio                              - Undefined Weak Reference
    __Vectors_Size                           0x00000130   Number         0  startup_stm32f10x_hd.o ABSOLUTE
    __Vectors                                0x08000000   Data           4  startup_stm32f10x_hd.o(RESET)
    __Vectors_End                            0x08000130   Data           0  startup_stm32f10x_hd.o(RESET)
    __main                                   0x08000131   Thumb Code     8  __main.o(!!!main)
    __scatterload                            0x08000139   Thumb Code     0  __scatter.o(!!!scatter)
    __scatterload_rt2                        0x08000139   Thumb Code    44  __scatter.o(!!!scatter)
    __scatterload_rt2_thumb_only             0x08000139   Thumb Code     0  __scatter.o(!!!scatter)
    __scatterload_null                       0x08000147   Thumb Code     0  __scatter.o(!!!scatter)
    __scatterload_copy                       0x0800016d   Thumb Code    26  __scatter_copy.o(!!handler_copy)
    __scatterload_zeroinit                   0x08000189   Thumb Code    28  __scatter_zi.o(!!handler_zi)
    _printf_n                                0x080001a5   Thumb Code     0  _printf_n.o(.ARM.Collect$$_printf_percent$$00000001)
    _printf_percent                          0x080001a5   Thumb Code     0  _printf_percent.o(.ARM.Collect$$_printf_percent$$00000000)
    _printf_p                                0x080001ab   Thumb Code     0  _printf_p.o(.ARM.Collect$$_printf_percent$$00000002)
    _printf_f                                0x080001b1   Thumb Code     0  _printf_f.o(.ARM.Collect$$_printf_percent$$00000003)
    _printf_e                                0x080001b7   Thumb Code     0  _printf_e.o(.ARM.Collect$$_printf_percent$$00000004)
    _printf_g                                0x080001bd   Thumb Code     0  _printf_g.o(.ARM.Collect$$_printf_percent$$00000005)
    _printf_a                                0x080001c3   Thumb Code     0  _printf_a.o(.ARM.Collect$$_printf_percent$$00000006)
    _printf_ll                               0x080001c9   Thumb Code     0  _printf_ll.o(.ARM.Collect$$_printf_percent$$00000007)
    _printf_i                                0x080001d3   Thumb Code     0  _printf_i.o(.ARM.Collect$$_printf_percent$$00000008)
    _printf_d                                0x080001d9   Thumb Code     0  _printf_d.o(.ARM.Collect$$_printf_percent$$00000009)
    _printf_u                                0x080001df   Thumb Code     0  _printf_u.o(.ARM.Collect$$_printf_percent$$0000000A)
    _printf_o                                0x080001e5   Thumb Code     0  _printf_o.o(.ARM.Collect$$_printf_percent$$0000000B)
    _printf_x                                0x080001eb   Thumb Code     0  _printf_x.o(.ARM.Collect$$_printf_percent$$0000000C)
    _printf_lli                              0x080001f1   Thumb Code     0  _printf_lli.o(.ARM.Collect$$_printf_percent$$0000000D)
    _printf_lld                              0x080001f7   Thumb Code     0  _printf_lld.o(.ARM.Collect$$_printf_percent$$0000000E)
    _printf_llu                              0x080001fd   Thumb Code     0  _printf_llu.o(.ARM.Collect$$_printf_percent$$0000000F)
    _printf_llo                              0x08000203   Thumb Code     0  _printf_llo.o(.ARM.Collect$$_printf_percent$$00000010)
    _printf_llx                              0x08000209   Thumb Code     0  _printf_llx.o(.ARM.Collect$$_printf_percent$$00000011)
    _printf_l                                0x0800020f   Thumb Code     0  _printf_l.o(.ARM.Collect$$_printf_percent$$00000012)
    _printf_c                                0x08000219   Thumb Code     0  _printf_c.o(.ARM.Collect$$_printf_percent$$00000013)
    _printf_s                                0x0800021f   Thumb Code     0  _printf_s.o(.ARM.Collect$$_printf_percent$$00000014)
    _printf_lc                               0x08000225   Thumb Code     0  _printf_lc.o(.ARM.Collect$$_printf_percent$$00000015)
    _printf_ls                               0x0800022b   Thumb Code     0  _printf_ls.o(.ARM.Collect$$_printf_percent$$00000016)
    _printf_percent_end                      0x08000231   Thumb Code     0  _printf_percent_end.o(.ARM.Collect$$_printf_percent$$00000017)
    __rt_lib_init                            0x08000235   Thumb Code     0  libinit.o(.ARM.Collect$$libinit$$00000000)
    __rt_lib_init_fp_1                       0x08000237   Thumb Code     0  libinit2.o(.ARM.Collect$$libinit$$00000002)
    __rt_lib_init_heap_1                     0x08000237   Thumb Code     0  libinit2.o(.ARM.Collect$$libinit$$0000000A)
    __rt_lib_init_lc_common                  0x08000237   Thumb Code     0  libinit2.o(.ARM.Collect$$libinit$$0000000F)
    __rt_lib_init_preinit_1                  0x08000237   Thumb Code     0  libinit2.o(.ARM.Collect$$libinit$$00000004)
    __rt_lib_init_rand_1                     0x08000237   Thumb Code     0  libinit2.o(.ARM.Collect$$libinit$$0000000E)
    __rt_lib_init_user_alloc_1               0x08000237   Thumb Code     0  libinit2.o(.ARM.Collect$$libinit$$0000000C)
    __rt_lib_init_lc_collate_1               0x0800023d   Thumb Code     0  libinit2.o(.ARM.Collect$$libinit$$00000011)
    __rt_lib_init_lc_ctype_2                 0x0800023d   Thumb Code     0  libinit2.o(.ARM.Collect$$libinit$$00000012)
    __rt_lib_init_lc_ctype_1                 0x08000249   Thumb Code     0  libinit2.o(.ARM.Collect$$libinit$$00000013)
    __rt_lib_init_lc_monetary_1              0x08000249   Thumb Code     0  libinit2.o(.ARM.Collect$$libinit$$00000015)
    __rt_lib_init_lc_numeric_2               0x08000249   Thumb Code     0  libinit2.o(.ARM.Collect$$libinit$$00000016)
    __rt_lib_init_alloca_1                   0x08000253   Thumb Code     0  libinit2.o(.ARM.Collect$$libinit$$0000002E)
    __rt_lib_init_argv_1                     0x08000253   Thumb Code     0  libinit2.o(.ARM.Collect$$libinit$$0000002C)
    __rt_lib_init_atexit_1                   0x08000253   Thumb Code     0  libinit2.o(.ARM.Collect$$libinit$$0000001B)
    __rt_lib_init_clock_1                    0x08000253   Thumb Code     0  libinit2.o(.ARM.Collect$$libinit$$00000021)
    __rt_lib_init_cpp_1                      0x08000253   Thumb Code     0  libinit2.o(.ARM.Collect$$libinit$$00000032)
    __rt_lib_init_exceptions_1               0x08000253   Thumb Code     0  libinit2.o(.ARM.Collect$$libinit$$00000030)
    __rt_lib_init_fp_trap_1                  0x08000253   Thumb Code     0  libinit2.o(.ARM.Collect$$libinit$$0000001F)
    __rt_lib_init_getenv_1                   0x08000253   Thumb Code     0  libinit2.o(.ARM.Collect$$libinit$$00000023)
    __rt_lib_init_lc_numeric_1               0x08000253   Thumb Code     0  libinit2.o(.ARM.Collect$$libinit$$00000017)
    __rt_lib_init_lc_time_1                  0x08000253   Thumb Code     0  libinit2.o(.ARM.Collect$$libinit$$00000019)
    __rt_lib_init_return                     0x08000253   Thumb Code     0  libinit2.o(.ARM.Collect$$libinit$$00000033)
    __rt_lib_init_signal_1                   0x08000253   Thumb Code     0  libinit2.o(.ARM.Collect$$libinit$$0000001D)
    __rt_lib_init_stdio_1                    0x08000253   Thumb Code     0  libinit2.o(.ARM.Collect$$libinit$$00000025)
    __rt_lib_shutdown                        0x08000255   Thumb Code     0  libshutdown.o(.ARM.Collect$$libshutdown$$00000000)
    __rt_lib_shutdown_cpp_1                  0x08000257   Thumb Code     0  libshutdown2.o(.ARM.Collect$$libshutdown$$00000004)
    __rt_lib_shutdown_fini_1                 0x08000257   Thumb Code     0  libshutdown2.o(.ARM.Collect$$libshutdown$$00000002)
    __rt_lib_shutdown_fp_trap_1              0x08000257   Thumb Code     0  libshutdown2.o(.ARM.Collect$$libshutdown$$00000009)
    __rt_lib_shutdown_heap_1                 0x08000257   Thumb Code     0  libshutdown2.o(.ARM.Collect$$libshutdown$$00000011)
    __rt_lib_shutdown_return                 0x08000257   Thumb Code     0  libshutdown2.o(.ARM.Collect$$libshutdown$$00000012)
    __rt_lib_shutdown_signal_1               0x08000257   Thumb Code     0  libshutdown2.o(.ARM.Collect$$libshutdown$$0000000C)
    __rt_lib_shutdown_stdio_1                0x08000257   Thumb Code     0  libshutdown2.o(.ARM.Collect$$libshutdown$$00000006)
    __rt_lib_shutdown_user_alloc_1           0x08000257   Thumb Code     0  libshutdown2.o(.ARM.Collect$$libshutdown$$0000000E)
    __rt_entry                               0x08000259   Thumb Code     0  __rtentry.o(.ARM.Collect$$rtentry$$00000000)
    __rt_entry_presh_1                       0x08000259   Thumb Code     0  __rtentry2.o(.ARM.Collect$$rtentry$$00000002)
    __rt_entry_sh                            0x08000259   Thumb Code     0  __rtentry4.o(.ARM.Collect$$rtentry$$00000004)
    __rt_entry_li                            0x0800025f   Thumb Code     0  __rtentry2.o(.ARM.Collect$$rtentry$$0000000A)
    __rt_entry_postsh_1                      0x0800025f   Thumb Code     0  __rtentry2.o(.ARM.Collect$$rtentry$$00000009)
    __rt_entry_main                          0x08000263   Thumb Code     0  __rtentry2.o(.ARM.Collect$$rtentry$$0000000D)
    __rt_entry_postli_1                      0x08000263   Thumb Code     0  __rtentry2.o(.ARM.Collect$$rtentry$$0000000C)
    __rt_exit                                0x0800026b   Thumb Code     0  rtexit.o(.ARM.Collect$$rtexit$$00000000)
    __rt_exit_ls                             0x0800026d   Thumb Code     0  rtexit2.o(.ARM.Collect$$rtexit$$00000003)
    __rt_exit_prels_1                        0x0800026d   Thumb Code     0  rtexit2.o(.ARM.Collect$$rtexit$$00000002)
    __rt_exit_exit                           0x08000271   Thumb Code     0  rtexit2.o(.ARM.Collect$$rtexit$$00000004)
    jianjian                                 0x08000279   Thumb Code    60  main.o(.text)
    run_mode                                 0x080002b5   Thumb Code   138  main.o(.text)
    main                                     0x0800033f   Thumb Code  1152  main.o(.text)
    NMI_Handler                              0x080007cd   Thumb Code     2  stm32f10x_it.o(.text)
    HardFault_Handler                        0x080007cf   Thumb Code     4  stm32f10x_it.o(.text)
    MemManage_Handler                        0x080007d3   Thumb Code     4  stm32f10x_it.o(.text)
    BusFault_Handler                         0x080007d7   Thumb Code     4  stm32f10x_it.o(.text)
    UsageFault_Handler                       0x080007db   Thumb Code     4  stm32f10x_it.o(.text)
    SVC_Handler                              0x080007df   Thumb Code     2  stm32f10x_it.o(.text)
    DebugMon_Handler                         0x080007e1   Thumb Code     2  stm32f10x_it.o(.text)
    PendSV_Handler                           0x080007e3   Thumb Code     2  stm32f10x_it.o(.text)
    SysTick_Handler                          0x080007e5   Thumb Code     2  stm32f10x_it.o(.text)
    SystemInit                               0x080008c7   Thumb Code    78  system_stm32f10x.o(.text)
    SystemCoreClockUpdate                    0x08000915   Thumb Code   142  system_stm32f10x.o(.text)
    OLED_DISPLAY_ON                          0x080009c9   Thumb Code    30  oled0561.o(.text)
    OLED_DISPLAY_CLEAR                       0x080009e7   Thumb Code    68  oled0561.o(.text)
    OLED_DISPLAY_OFF                         0x08000a2b   Thumb Code    22  oled0561.o(.text)
    OLED0561_Init                            0x08000a41   Thumb Code    16  oled0561.o(.text)
    OLED_DISPLAY_LIT                         0x08000a51   Thumb Code    26  oled0561.o(.text)
    OLED_DISPLAY_8x16                        0x08000a6b   Thumb Code   150  oled0561.o(.text)
    OLED_DISPLAY_8x16_BUFFER                 0x08000b01   Thumb Code    36  oled0561.o(.text)
    OLED_DISPLAY_16x16                       0x08000b25   Thumb Code   152  oled0561.o(.text)
    OLED_DISPLAY_PIC1                        0x08000bbd   Thumb Code    78  oled0561.o(.text)
    angle_change                             0x08000c39   Thumb Code   176  arm.o(.text)
    arm_init                                 0x08000ce9   Thumb Code    20  arm.o(.text)
    arm_1                                    0x08000cfd   Thumb Code    40  arm.o(.text)
    arm_2                                    0x08000d25   Thumb Code    40  arm.o(.text)
    arm_3                                    0x08000d4d   Thumb Code    38  arm.o(.text)
    arm_4                                    0x08000d73   Thumb Code    38  arm.o(.text)
    arm_5                                    0x08000d99   Thumb Code    38  arm.o(.text)
    Driver_Init                              0x08000dd1   Thumb Code    54  driver.o(.text)
    TIM8_OPM_RCR_Init                        0x08000e07   Thumb Code   228  driver.o(.text)
    TIM8_UP_IRQHandler                       0x08000eeb   Thumb Code   198  driver.o(.text)
    TIM8_Startup                             0x08000fb1   Thumb Code   114  driver.o(.text)
    Locate_Rle                               0x08001023   Thumb Code   220  driver.o(.text)
    Locate_Abs                               0x080010ff   Thumb Code   402  driver.o(.text)
    TIM3_PWM_Init                            0x08001291   Thumb Code   320  wheel.o(.text)
    brake                                    0x080013d1   Thumb Code    72  wheel.o(.text)
    car_en_init                              0x08001419   Thumb Code    70  wheel.o(.text)
    l_f_p                                    0x0800145f   Thumb Code    22  wheel.o(.text)
    l_f_n                                    0x08001475   Thumb Code    22  wheel.o(.text)
    l_b_p                                    0x0800148b   Thumb Code    22  wheel.o(.text)
    l_b_n                                    0x080014a1   Thumb Code    22  wheel.o(.text)
    r_f_p                                    0x080014b7   Thumb Code    20  wheel.o(.text)
    r_f_n                                    0x080014cb   Thumb Code    20  wheel.o(.text)
    r_b_p                                    0x080014df   Thumb Code    20  wheel.o(.text)
    r_b_n                                    0x080014f3   Thumb Code    20  wheel.o(.text)
    car_advance                              0x08001507   Thumb Code    62  wheel.o(.text)
    car_back                                 0x08001545   Thumb Code    62  wheel.o(.text)
    car_left                                 0x08001583   Thumb Code    62  wheel.o(.text)
    car_right                                0x080015c1   Thumb Code    62  wheel.o(.text)
    car_right_rotation                       0x080015ff   Thumb Code    62  wheel.o(.text)
    car_left_rotation                        0x0800163d   Thumb Code    62  wheel.o(.text)
    car_left_front                           0x0800167b   Thumb Code   110  wheel.o(.text)
    car_right_back                           0x080016e9   Thumb Code    84  wheel.o(.text)
    car_left_back                            0x0800173d   Thumb Code    84  wheel.o(.text)
    car_right_front                          0x08001791   Thumb Code    84  wheel.o(.text)
    EXTIX_Init                               0x080017f5   Thumb Code   146  exti.o(.text)
    ceju                                     0x0800188d   Thumb Code   206  zidong.o(.text)
    jl_change                                0x0800195b   Thumb Code   150  zidong.o(.text)
    jiaozhunjl                               0x080019f1   Thumb Code    40  zidong.o(.text)
    delay_init                               0x08001a31   Thumb Code    50  delay.o(.text)
    delay_us                                 0x08001a63   Thumb Code    72  delay.o(.text)
    delay_ms                                 0x08001aab   Thumb Code    72  delay.o(.text)
    _sys_exit                                0x08001b05   Thumb Code     6  usart.o(.text)
    fputc                                    0x08001b0b   Thumb Code    24  usart.o(.text)
    USART1_printf                            0x08001b23   Thumb Code    82  usart.o(.text)
    USART1_Init                              0x08001b75   Thumb Code   152  usart.o(.text)
    USART1_IRQHandler                        0x08001c0d   Thumb Code    26  usart.o(.text)
    USART2_printf                            0x08001c27   Thumb Code    82  usart.o(.text)
    USART2_Init                              0x08001c79   Thumb Code   160  usart.o(.text)
    USART2_IRQHandler                        0x08001d19   Thumb Code   122  usart.o(.text)
    USART3_printf                            0x08001d93   Thumb Code    82  usart.o(.text)
    USART3_Init                              0x08001de5   Thumb Code   166  usart.o(.text)
    USART3_IRQHandler                        0x08001e8b   Thumb Code   162  usart.o(.text)
    I2C_GPIO_Init                            0x08001f2d   Thumb Code    46  i2c.o(.text)
    I2C_Configuration                        0x08001f5b   Thumb Code    62  i2c.o(.text)
    I2C_SAND_BUFFER                          0x08001f99   Thumb Code   132  i2c.o(.text)
    I2C_SAND_BYTE                            0x0800201d   Thumb Code   112  i2c.o(.text)
    I2C_READ_BUFFER                          0x0800208d   Thumb Code   218  i2c.o(.text)
    I2C_READ_BYTE                            0x08002167   Thumb Code   176  i2c.o(.text)
    Reset_Handler                            0x0800222d   Thumb Code     8  startup_stm32f10x_hd.o(.text)
    ADC1_2_IRQHandler                        0x08002247   Thumb Code     0  startup_stm32f10x_hd.o(.text)
    ADC3_IRQHandler                          0x08002247   Thumb Code     0  startup_stm32f10x_hd.o(.text)
    CAN1_RX1_IRQHandler                      0x08002247   Thumb Code     0  startup_stm32f10x_hd.o(.text)
    CAN1_SCE_IRQHandler                      0x08002247   Thumb Code     0  startup_stm32f10x_hd.o(.text)
    DMA1_Channel1_IRQHandler                 0x08002247   Thumb Code     0  startup_stm32f10x_hd.o(.text)
    DMA1_Channel2_IRQHandler                 0x08002247   Thumb Code     0  startup_stm32f10x_hd.o(.text)
    DMA1_Channel3_IRQHandler                 0x08002247   Thumb Code     0  startup_stm32f10x_hd.o(.text)
    DMA1_Channel4_IRQHandler                 0x08002247   Thumb Code     0  startup_stm32f10x_hd.o(.text)
    DMA1_Channel5_IRQHandler                 0x08002247   Thumb Code     0  startup_stm32f10x_hd.o(.text)
    DMA1_Channel6_IRQHandler                 0x08002247   Thumb Code     0  startup_stm32f10x_hd.o(.text)
    DMA1_Channel7_IRQHandler                 0x08002247   Thumb Code     0  startup_stm32f10x_hd.o(.text)
    DMA2_Channel1_IRQHandler                 0x08002247   Thumb Code     0  startup_stm32f10x_hd.o(.text)
    DMA2_Channel2_IRQHandler                 0x08002247   Thumb Code     0  startup_stm32f10x_hd.o(.text)
    DMA2_Channel3_IRQHandler                 0x08002247   Thumb Code     0  startup_stm32f10x_hd.o(.text)
    DMA2_Channel4_5_IRQHandler               0x08002247   Thumb Code     0  startup_stm32f10x_hd.o(.text)
    EXTI0_IRQHandler                         0x08002247   Thumb Code     0  startup_stm32f10x_hd.o(.text)
    EXTI15_10_IRQHandler                     0x08002247   Thumb Code     0  startup_stm32f10x_hd.o(.text)
    EXTI1_IRQHandler                         0x08002247   Thumb Code     0  startup_stm32f10x_hd.o(.text)
    EXTI2_IRQHandler                         0x08002247   Thumb Code     0  startup_stm32f10x_hd.o(.text)
    EXTI3_IRQHandler                         0x08002247   Thumb Code     0  startup_stm32f10x_hd.o(.text)
    EXTI4_IRQHandler                         0x08002247   Thumb Code     0  startup_stm32f10x_hd.o(.text)
    EXTI9_5_IRQHandler                       0x08002247   Thumb Code     0  startup_stm32f10x_hd.o(.text)
    FLASH_IRQHandler                         0x08002247   Thumb Code     0  startup_stm32f10x_hd.o(.text)
    FSMC_IRQHandler                          0x08002247   Thumb Code     0  startup_stm32f10x_hd.o(.text)
    I2C1_ER_IRQHandler                       0x08002247   Thumb Code     0  startup_stm32f10x_hd.o(.text)
    I2C1_EV_IRQHandler                       0x08002247   Thumb Code     0  startup_stm32f10x_hd.o(.text)
    I2C2_ER_IRQHandler                       0x08002247   Thumb Code     0  startup_stm32f10x_hd.o(.text)
    I2C2_EV_IRQHandler                       0x08002247   Thumb Code     0  startup_stm32f10x_hd.o(.text)
    PVD_IRQHandler                           0x08002247   Thumb Code     0  startup_stm32f10x_hd.o(.text)
    RCC_IRQHandler                           0x08002247   Thumb Code     0  startup_stm32f10x_hd.o(.text)
    RTCAlarm_IRQHandler                      0x08002247   Thumb Code     0  startup_stm32f10x_hd.o(.text)
    RTC_IRQHandler                           0x08002247   Thumb Code     0  startup_stm32f10x_hd.o(.text)
    SDIO_IRQHandler                          0x08002247   Thumb Code     0  startup_stm32f10x_hd.o(.text)
    SPI1_IRQHandler                          0x08002247   Thumb Code     0  startup_stm32f10x_hd.o(.text)
    SPI2_IRQHandler                          0x08002247   Thumb Code     0  startup_stm32f10x_hd.o(.text)
    SPI3_IRQHandler                          0x08002247   Thumb Code     0  startup_stm32f10x_hd.o(.text)
    TAMPER_IRQHandler                        0x08002247   Thumb Code     0  startup_stm32f10x_hd.o(.text)
    TIM1_BRK_IRQHandler                      0x08002247   Thumb Code     0  startup_stm32f10x_hd.o(.text)
    TIM1_CC_IRQHandler                       0x08002247   Thumb Code     0  startup_stm32f10x_hd.o(.text)
    TIM1_TRG_COM_IRQHandler                  0x08002247   Thumb Code     0  startup_stm32f10x_hd.o(.text)
    TIM1_UP_IRQHandler                       0x08002247   Thumb Code     0  startup_stm32f10x_hd.o(.text)
    TIM2_IRQHandler                          0x08002247   Thumb Code     0  startup_stm32f10x_hd.o(.text)
    TIM3_IRQHandler                          0x08002247   Thumb Code     0  startup_stm32f10x_hd.o(.text)
    TIM4_IRQHandler                          0x08002247   Thumb Code     0  startup_stm32f10x_hd.o(.text)
    TIM5_IRQHandler                          0x08002247   Thumb Code     0  startup_stm32f10x_hd.o(.text)
    TIM6_IRQHandler                          0x08002247   Thumb Code     0  startup_stm32f10x_hd.o(.text)
    TIM7_IRQHandler                          0x08002247   Thumb Code     0  startup_stm32f10x_hd.o(.text)
    TIM8_BRK_IRQHandler                      0x08002247   Thumb Code     0  startup_stm32f10x_hd.o(.text)
    TIM8_CC_IRQHandler                       0x08002247   Thumb Code     0  startup_stm32f10x_hd.o(.text)
    TIM8_TRG_COM_IRQHandler                  0x08002247   Thumb Code     0  startup_stm32f10x_hd.o(.text)
    UART4_IRQHandler                         0x08002247   Thumb Code     0  startup_stm32f10x_hd.o(.text)
    UART5_IRQHandler                         0x08002247   Thumb Code     0  startup_stm32f10x_hd.o(.text)
    USBWakeUp_IRQHandler                     0x08002247   Thumb Code     0  startup_stm32f10x_hd.o(.text)
    USB_HP_CAN1_TX_IRQHandler                0x08002247   Thumb Code     0  startup_stm32f10x_hd.o(.text)
    USB_LP_CAN1_RX0_IRQHandler               0x08002247   Thumb Code     0  startup_stm32f10x_hd.o(.text)
    WWDG_IRQHandler                          0x08002247   Thumb Code     0  startup_stm32f10x_hd.o(.text)
    __user_initial_stackheap                 0x08002249   Thumb Code     0  startup_stm32f10x_hd.o(.text)
    GPIO_DeInit                              0x0800226d   Thumb Code   172  stm32f10x_gpio.o(.text)
    GPIO_AFIODeInit                          0x08002319   Thumb Code    20  stm32f10x_gpio.o(.text)
    GPIO_Init                                0x0800232d   Thumb Code   278  stm32f10x_gpio.o(.text)
    GPIO_StructInit                          0x08002443   Thumb Code    16  stm32f10x_gpio.o(.text)
    GPIO_ReadInputDataBit                    0x08002453   Thumb Code    18  stm32f10x_gpio.o(.text)
    GPIO_ReadInputData                       0x08002465   Thumb Code     8  stm32f10x_gpio.o(.text)
    GPIO_ReadOutputDataBit                   0x0800246d   Thumb Code    18  stm32f10x_gpio.o(.text)
    GPIO_ReadOutputData                      0x0800247f   Thumb Code     8  stm32f10x_gpio.o(.text)
    GPIO_SetBits                             0x08002487   Thumb Code     4  stm32f10x_gpio.o(.text)
    GPIO_ResetBits                           0x0800248b   Thumb Code     4  stm32f10x_gpio.o(.text)
    GPIO_WriteBit                            0x0800248f   Thumb Code    10  stm32f10x_gpio.o(.text)
    GPIO_Write                               0x08002499   Thumb Code     4  stm32f10x_gpio.o(.text)
    GPIO_PinLockConfig                       0x0800249d   Thumb Code    18  stm32f10x_gpio.o(.text)
    GPIO_EventOutputConfig                   0x080024af   Thumb Code    26  stm32f10x_gpio.o(.text)
    GPIO_EventOutputCmd                      0x080024c9   Thumb Code     6  stm32f10x_gpio.o(.text)
    GPIO_PinRemapConfig                      0x080024cf   Thumb Code   138  stm32f10x_gpio.o(.text)
    GPIO_EXTILineConfig                      0x08002559   Thumb Code    66  stm32f10x_gpio.o(.text)
    GPIO_ETH_MediaInterfaceConfig            0x0800259b   Thumb Code     8  stm32f10x_gpio.o(.text)
    RCC_DeInit                               0x080025c9   Thumb Code    64  stm32f10x_rcc.o(.text)
    RCC_HSEConfig                            0x08002609   Thumb Code    70  stm32f10x_rcc.o(.text)
    RCC_GetFlagStatus                        0x0800264f   Thumb Code    56  stm32f10x_rcc.o(.text)
    RCC_WaitForHSEStartUp                    0x08002687   Thumb Code    56  stm32f10x_rcc.o(.text)
    RCC_AdjustHSICalibrationValue            0x080026bf   Thumb Code    20  stm32f10x_rcc.o(.text)
    RCC_HSICmd                               0x080026d3   Thumb Code     6  stm32f10x_rcc.o(.text)
    RCC_PLLConfig                            0x080026d9   Thumb Code    24  stm32f10x_rcc.o(.text)
    RCC_PLLCmd                               0x080026f1   Thumb Code     6  stm32f10x_rcc.o(.text)
    RCC_SYSCLKConfig                         0x080026f7   Thumb Code    18  stm32f10x_rcc.o(.text)
    RCC_GetSYSCLKSource                      0x08002709   Thumb Code    10  stm32f10x_rcc.o(.text)
    RCC_HCLKConfig                           0x08002713   Thumb Code    18  stm32f10x_rcc.o(.text)
    RCC_PCLK1Config                          0x08002725   Thumb Code    18  stm32f10x_rcc.o(.text)
    RCC_PCLK2Config                          0x08002737   Thumb Code    20  stm32f10x_rcc.o(.text)
    RCC_ITConfig                             0x0800274b   Thumb Code    26  stm32f10x_rcc.o(.text)
    RCC_USBCLKConfig                         0x08002765   Thumb Code     8  stm32f10x_rcc.o(.text)
    RCC_ADCCLKConfig                         0x0800276d   Thumb Code    18  stm32f10x_rcc.o(.text)
    RCC_LSEConfig                            0x0800277f   Thumb Code    50  stm32f10x_rcc.o(.text)
    RCC_LSICmd                               0x080027b1   Thumb Code     6  stm32f10x_rcc.o(.text)
    RCC_RTCCLKConfig                         0x080027b7   Thumb Code    12  stm32f10x_rcc.o(.text)
    RCC_RTCCLKCmd                            0x080027c3   Thumb Code     8  stm32f10x_rcc.o(.text)
    RCC_GetClocksFreq                        0x080027cb   Thumb Code   192  stm32f10x_rcc.o(.text)
    RCC_AHBPeriphClockCmd                    0x0800288b   Thumb Code    26  stm32f10x_rcc.o(.text)
    RCC_APB2PeriphClockCmd                   0x080028a5   Thumb Code    26  stm32f10x_rcc.o(.text)
    RCC_APB1PeriphClockCmd                   0x080028bf   Thumb Code    26  stm32f10x_rcc.o(.text)
    RCC_APB2PeriphResetCmd                   0x080028d9   Thumb Code    26  stm32f10x_rcc.o(.text)
    RCC_APB1PeriphResetCmd                   0x080028f3   Thumb Code    26  stm32f10x_rcc.o(.text)
    RCC_BackupResetCmd                       0x0800290d   Thumb Code     8  stm32f10x_rcc.o(.text)
    RCC_ClockSecuritySystemCmd               0x08002915   Thumb Code     6  stm32f10x_rcc.o(.text)
    RCC_MCOConfig                            0x0800291b   Thumb Code     6  stm32f10x_rcc.o(.text)
    RCC_ClearFlag                            0x08002921   Thumb Code    14  stm32f10x_rcc.o(.text)
    RCC_GetITStatus                          0x0800292f   Thumb Code    20  stm32f10x_rcc.o(.text)
    RCC_ClearITPendingBit                    0x08002943   Thumb Code     6  stm32f10x_rcc.o(.text)
    USART_DeInit                             0x0800296d   Thumb Code   134  stm32f10x_usart.o(.text)
    USART_Init                               0x080029f3   Thumb Code   210  stm32f10x_usart.o(.text)
    USART_StructInit                         0x08002ac5   Thumb Code    24  stm32f10x_usart.o(.text)
    USART_ClockInit                          0x08002add   Thumb Code    34  stm32f10x_usart.o(.text)
    USART_ClockStructInit                    0x08002aff   Thumb Code    12  stm32f10x_usart.o(.text)
    USART_Cmd                                0x08002b0b   Thumb Code    24  stm32f10x_usart.o(.text)
    USART_ITConfig                           0x08002b23   Thumb Code    74  stm32f10x_usart.o(.text)
    USART_DMACmd                             0x08002b6d   Thumb Code    18  stm32f10x_usart.o(.text)
    USART_SetAddress                         0x08002b7f   Thumb Code    18  stm32f10x_usart.o(.text)
    USART_WakeUpConfig                       0x08002b91   Thumb Code    18  stm32f10x_usart.o(.text)
    USART_ReceiverWakeUpCmd                  0x08002ba3   Thumb Code    24  stm32f10x_usart.o(.text)
    USART_LINBreakDetectLengthConfig         0x08002bbb   Thumb Code    18  stm32f10x_usart.o(.text)
    USART_LINCmd                             0x08002bcd   Thumb Code    24  stm32f10x_usart.o(.text)
    USART_SendData                           0x08002be5   Thumb Code     8  stm32f10x_usart.o(.text)
    USART_ReceiveData                        0x08002bed   Thumb Code    10  stm32f10x_usart.o(.text)
    USART_SendBreak                          0x08002bf7   Thumb Code    10  stm32f10x_usart.o(.text)
    USART_SetGuardTime                       0x08002c01   Thumb Code    16  stm32f10x_usart.o(.text)
    USART_SetPrescaler                       0x08002c11   Thumb Code    16  stm32f10x_usart.o(.text)
    USART_SmartCardCmd                       0x08002c21   Thumb Code    24  stm32f10x_usart.o(.text)
    USART_SmartCardNACKCmd                   0x08002c39   Thumb Code    24  stm32f10x_usart.o(.text)
    USART_HalfDuplexCmd                      0x08002c51   Thumb Code    24  stm32f10x_usart.o(.text)
    USART_OverSampling8Cmd                   0x08002c69   Thumb Code    22  stm32f10x_usart.o(.text)
    USART_OneBitMethodCmd                    0x08002c7f   Thumb Code    24  stm32f10x_usart.o(.text)
    USART_IrDAConfig                         0x08002c97   Thumb Code    18  stm32f10x_usart.o(.text)
    USART_IrDACmd                            0x08002ca9   Thumb Code    24  stm32f10x_usart.o(.text)
    USART_GetFlagStatus                      0x08002cc1   Thumb Code    26  stm32f10x_usart.o(.text)
    USART_ClearFlag                          0x08002cdb   Thumb Code    18  stm32f10x_usart.o(.text)
    USART_GetITStatus                        0x08002ced   Thumb Code    84  stm32f10x_usart.o(.text)
    USART_ClearITPendingBit                  0x08002d41   Thumb Code    52  stm32f10x_usart.o(.text)
    NVIC_PriorityGroupConfig                 0x08002d75   Thumb Code    10  misc.o(.text)
    NVIC_Init                                0x08002d7f   Thumb Code   100  misc.o(.text)
    NVIC_SetVectorTable                      0x08002de3   Thumb Code    14  misc.o(.text)
    NVIC_SystemLPConfig                      0x08002df1   Thumb Code    34  misc.o(.text)
    SysTick_CLKSourceConfig                  0x08002e13   Thumb Code    40  misc.o(.text)
    TIM_DeInit                               0x08002e51   Thumb Code   424  stm32f10x_tim.o(.text)
    TIM_TimeBaseInit                         0x08002ff9   Thumb Code   122  stm32f10x_tim.o(.text)
    TIM_OC1Init                              0x08003073   Thumb Code   132  stm32f10x_tim.o(.text)
    TIM_OC2Init                              0x080030f7   Thumb Code   154  stm32f10x_tim.o(.text)
    TIM_OC3Init                              0x08003191   Thumb Code   150  stm32f10x_tim.o(.text)
    TIM_OC4Init                              0x08003227   Thumb Code   182  stm32f10x_tim.o(.text)
    TIM_SetIC4Prescaler                      0x080032dd   Thumb Code    26  stm32f10x_tim.o(.text)
    TIM_SetIC3Prescaler                      0x08003379   Thumb Code    18  stm32f10x_tim.o(.text)
    TIM_SetIC2Prescaler                      0x08003405   Thumb Code    26  stm32f10x_tim.o(.text)
    TIM_SetIC1Prescaler                      0x080034a1   Thumb Code    18  stm32f10x_tim.o(.text)
    TIM_ICInit                               0x0800351f   Thumb Code   150  stm32f10x_tim.o(.text)
    TIM_PWMIConfig                           0x080035b5   Thumb Code   124  stm32f10x_tim.o(.text)
    TIM_BDTRConfig                           0x08003631   Thumb Code    32  stm32f10x_tim.o(.text)
    TIM_TimeBaseStructInit                   0x08003651   Thumb Code    18  stm32f10x_tim.o(.text)
    TIM_OCStructInit                         0x08003663   Thumb Code    20  stm32f10x_tim.o(.text)
    TIM_ICStructInit                         0x08003677   Thumb Code    18  stm32f10x_tim.o(.text)
    TIM_BDTRStructInit                       0x08003689   Thumb Code    40  stm32f10x_tim.o(.text)
    TIM_Cmd                                  0x080036b1   Thumb Code    24  stm32f10x_tim.o(.text)
    TIM_CtrlPWMOutputs                       0x080036c9   Thumb Code    30  stm32f10x_tim.o(.text)
    TIM_ITConfig                             0x080036e7   Thumb Code    18  stm32f10x_tim.o(.text)
    TIM_GenerateEvent                        0x080036f9   Thumb Code     4  stm32f10x_tim.o(.text)
    TIM_DMAConfig                            0x080036fd   Thumb Code    10  stm32f10x_tim.o(.text)
    TIM_DMACmd                               0x08003707   Thumb Code    18  stm32f10x_tim.o(.text)
    TIM_InternalClockConfig                  0x08003719   Thumb Code    12  stm32f10x_tim.o(.text)
    TIM_SelectInputTrigger                   0x08003725   Thumb Code    18  stm32f10x_tim.o(.text)
    TIM_ITRxExternalClockConfig              0x08003737   Thumb Code    24  stm32f10x_tim.o(.text)
    TIM_TIxExternalClockConfig               0x0800374f   Thumb Code    62  stm32f10x_tim.o(.text)
    TIM_ETRConfig                            0x0800378d   Thumb Code    28  stm32f10x_tim.o(.text)
    TIM_ETRClockMode1Config                  0x080037a9   Thumb Code    54  stm32f10x_tim.o(.text)
    TIM_ETRClockMode2Config                  0x080037df   Thumb Code    32  stm32f10x_tim.o(.text)
    TIM_PrescalerConfig                      0x080037ff   Thumb Code     6  stm32f10x_tim.o(.text)
    TIM_CounterModeConfig                    0x08003805   Thumb Code    18  stm32f10x_tim.o(.text)
    TIM_EncoderInterfaceConfig               0x08003817   Thumb Code    66  stm32f10x_tim.o(.text)
    TIM_ForcedOC1Config                      0x08003859   Thumb Code    18  stm32f10x_tim.o(.text)
    TIM_ForcedOC2Config                      0x0800386b   Thumb Code    26  stm32f10x_tim.o(.text)
    TIM_ForcedOC3Config                      0x08003885   Thumb Code    18  stm32f10x_tim.o(.text)
    TIM_ForcedOC4Config                      0x08003897   Thumb Code    26  stm32f10x_tim.o(.text)
    TIM_ARRPreloadConfig                     0x080038b1   Thumb Code    24  stm32f10x_tim.o(.text)
    TIM_SelectCOM                            0x080038c9   Thumb Code    24  stm32f10x_tim.o(.text)
    TIM_SelectCCDMA                          0x080038e1   Thumb Code    24  stm32f10x_tim.o(.text)
    TIM_CCPreloadControl                     0x080038f9   Thumb Code    24  stm32f10x_tim.o(.text)
    TIM_OC1PreloadConfig                     0x08003911   Thumb Code    18  stm32f10x_tim.o(.text)
    TIM_OC2PreloadConfig                     0x08003923   Thumb Code    26  stm32f10x_tim.o(.text)
    TIM_OC3PreloadConfig                     0x0800393d   Thumb Code    18  stm32f10x_tim.o(.text)
    TIM_OC4PreloadConfig                     0x0800394f   Thumb Code    26  stm32f10x_tim.o(.text)
    TIM_OC1FastConfig                        0x08003969   Thumb Code    18  stm32f10x_tim.o(.text)
    TIM_OC2FastConfig                        0x0800397b   Thumb Code    26  stm32f10x_tim.o(.text)
    TIM_OC3FastConfig                        0x08003995   Thumb Code    18  stm32f10x_tim.o(.text)
    TIM_OC4FastConfig                        0x080039a7   Thumb Code    26  stm32f10x_tim.o(.text)
    TIM_ClearOC1Ref                          0x080039c1   Thumb Code    18  stm32f10x_tim.o(.text)
    TIM_ClearOC2Ref                          0x080039d3   Thumb Code    24  stm32f10x_tim.o(.text)
    TIM_ClearOC3Ref                          0x080039eb   Thumb Code    18  stm32f10x_tim.o(.text)
    TIM_ClearOC4Ref                          0x080039fd   Thumb Code    24  stm32f10x_tim.o(.text)
    TIM_OC1PolarityConfig                    0x08003a15   Thumb Code    18  stm32f10x_tim.o(.text)
    TIM_OC1NPolarityConfig                   0x08003a27   Thumb Code    18  stm32f10x_tim.o(.text)
    TIM_OC2PolarityConfig                    0x08003a39   Thumb Code    26  stm32f10x_tim.o(.text)
    TIM_OC2NPolarityConfig                   0x08003a53   Thumb Code    26  stm32f10x_tim.o(.text)
    TIM_OC3PolarityConfig                    0x08003a6d   Thumb Code    26  stm32f10x_tim.o(.text)
    TIM_OC3NPolarityConfig                   0x08003a87   Thumb Code    26  stm32f10x_tim.o(.text)
    TIM_OC4PolarityConfig                    0x08003aa1   Thumb Code    26  stm32f10x_tim.o(.text)
    TIM_CCxCmd                               0x08003abb   Thumb Code    30  stm32f10x_tim.o(.text)
    TIM_CCxNCmd                              0x08003ad9   Thumb Code    30  stm32f10x_tim.o(.text)
    TIM_SelectOCxM                           0x08003af7   Thumb Code    82  stm32f10x_tim.o(.text)
    TIM_UpdateDisableConfig                  0x08003b49   Thumb Code    24  stm32f10x_tim.o(.text)
    TIM_UpdateRequestConfig                  0x08003b61   Thumb Code    24  stm32f10x_tim.o(.text)
    TIM_SelectHallSensor                     0x08003b79   Thumb Code    24  stm32f10x_tim.o(.text)
    TIM_SelectOnePulseMode                   0x08003b91   Thumb Code    18  stm32f10x_tim.o(.text)
    TIM_SelectOutputTrigger                  0x08003ba3   Thumb Code    18  stm32f10x_tim.o(.text)
    TIM_SelectSlaveMode                      0x08003bb5   Thumb Code    18  stm32f10x_tim.o(.text)
    TIM_SelectMasterSlaveMode                0x08003bc7   Thumb Code    18  stm32f10x_tim.o(.text)
    TIM_SetCounter                           0x08003bd9   Thumb Code     4  stm32f10x_tim.o(.text)
    TIM_SetAutoreload                        0x08003bdd   Thumb Code     4  stm32f10x_tim.o(.text)
    TIM_SetCompare1                          0x08003be1   Thumb Code     4  stm32f10x_tim.o(.text)
    TIM_SetCompare2                          0x08003be5   Thumb Code     4  stm32f10x_tim.o(.text)
    TIM_SetCompare3                          0x08003be9   Thumb Code     4  stm32f10x_tim.o(.text)
    TIM_SetCompare4                          0x08003bed   Thumb Code     6  stm32f10x_tim.o(.text)
    TIM_SetClockDivision                     0x08003bf3   Thumb Code    18  stm32f10x_tim.o(.text)
    TIM_GetCapture1                          0x08003c05   Thumb Code     6  stm32f10x_tim.o(.text)
    TIM_GetCapture2                          0x08003c0b   Thumb Code     6  stm32f10x_tim.o(.text)
    TIM_GetCapture3                          0x08003c11   Thumb Code     6  stm32f10x_tim.o(.text)
    TIM_GetCapture4                          0x08003c17   Thumb Code     8  stm32f10x_tim.o(.text)
    TIM_GetCounter                           0x08003c1f   Thumb Code     6  stm32f10x_tim.o(.text)
    TIM_GetPrescaler                         0x08003c25   Thumb Code     6  stm32f10x_tim.o(.text)
    TIM_GetFlagStatus                        0x08003c2b   Thumb Code    18  stm32f10x_tim.o(.text)
    TIM_ClearFlag                            0x08003c3d   Thumb Code     6  stm32f10x_tim.o(.text)
    TIM_GetITStatus                          0x08003c43   Thumb Code    34  stm32f10x_tim.o(.text)
    TIM_ClearITPendingBit                    0x08003c65   Thumb Code     6  stm32f10x_tim.o(.text)
    I2C_DeInit                               0x08003c6d   Thumb Code    50  stm32f10x_i2c.o(.text)
    I2C_Init                                 0x08003c9f   Thumb Code   222  stm32f10x_i2c.o(.text)
    I2C_StructInit                           0x08003d7d   Thumb Code    30  stm32f10x_i2c.o(.text)
    I2C_Cmd                                  0x08003d9b   Thumb Code    24  stm32f10x_i2c.o(.text)
    I2C_DMACmd                               0x08003db3   Thumb Code    24  stm32f10x_i2c.o(.text)
    I2C_DMALastTransferCmd                   0x08003dcb   Thumb Code    24  stm32f10x_i2c.o(.text)
    I2C_GenerateSTART                        0x08003de3   Thumb Code    24  stm32f10x_i2c.o(.text)
    I2C_GenerateSTOP                         0x08003dfb   Thumb Code    24  stm32f10x_i2c.o(.text)
    I2C_AcknowledgeConfig                    0x08003e13   Thumb Code    24  stm32f10x_i2c.o(.text)
    I2C_OwnAddress2Config                    0x08003e2b   Thumb Code    22  stm32f10x_i2c.o(.text)
    I2C_DualAddressCmd                       0x08003e41   Thumb Code    24  stm32f10x_i2c.o(.text)
    I2C_GeneralCallCmd                       0x08003e59   Thumb Code    24  stm32f10x_i2c.o(.text)
    I2C_ITConfig                             0x08003e71   Thumb Code    18  stm32f10x_i2c.o(.text)
    I2C_SendData                             0x08003e83   Thumb Code     4  stm32f10x_i2c.o(.text)
    I2C_ReceiveData                          0x08003e87   Thumb Code     8  stm32f10x_i2c.o(.text)
    I2C_Send7bitAddress                      0x08003e8f   Thumb Code    18  stm32f10x_i2c.o(.text)
    I2C_ReadRegister                         0x08003ea1   Thumb Code    22  stm32f10x_i2c.o(.text)
    I2C_SoftwareResetCmd                     0x08003eb7   Thumb Code    22  stm32f10x_i2c.o(.text)
    I2C_NACKPositionConfig                   0x08003ecd   Thumb Code    28  stm32f10x_i2c.o(.text)
    I2C_SMBusAlertConfig                     0x08003ee9   Thumb Code    28  stm32f10x_i2c.o(.text)
    I2C_TransmitPEC                          0x08003f05   Thumb Code    24  stm32f10x_i2c.o(.text)
    I2C_PECPositionConfig                    0x08003f1d   Thumb Code    28  stm32f10x_i2c.o(.text)
    I2C_CalculatePEC                         0x08003f39   Thumb Code    24  stm32f10x_i2c.o(.text)
    I2C_GetPEC                               0x08003f51   Thumb Code     8  stm32f10x_i2c.o(.text)
    I2C_ARPCmd                               0x08003f59   Thumb Code    24  stm32f10x_i2c.o(.text)
    I2C_StretchClockCmd                      0x08003f71   Thumb Code    24  stm32f10x_i2c.o(.text)
    I2C_FastModeDutyCycleConfig              0x08003f89   Thumb Code    28  stm32f10x_i2c.o(.text)
    I2C_CheckEvent                           0x08003fa5   Thumb Code    42  stm32f10x_i2c.o(.text)
    I2C_GetLastEvent                         0x08003fcf   Thumb Code    26  stm32f10x_i2c.o(.text)
    I2C_GetFlagStatus                        0x08003fe9   Thumb Code    58  stm32f10x_i2c.o(.text)
    I2C_ClearFlag                            0x08004023   Thumb Code    12  stm32f10x_i2c.o(.text)
    I2C_GetITStatus                          0x0800402f   Thumb Code    54  stm32f10x_i2c.o(.text)
    I2C_ClearITPendingBit                    0x08004065   Thumb Code    12  stm32f10x_i2c.o(.text)
    EXTI_DeInit                              0x08004071   Thumb Code    28  stm32f10x_exti.o(.text)
    EXTI_Init                                0x0800408d   Thumb Code   142  stm32f10x_exti.o(.text)
    EXTI_StructInit                          0x0800411b   Thumb Code    16  stm32f10x_exti.o(.text)
    EXTI_GenerateSWInterrupt                 0x0800412b   Thumb Code    16  stm32f10x_exti.o(.text)
    EXTI_GetFlagStatus                       0x0800413b   Thumb Code    22  stm32f10x_exti.o(.text)
    EXTI_ClearFlag                           0x08004151   Thumb Code     8  stm32f10x_exti.o(.text)
    EXTI_GetITStatus                         0x08004159   Thumb Code    34  stm32f10x_exti.o(.text)
    EXTI_ClearITPendingBit                   0x0800417b   Thumb Code     8  stm32f10x_exti.o(.text)
    __use_no_semihosting                     0x0800418d   Thumb Code     2  use_no_semi_2.o(.text)
    __c89vsnprintf                           0x08004191   Thumb Code    48  c89vsnprintf.o(.text)
    __2printf                                0x080041c5   Thumb Code    20  __2printf.o(.text)
    _printf_int_dec                          0x080041dd   Thumb Code   104  _printf_dec.o(.text)
    __printf                                 0x08004255   Thumb Code   388  __printf_flags_ss_wp.o(.text)
    strlen                                   0x080043dd   Thumb Code    62  strlen.o(.text)
    __aeabi_memcpy4                          0x0800441b   Thumb Code     0  rt_memcpy_w.o(.text)
    __aeabi_memcpy8                          0x0800441b   Thumb Code     0  rt_memcpy_w.o(.text)
    __rt_memcpy_w                            0x0800441b   Thumb Code   100  rt_memcpy_w.o(.text)
    _memcpy_lastbytes_aligned                0x08004463   Thumb Code     0  rt_memcpy_w.o(.text)
    __use_two_region_memory                  0x0800447f   Thumb Code     2  heapauxi.o(.text)
    __rt_heap_escrow$2region                 0x08004481   Thumb Code     2  heapauxi.o(.text)
    __rt_heap_expand$2region                 0x08004483   Thumb Code     2  heapauxi.o(.text)
    __I$use$semihosting                      0x08004485   Thumb Code     0  use_no_semi.o(.text)
    __use_no_semihosting_swi                 0x08004485   Thumb Code     2  use_no_semi.o(.text)
    _printf_pre_padding                      0x08004487   Thumb Code    44  _printf_pad.o(.text)
    _printf_post_padding                     0x080044b3   Thumb Code    34  _printf_pad.o(.text)
    _printf_truncate_signed                  0x080044d5   Thumb Code    18  _printf_truncate.o(.text)
    _printf_truncate_unsigned                0x080044e7   Thumb Code    18  _printf_truncate.o(.text)
    _printf_str                              0x080044f9   Thumb Code    82  _printf_str.o(.text)
    _printf_int_common                       0x0800454b   Thumb Code   178  _printf_intcommon.o(.text)
    _printf_charcount                        0x080045fd   Thumb Code    40  _printf_charcount.o(.text)
    _printf_char_common                      0x0800462f   Thumb Code    32  _printf_char_common.o(.text)
    _sputc                                   0x08004655   Thumb Code    10  _sputc.o(.text)
    _snputc                                  0x0800465f   Thumb Code    16  _snputc.o(.text)
    _printf_char_file                        0x08004671   Thumb Code    32  _printf_char_file.o(.text)
    _printf_wctomb                           0x08004695   Thumb Code   182  _printf_wctomb.o(.text)
    _printf_longlong_dec                     0x08004751   Thumb Code   108  _printf_longlong_dec.o(.text)
    _printf_longlong_oct                     0x080047cd   Thumb Code    66  _printf_oct_int_ll.o(.text)
    _printf_int_oct                          0x0800480f   Thumb Code    24  _printf_oct_int_ll.o(.text)
    _printf_ll_oct                           0x08004827   Thumb Code    12  _printf_oct_int_ll.o(.text)
    _printf_longlong_hex                     0x0800483d   Thumb Code    86  _printf_hex_int_ll_ptr.o(.text)
    _printf_int_hex                          0x08004893   Thumb Code    28  _printf_hex_int_ll_ptr.o(.text)
    _printf_ll_hex                           0x080048af   Thumb Code    12  _printf_hex_int_ll_ptr.o(.text)
    _printf_hex_ptr                          0x080048bb   Thumb Code    18  _printf_hex_int_ll_ptr.o(.text)
    _ll_udiv10                               0x080048d1   Thumb Code   138  lludiv10.o(.text)
    __lib_sel_fp_printf                      0x0800495b   Thumb Code     2  _printf_fp_dec.o(.text)
    _printf_fp_dec_real                      0x08004b0d   Thumb Code   620  _printf_fp_dec.o(.text)
    _printf_cs_common                        0x08004d79   Thumb Code    20  _printf_char.o(.text)
    _printf_char                             0x08004d8d   Thumb Code    16  _printf_char.o(.text)
    _printf_string                           0x08004d9d   Thumb Code     8  _printf_char.o(.text)
    _printf_lcs_common                       0x08004da5   Thumb Code    20  _printf_wchar.o(.text)
    _printf_wchar                            0x08004db9   Thumb Code    16  _printf_wchar.o(.text)
    _printf_wstring                          0x08004dc9   Thumb Code     8  _printf_wchar.o(.text)
    ferror                                   0x08004dd1   Thumb Code     8  ferror.o(.text)
    _wcrtomb                                 0x08004dd9   Thumb Code    64  _wcrtomb.o(.text)
    __user_setup_stackheap                   0x08004e19   Thumb Code    74  sys_stackheap_outer.o(.text)
    __rt_ctype_table                         0x08004e65   Thumb Code    16  rt_ctype_table.o(.text)
    __rt_locale                              0x08004e75   Thumb Code     8  rt_locale_intlibspace.o(.text)
    _printf_fp_infnan                        0x08004e7d   Thumb Code   112  _printf_fp_infnan.o(.text)
    _btod_etento                             0x08004efd   Thumb Code   224  bigflt0.o(.text)
    exit                                     0x08004fe1   Thumb Code    18  exit.o(.text)
    __user_libspace                          0x08004ff5   Thumb Code     8  libspace.o(.text)
    __user_perproc_libspace                  0x08004ff5   Thumb Code     0  libspace.o(.text)
    __user_perthread_libspace                0x08004ff5   Thumb Code     0  libspace.o(.text)
    strcmp                                   0x08004ffd   Thumb Code   128  strcmpv7m.o(.text)
    _btod_d2e                                0x0800507d   Thumb Code    62  btod.o(CL$$btod_d2e)
    _d2e_denorm_low                          0x080050bb   Thumb Code    70  btod.o(CL$$btod_d2e_denorm_low)
    _d2e_norm_op1                            0x08005101   Thumb Code    96  btod.o(CL$$btod_d2e_norm_op1)
    __btod_div_common                        0x08005161   Thumb Code   696  btod.o(CL$$btod_div_common)
    _e2e                                     0x08005499   Thumb Code   220  btod.o(CL$$btod_e2e)
    _btod_ediv                               0x08005575   Thumb Code    42  btod.o(CL$$btod_ediv)
    _btod_emul                               0x0800559f   Thumb Code    42  btod.o(CL$$btod_emul)
    __btod_mult_common                       0x080055c9   Thumb Code   580  btod.o(CL$$btod_mult_common)
    __ARM_fpclassify                         0x0800580d   Thumb Code    40  fpclassify.o(i.__ARM_fpclassify)
    _is_digit                                0x08005835   Thumb Code    14  __printf_wp.o(i._is_digit)
    _get_lc_numeric                          0x08005845   Thumb Code    44  lc_numeric_c.o(locale$$code)
    _get_lc_ctype                            0x08005871   Thumb Code    44  lc_ctype_c.o(locale$$code)
    __aeabi_dadd                             0x0800589d   Thumb Code     0  daddsub_clz.o(x$fpl$dadd)
    _dadd                                    0x0800589d   Thumb Code   332  daddsub_clz.o(x$fpl$dadd)
    __aeabi_d2iz                             0x080059ed   Thumb Code     0  dfix.o(x$fpl$dfix)
    _dfix                                    0x080059ed   Thumb Code    94  dfix.o(x$fpl$dfix)
    __aeabi_i2d                              0x08005a4b   Thumb Code     0  dflt_clz.o(x$fpl$dflt)
    _dflt                                    0x08005a4b   Thumb Code    46  dflt_clz.o(x$fpl$dflt)
    __aeabi_ui2d                             0x08005a79   Thumb Code     0  dflt_clz.o(x$fpl$dfltu)
    _dfltu                                   0x08005a79   Thumb Code    38  dflt_clz.o(x$fpl$dfltu)
    __aeabi_dmul                             0x08005aa1   Thumb Code     0  dmul.o(x$fpl$dmul)
    _dmul                                    0x08005aa1   Thumb Code   332  dmul.o(x$fpl$dmul)
    __fpl_dnaninf                            0x08005bf5   Thumb Code   156  dnaninf.o(x$fpl$dnaninf)
    __fpl_dretinf                            0x08005c91   Thumb Code    12  dretinf.o(x$fpl$dretinf)
    __aeabi_dsub                             0x08005c9d   Thumb Code     0  daddsub_clz.o(x$fpl$dsub)
    _dsub                                    0x08005c9d   Thumb Code   464  daddsub_clz.o(x$fpl$dsub)
    _printf_fp_dec                           0x08005e71   Thumb Code     4  printf1.o(x$fpl$printf1)
    ASCII_8x16                               0x08005e74   Data        1536  oled0561.o(.constdata)
    __I$use$fp                               0x08005e74   Number         0  usenofp.o(x$fpl$usenofp)
    GB_16                                    0x08006474   Data         128  oled0561.o(.constdata)
    PIC1                                     0x080064f4   Data        1024  oled0561.o(.constdata)
    Region$$Table$$Base                      0x08006a14   Number         0  anon$$obj.o(Region$$Table)
    Region$$Table$$Limit                     0x08006a34   Number         0  anon$$obj.o(Region$$Table)
    __ctype                                  0x08006a5d   Data           0  lc_ctype_c.o(locale$$data)
    run_sta                                  0x20000000   Data           1  main.o(.data)
    xxx                                      0x20000001   Data           1  main.o(.data)
    t                                        0x20000002   Data           1  main.o(.data)
    speed                                    0x20000004   Data           4  main.o(.data)
    SystemCoreClock                          0x20000008   Data           4  system_stm32f10x.o(.data)
    AHBPrescTable                            0x2000000c   Data          16  system_stm32f10x.o(.data)
    angle1                                   0x2000001c   Data           2  arm.o(.data)
    angle2                                   0x2000001e   Data           2  arm.o(.data)
    angle3                                   0x20000020   Data           2  arm.o(.data)
    angle4                                   0x20000022   Data           2  arm.o(.data)
    angle5                                   0x20000024   Data           2  arm.o(.data)
    angle6                                   0x20000026   Data           2  arm.o(.data)
    time                                     0x20000028   Data           1  arm.o(.data)
    buf                                      0x20000029   Data          30  arm.o(.data)
    angledata                                0x20000048   Data          12  arm.o(.data)
    rcr_remainder                            0x20000054   Data           1  driver.o(.data)
    is_rcr_finish                            0x20000055   Data           1  driver.o(.data)
    rcr_integer                              0x20000058   Data           4  driver.o(.data)
    target_pos                               0x2000005c   Data           4  driver.o(.data)
    current_pos                              0x20000060   Data           4  driver.o(.data)
    current_pos1                             0x20000064   Data           4  driver.o(.data)
    current_pos2                             0x20000068   Data           4  driver.o(.data)
    motor_dir                                0x2000006c   Data           1  driver.o(.data)
    ctr                                      0x20000070   Data          32  wheel.o(.data)
    cc                                       0x20000090   Data           3  zidong.o(.data)
    __stdout                                 0x20000098   Data           4  usart.o(.data)
    USART1_RX_STA                            0x2000009c   Data           2  usart.o(.data)
    key                                      0x2000009e   Data           1  usart.o(.data)
    USART2_RX_STA                            0x200000a0   Data           2  usart.o(.data)
    USART3_RX_STA                            0x200000a2   Data           2  usart.o(.data)
    USART1_RX_BUF                            0x200000b8   Data         200  usart.o(.bss)
    USART2_RX_BUF                            0x20000180   Data         200  usart.o(.bss)
    USART3_RX_BUF                            0x20000248   Data         200  usart.o(.bss)
    __libspace_start                         0x20000310   Data          96  libspace.o(.bss)
    __temporary_stack_top$libspace           0x20000370   Data           0  libspace.o(.bss)



==============================================================================

Memory Map of the image

  Image Entry point : 0x08000131

  Load Region LR_IROM1 (Base: 0x08000000, Size: 0x00006c18, Max: 0x00040000, ABSOLUTE)

    Execution Region ER_IROM1 (Exec base: 0x08000000, Load base: 0x08000000, Size: 0x00006b60, Max: 0x00040000, ABSOLUTE)

    Exec Addr    Load Addr    Size         Type   Attr      Idx    E Section Name        Object

    0x08000000   0x08000000   0x00000130   Data   RO          422    RESET               startup_stm32f10x_hd.o
    0x08000130   0x08000130   0x00000008   Code   RO          555  * !!!main             c_w.l(__main.o)
    0x08000138   0x08000138   0x00000034   Code   RO          871    !!!scatter          c_w.l(__scatter.o)
    0x0800016c   0x0800016c   0x0000001a   Code   RO          873    !!handler_copy      c_w.l(__scatter_copy.o)
    0x08000186   0x08000186   0x00000002   PAD
    0x08000188   0x08000188   0x0000001c   Code   RO          875    !!handler_zi        c_w.l(__scatter_zi.o)
    0x080001a4   0x080001a4   0x00000000   Code   RO          548    .ARM.Collect$$_printf_percent$$00000000  c_w.l(_printf_percent.o)
    0x080001a4   0x080001a4   0x00000006   Code   RO          630    .ARM.Collect$$_printf_percent$$00000001  c_w.l(_printf_n.o)
    0x080001aa   0x080001aa   0x00000006   Code   RO          632    .ARM.Collect$$_printf_percent$$00000002  c_w.l(_printf_p.o)
    0x080001b0   0x080001b0   0x00000006   Code   RO          636    .ARM.Collect$$_printf_percent$$00000003  c_w.l(_printf_f.o)
    0x080001b6   0x080001b6   0x00000006   Code   RO          637    .ARM.Collect$$_printf_percent$$00000004  c_w.l(_printf_e.o)
    0x080001bc   0x080001bc   0x00000006   Code   RO          638    .ARM.Collect$$_printf_percent$$00000005  c_w.l(_printf_g.o)
    0x080001c2   0x080001c2   0x00000006   Code   RO          639    .ARM.Collect$$_printf_percent$$00000006  c_w.l(_printf_a.o)
    0x080001c8   0x080001c8   0x0000000a   Code   RO          644    .ARM.Collect$$_printf_percent$$00000007  c_w.l(_printf_ll.o)
    0x080001d2   0x080001d2   0x00000006   Code   RO          634    .ARM.Collect$$_printf_percent$$00000008  c_w.l(_printf_i.o)
    0x080001d8   0x080001d8   0x00000006   Code   RO          547    .ARM.Collect$$_printf_percent$$00000009  c_w.l(_printf_d.o)
    0x080001de   0x080001de   0x00000006   Code   RO          635    .ARM.Collect$$_printf_percent$$0000000A  c_w.l(_printf_u.o)
    0x080001e4   0x080001e4   0x00000006   Code   RO          633    .ARM.Collect$$_printf_percent$$0000000B  c_w.l(_printf_o.o)
    0x080001ea   0x080001ea   0x00000006   Code   RO          631    .ARM.Collect$$_printf_percent$$0000000C  c_w.l(_printf_x.o)
    0x080001f0   0x080001f0   0x00000006   Code   RO          641    .ARM.Collect$$_printf_percent$$0000000D  c_w.l(_printf_lli.o)
    0x080001f6   0x080001f6   0x00000006   Code   RO          642    .ARM.Collect$$_printf_percent$$0000000E  c_w.l(_printf_lld.o)
    0x080001fc   0x080001fc   0x00000006   Code   RO          643    .ARM.Collect$$_printf_percent$$0000000F  c_w.l(_printf_llu.o)
    0x08000202   0x08000202   0x00000006   Code   RO          648    .ARM.Collect$$_printf_percent$$00000010  c_w.l(_printf_llo.o)
    0x08000208   0x08000208   0x00000006   Code   RO          649    .ARM.Collect$$_printf_percent$$00000011  c_w.l(_printf_llx.o)
    0x0800020e   0x0800020e   0x0000000a   Code   RO          645    .ARM.Collect$$_printf_percent$$00000012  c_w.l(_printf_l.o)
    0x08000218   0x08000218   0x00000006   Code   RO          628    .ARM.Collect$$_printf_percent$$00000013  c_w.l(_printf_c.o)
    0x0800021e   0x0800021e   0x00000006   Code   RO          629    .ARM.Collect$$_printf_percent$$00000014  c_w.l(_printf_s.o)
    0x08000224   0x08000224   0x00000006   Code   RO          646    .ARM.Collect$$_printf_percent$$00000015  c_w.l(_printf_lc.o)
    0x0800022a   0x0800022a   0x00000006   Code   RO          647    .ARM.Collect$$_printf_percent$$00000016  c_w.l(_printf_ls.o)
    0x08000230   0x08000230   0x00000004   Code   RO          640    .ARM.Collect$$_printf_percent$$00000017  c_w.l(_printf_percent_end.o)
    0x08000234   0x08000234   0x00000002   Code   RO          734    .ARM.Collect$$libinit$$00000000  c_w.l(libinit.o)
    0x08000236   0x08000236   0x00000000   Code   RO          750    .ARM.Collect$$libinit$$00000002  c_w.l(libinit2.o)
    0x08000236   0x08000236   0x00000000   Code   RO          752    .ARM.Collect$$libinit$$00000004  c_w.l(libinit2.o)
    0x08000236   0x08000236   0x00000000   Code   RO          755    .ARM.Collect$$libinit$$0000000A  c_w.l(libinit2.o)
    0x08000236   0x08000236   0x00000000   Code   RO          757    .ARM.Collect$$libinit$$0000000C  c_w.l(libinit2.o)
    0x08000236   0x08000236   0x00000000   Code   RO          759    .ARM.Collect$$libinit$$0000000E  c_w.l(libinit2.o)
    0x08000236   0x08000236   0x00000006   Code   RO          760    .ARM.Collect$$libinit$$0000000F  c_w.l(libinit2.o)
    0x0800023c   0x0800023c   0x00000000   Code   RO          762    .ARM.Collect$$libinit$$00000011  c_w.l(libinit2.o)
    0x0800023c   0x0800023c   0x0000000c   Code   RO          763    .ARM.Collect$$libinit$$00000012  c_w.l(libinit2.o)
    0x08000248   0x08000248   0x00000000   Code   RO          764    .ARM.Collect$$libinit$$00000013  c_w.l(libinit2.o)
    0x08000248   0x08000248   0x00000000   Code   RO          766    .ARM.Collect$$libinit$$00000015  c_w.l(libinit2.o)
    0x08000248   0x08000248   0x0000000a   Code   RO          767    .ARM.Collect$$libinit$$00000016  c_w.l(libinit2.o)
    0x08000252   0x08000252   0x00000000   Code   RO          768    .ARM.Collect$$libinit$$00000017  c_w.l(libinit2.o)
    0x08000252   0x08000252   0x00000000   Code   RO          770    .ARM.Collect$$libinit$$00000019  c_w.l(libinit2.o)
    0x08000252   0x08000252   0x00000000   Code   RO          772    .ARM.Collect$$libinit$$0000001B  c_w.l(libinit2.o)
    0x08000252   0x08000252   0x00000000   Code   RO          774    .ARM.Collect$$libinit$$0000001D  c_w.l(libinit2.o)
    0x08000252   0x08000252   0x00000000   Code   RO          776    .ARM.Collect$$libinit$$0000001F  c_w.l(libinit2.o)
    0x08000252   0x08000252   0x00000000   Code   RO          778    .ARM.Collect$$libinit$$00000021  c_w.l(libinit2.o)
    0x08000252   0x08000252   0x00000000   Code   RO          780    .ARM.Collect$$libinit$$00000023  c_w.l(libinit2.o)
    0x08000252   0x08000252   0x00000000   Code   RO          782    .ARM.Collect$$libinit$$00000025  c_w.l(libinit2.o)
    0x08000252   0x08000252   0x00000000   Code   RO          786    .ARM.Collect$$libinit$$0000002C  c_w.l(libinit2.o)
    0x08000252   0x08000252   0x00000000   Code   RO          788    .ARM.Collect$$libinit$$0000002E  c_w.l(libinit2.o)
    0x08000252   0x08000252   0x00000000   Code   RO          790    .ARM.Collect$$libinit$$00000030  c_w.l(libinit2.o)
    0x08000252   0x08000252   0x00000000   Code   RO          792    .ARM.Collect$$libinit$$00000032  c_w.l(libinit2.o)
    0x08000252   0x08000252   0x00000002   Code   RO          793    .ARM.Collect$$libinit$$00000033  c_w.l(libinit2.o)
    0x08000254   0x08000254   0x00000002   Code   RO          811    .ARM.Collect$$libshutdown$$00000000  c_w.l(libshutdown.o)
    0x08000256   0x08000256   0x00000000   Code   RO          821    .ARM.Collect$$libshutdown$$00000002  c_w.l(libshutdown2.o)
    0x08000256   0x08000256   0x00000000   Code   RO          823    .ARM.Collect$$libshutdown$$00000004  c_w.l(libshutdown2.o)
    0x08000256   0x08000256   0x00000000   Code   RO          825    .ARM.Collect$$libshutdown$$00000006  c_w.l(libshutdown2.o)
    0x08000256   0x08000256   0x00000000   Code   RO          828    .ARM.Collect$$libshutdown$$00000009  c_w.l(libshutdown2.o)
    0x08000256   0x08000256   0x00000000   Code   RO          831    .ARM.Collect$$libshutdown$$0000000C  c_w.l(libshutdown2.o)
    0x08000256   0x08000256   0x00000000   Code   RO          833    .ARM.Collect$$libshutdown$$0000000E  c_w.l(libshutdown2.o)
    0x08000256   0x08000256   0x00000000   Code   RO          836    .ARM.Collect$$libshutdown$$00000011  c_w.l(libshutdown2.o)
    0x08000256   0x08000256   0x00000002   Code   RO          837    .ARM.Collect$$libshutdown$$00000012  c_w.l(libshutdown2.o)
    0x08000258   0x08000258   0x00000000   Code   RO          577    .ARM.Collect$$rtentry$$00000000  c_w.l(__rtentry.o)
    0x08000258   0x08000258   0x00000000   Code   RO          658    .ARM.Collect$$rtentry$$00000002  c_w.l(__rtentry2.o)
    0x08000258   0x08000258   0x00000006   Code   RO          670    .ARM.Collect$$rtentry$$00000004  c_w.l(__rtentry4.o)
    0x0800025e   0x0800025e   0x00000000   Code   RO          660    .ARM.Collect$$rtentry$$00000009  c_w.l(__rtentry2.o)
    0x0800025e   0x0800025e   0x00000004   Code   RO          661    .ARM.Collect$$rtentry$$0000000A  c_w.l(__rtentry2.o)
    0x08000262   0x08000262   0x00000000   Code   RO          663    .ARM.Collect$$rtentry$$0000000C  c_w.l(__rtentry2.o)
    0x08000262   0x08000262   0x00000008   Code   RO          664    .ARM.Collect$$rtentry$$0000000D  c_w.l(__rtentry2.o)
    0x0800026a   0x0800026a   0x00000002   Code   RO          742    .ARM.Collect$$rtexit$$00000000  c_w.l(rtexit.o)
    0x0800026c   0x0800026c   0x00000000   Code   RO          795    .ARM.Collect$$rtexit$$00000002  c_w.l(rtexit2.o)
    0x0800026c   0x0800026c   0x00000004   Code   RO          796    .ARM.Collect$$rtexit$$00000003  c_w.l(rtexit2.o)
    0x08000270   0x08000270   0x00000006   Code   RO          797    .ARM.Collect$$rtexit$$00000004  c_w.l(rtexit2.o)
    0x08000276   0x08000276   0x00000002   PAD
    0x08000278   0x08000278   0x00000554   Code   RO            1    .text               main.o
    0x080007cc   0x080007cc   0x0000001a   Code   RO          153    .text               stm32f10x_it.o
    0x080007e6   0x080007e6   0x00000002   PAD
    0x080007e8   0x080007e8   0x000001e0   Code   RO          194    .text               system_stm32f10x.o
    0x080009c8   0x080009c8   0x00000270   Code   RO          240    .text               oled0561.o
    0x08000c38   0x08000c38   0x00000198   Code   RO          262    .text               arm.o
    0x08000dd0   0x08000dd0   0x000004c0   Code   RO          280    .text               driver.o
    0x08001290   0x08001290   0x00000564   Code   RO          299    .text               wheel.o
    0x080017f4   0x080017f4   0x00000098   Code   RO          314    .text               exti.o
    0x0800188c   0x0800188c   0x000001a4   Code   RO          326    .text               zidong.o
    0x08001a30   0x08001a30   0x000000d4   Code   RO          341    .text               delay.o
    0x08001b04   0x08001b04   0x00000428   Code   RO          372    .text               usart.o
    0x08001f2c   0x08001f2c   0x00000300   Code   RO          398    .text               i2c.o
    0x0800222c   0x0800222c   0x00000040   Code   RO          423    .text               startup_stm32f10x_hd.o
    0x0800226c   0x0800226c   0x0000035c   Code   RO          427    .text               stm32f10x_gpio.o
    0x080025c8   0x080025c8   0x000003a4   Code   RO          439    .text               stm32f10x_rcc.o
    0x0800296c   0x0800296c   0x00000408   Code   RO          453    .text               stm32f10x_usart.o
    0x08002d74   0x08002d74   0x000000dc   Code   RO          465    .text               misc.o
    0x08002e50   0x08002e50   0x00000e1a   Code   RO          477    .text               stm32f10x_tim.o
    0x08003c6a   0x08003c6a   0x00000002   PAD
    0x08003c6c   0x08003c6c   0x00000404   Code   RO          489    .text               stm32f10x_i2c.o
    0x08004070   0x08004070   0x0000011c   Code   RO          501    .text               stm32f10x_exti.o
    0x0800418c   0x0800418c   0x00000002   Code   RO          515    .text               c_w.l(use_no_semi_2.o)
    0x0800418e   0x0800418e   0x00000002   PAD
    0x08004190   0x08004190   0x00000034   Code   RO          517    .text               c_w.l(c89vsnprintf.o)
    0x080041c4   0x080041c4   0x00000018   Code   RO          519    .text               c_w.l(__2printf.o)
    0x080041dc   0x080041dc   0x00000078   Code   RO          525    .text               c_w.l(_printf_dec.o)
    0x08004254   0x08004254   0x00000188   Code   RO          544    .text               c_w.l(__printf_flags_ss_wp.o)
    0x080043dc   0x080043dc   0x0000003e   Code   RO          549    .text               c_w.l(strlen.o)
    0x0800441a   0x0800441a   0x00000064   Code   RO          551    .text               c_w.l(rt_memcpy_w.o)
    0x0800447e   0x0800447e   0x00000006   Code   RO          553    .text               c_w.l(heapauxi.o)
    0x08004484   0x08004484   0x00000002   Code   RO          575    .text               c_w.l(use_no_semi.o)
    0x08004486   0x08004486   0x0000004e   Code   RO          578    .text               c_w.l(_printf_pad.o)
    0x080044d4   0x080044d4   0x00000024   Code   RO          580    .text               c_w.l(_printf_truncate.o)
    0x080044f8   0x080044f8   0x00000052   Code   RO          582    .text               c_w.l(_printf_str.o)
    0x0800454a   0x0800454a   0x000000b2   Code   RO          584    .text               c_w.l(_printf_intcommon.o)
    0x080045fc   0x080045fc   0x00000028   Code   RO          586    .text               c_w.l(_printf_charcount.o)
    0x08004624   0x08004624   0x00000030   Code   RO          588    .text               c_w.l(_printf_char_common.o)
    0x08004654   0x08004654   0x0000000a   Code   RO          590    .text               c_w.l(_sputc.o)
    0x0800465e   0x0800465e   0x00000010   Code   RO          592    .text               c_w.l(_snputc.o)
    0x0800466e   0x0800466e   0x00000002   PAD
    0x08004670   0x08004670   0x00000024   Code   RO          594    .text               c_w.l(_printf_char_file.o)
    0x08004694   0x08004694   0x000000bc   Code   RO          596    .text               c_w.l(_printf_wctomb.o)
    0x08004750   0x08004750   0x0000007c   Code   RO          599    .text               c_w.l(_printf_longlong_dec.o)
    0x080047cc   0x080047cc   0x00000070   Code   RO          605    .text               c_w.l(_printf_oct_int_ll.o)
    0x0800483c   0x0800483c   0x00000094   Code   RO          625    .text               c_w.l(_printf_hex_int_ll_ptr.o)
    0x080048d0   0x080048d0   0x0000008a   Code   RO          672    .text               c_w.l(lludiv10.o)
    0x0800495a   0x0800495a   0x0000041e   Code   RO          674    .text               c_w.l(_printf_fp_dec.o)
    0x08004d78   0x08004d78   0x0000002c   Code   RO          678    .text               c_w.l(_printf_char.o)
    0x08004da4   0x08004da4   0x0000002c   Code   RO          680    .text               c_w.l(_printf_wchar.o)
    0x08004dd0   0x08004dd0   0x00000008   Code   RO          682    .text               c_w.l(ferror.o)
    0x08004dd8   0x08004dd8   0x00000040   Code   RO          686    .text               c_w.l(_wcrtomb.o)
    0x08004e18   0x08004e18   0x0000004a   Code   RO          688    .text               c_w.l(sys_stackheap_outer.o)
    0x08004e62   0x08004e62   0x00000002   PAD
    0x08004e64   0x08004e64   0x00000010   Code   RO          690    .text               c_w.l(rt_ctype_table.o)
    0x08004e74   0x08004e74   0x00000008   Code   RO          695    .text               c_w.l(rt_locale_intlibspace.o)
    0x08004e7c   0x08004e7c   0x00000080   Code   RO          697    .text               c_w.l(_printf_fp_infnan.o)
    0x08004efc   0x08004efc   0x000000e4   Code   RO          699    .text               c_w.l(bigflt0.o)
    0x08004fe0   0x08004fe0   0x00000012   Code   RO          727    .text               c_w.l(exit.o)
    0x08004ff2   0x08004ff2   0x00000002   PAD
    0x08004ff4   0x08004ff4   0x00000008   Code   RO          739    .text               c_w.l(libspace.o)
    0x08004ffc   0x08004ffc   0x00000080   Code   RO          747    .text               c_w.l(strcmpv7m.o)
    0x0800507c   0x0800507c   0x0000003e   Code   RO          702    CL$$btod_d2e        c_w.l(btod.o)
    0x080050ba   0x080050ba   0x00000046   Code   RO          704    CL$$btod_d2e_denorm_low  c_w.l(btod.o)
    0x08005100   0x08005100   0x00000060   Code   RO          703    CL$$btod_d2e_norm_op1  c_w.l(btod.o)
    0x08005160   0x08005160   0x00000338   Code   RO          712    CL$$btod_div_common  c_w.l(btod.o)
    0x08005498   0x08005498   0x000000dc   Code   RO          709    CL$$btod_e2e        c_w.l(btod.o)
    0x08005574   0x08005574   0x0000002a   Code   RO          706    CL$$btod_ediv       c_w.l(btod.o)
    0x0800559e   0x0800559e   0x0000002a   Code   RO          705    CL$$btod_emul       c_w.l(btod.o)
    0x080055c8   0x080055c8   0x00000244   Code   RO          711    CL$$btod_mult_common  c_w.l(btod.o)
    0x0800580c   0x0800580c   0x00000028   Code   RO          737    i.__ARM_fpclassify  m_ws.l(fpclassify.o)
    0x08005834   0x08005834   0x0000000e   Code   RO          537    i._is_digit         c_w.l(__printf_wp.o)
    0x08005842   0x08005842   0x00000002   PAD
    0x08005844   0x08005844   0x0000002c   Code   RO          725    locale$$code        c_w.l(lc_numeric_c.o)
    0x08005870   0x08005870   0x0000002c   Code   RO          745    locale$$code        c_w.l(lc_ctype_c.o)
    0x0800589c   0x0800589c   0x00000150   Code   RO          557    x$fpl$dadd          fz_ws.l(daddsub_clz.o)
    0x080059ec   0x080059ec   0x0000005e   Code   RO          563    x$fpl$dfix          fz_ws.l(dfix.o)
    0x08005a4a   0x08005a4a   0x0000002e   Code   RO          568    x$fpl$dflt          fz_ws.l(dflt_clz.o)
    0x08005a78   0x08005a78   0x00000026   Code   RO          567    x$fpl$dfltu         fz_ws.l(dflt_clz.o)
    0x08005a9e   0x08005a9e   0x00000002   PAD
    0x08005aa0   0x08005aa0   0x00000154   Code   RO          573    x$fpl$dmul          fz_ws.l(dmul.o)
    0x08005bf4   0x08005bf4   0x0000009c   Code   RO          650    x$fpl$dnaninf       fz_ws.l(dnaninf.o)
    0x08005c90   0x08005c90   0x0000000c   Code   RO          652    x$fpl$dretinf       fz_ws.l(dretinf.o)
    0x08005c9c   0x08005c9c   0x000001d4   Code   RO          559    x$fpl$dsub          fz_ws.l(daddsub_clz.o)
    0x08005e70   0x08005e70   0x00000004   Code   RO          654    x$fpl$printf1       fz_ws.l(printf1.o)
    0x08005e74   0x08005e74   0x00000000   Code   RO          656    x$fpl$usenofp       fz_ws.l(usenofp.o)
    0x08005e74   0x08005e74   0x00000a80   Data   RO          241    .constdata          oled0561.o
    0x080068f4   0x080068f4   0x00000011   Data   RO          545    .constdata          c_w.l(__printf_flags_ss_wp.o)
    0x08006905   0x08006905   0x00000003   PAD
    0x08006908   0x08006908   0x00000008   Data   RO          597    .constdata          c_w.l(_printf_wctomb.o)
    0x08006910   0x08006910   0x00000028   Data   RO          626    .constdata          c_w.l(_printf_hex_int_ll_ptr.o)
    0x08006938   0x08006938   0x00000094   Data   RO          700    .constdata          c_w.l(bigflt0.o)
    0x080069cc   0x080069cc   0x00000048   Data   RO          281    .conststring        driver.o
    0x08006a14   0x08006a14   0x00000020   Data   RO          869    Region$$Table       anon$$obj.o
    0x08006a34   0x08006a34   0x0000001c   Data   RO          724    locale$$data        c_w.l(lc_numeric_c.o)
    0x08006a50   0x08006a50   0x00000110   Data   RO          744    locale$$data        c_w.l(lc_ctype_c.o)


    Execution Region RW_IRAM1 (Exec base: 0x20000000, Load base: 0x08006b60, Size: 0x00000970, Max: 0x0000c000, ABSOLUTE)

    Exec Addr    Load Addr    Size         Type   Attr      Idx    E Section Name        Object

    0x20000000   0x08006b60   0x00000008   Data   RW            2    .data               main.o
    0x20000008   0x08006b68   0x00000014   Data   RW          195    .data               system_stm32f10x.o
    0x2000001c   0x08006b7c   0x00000038   Data   RW          263    .data               arm.o
    0x20000054   0x08006bb4   0x00000019   Data   RW          282    .data               driver.o
    0x2000006d   0x08006bcd   0x00000003   PAD
    0x20000070   0x08006bd0   0x00000020   Data   RW          300    .data               wheel.o
    0x20000090   0x08006bf0   0x00000003   Data   RW          327    .data               zidong.o
    0x20000093   0x08006bf3   0x00000001   PAD
    0x20000094   0x08006bf4   0x00000004   Data   RW          342    .data               delay.o
    0x20000098   0x08006bf8   0x0000000c   Data   RW          374    .data               usart.o
    0x200000a4   0x08006c04   0x00000014   Data   RW          440    .data               stm32f10x_rcc.o
    0x200000b8        -       0x00000258   Zero   RW          373    .bss                usart.o
    0x20000310        -       0x00000060   Zero   RW          740    .bss                c_w.l(libspace.o)
    0x20000370        -       0x00000200   Zero   RW          421    HEAP                startup_stm32f10x_hd.o
    0x20000570        -       0x00000400   Zero   RW          420    STACK               startup_stm32f10x_hd.o


==============================================================================

Image component sizes


      Code (inc. data)   RO Data    RW Data    ZI Data      Debug   Object Name

       408         18          0         56          0       2293   arm.o
       212         18          0          4          0       1159   delay.o
      1216        178         72         25          0       3539   driver.o
       152          6          0          0          0        685   exti.o
       768         22          0          0          0       2622   i2c.o
      1364         86          0          8          0     266587   main.o
       220         22          0          0          0       1917   misc.o
       624         46       2688          0          0       4261   oled0561.o
        64         26        304          0       1536        832   startup_stm32f10x_hd.o
       284         10          0          0          0       2375   stm32f10x_exti.o
       860         38          0          0          0       5849   stm32f10x_gpio.o
      1028         16          0          0          0       9343   stm32f10x_i2c.o
        26          0          0          0          0       1238   stm32f10x_it.o
       932         36          0         20          0       9088   stm32f10x_rcc.o
      3610         88          0          0          0      22960   stm32f10x_tim.o
      1032         22          0          0          0       8576   stm32f10x_usart.o
         0          0          0          0          0         32   sys.o
       480         38          0         20          0       1911   system_stm32f10x.o
      1064         40          0         12        600       6236   usart.o
      1380         40          0         32          0       4405   wheel.o
       420         24          0          3          0       1929   zidong.o

    ----------------------------------------------------------------------
     16148        774       3096        184       2136     357837   Object Totals
         0          0         32          0          0          0   (incl. Generated)
         4          0          0          4          0          0   (incl. Padding)

    ----------------------------------------------------------------------

      Code (inc. data)   RO Data    RW Data    ZI Data      Debug   Library Member Name

        24          4          0          0          0         84   __2printf.o
         8          0          0          0          0         68   __main.o
       392          4         17          0          0         92   __printf_flags_ss_wp.o
        14          0          0          0          0         68   __printf_wp.o
         0          0          0          0          0          0   __rtentry.o
        12          0          0          0          0          0   __rtentry2.o
         6          0          0          0          0          0   __rtentry4.o
        52          8          0          0          0          0   __scatter.o
        26          0          0          0          0          0   __scatter_copy.o
        28          0          0          0          0          0   __scatter_zi.o
         6          0          0          0          0          0   _printf_a.o
         6          0          0          0          0          0   _printf_c.o
        44          0          0          0          0        108   _printf_char.o
        48          6          0          0          0         96   _printf_char_common.o
        36          4          0          0          0         80   _printf_char_file.o
        40          0          0          0          0         68   _printf_charcount.o
         6          0          0          0          0          0   _printf_d.o
       120         16          0          0          0         92   _printf_dec.o
         6          0          0          0          0          0   _printf_e.o
         6          0          0          0          0          0   _printf_f.o
      1054          0          0          0          0        216   _printf_fp_dec.o
       128         16          0          0          0         84   _printf_fp_infnan.o
         6          0          0          0          0          0   _printf_g.o
       148          4         40          0          0        160   _printf_hex_int_ll_ptr.o
         6          0          0          0          0          0   _printf_i.o
       178          0          0          0          0         88   _printf_intcommon.o
        10          0          0          0          0          0   _printf_l.o
         6          0          0          0          0          0   _printf_lc.o
        10          0          0          0          0          0   _printf_ll.o
         6          0          0          0          0          0   _printf_lld.o
         6          0          0          0          0          0   _printf_lli.o
         6          0          0          0          0          0   _printf_llo.o
         6          0          0          0          0          0   _printf_llu.o
         6          0          0          0          0          0   _printf_llx.o
       124         16          0          0          0         92   _printf_longlong_dec.o
         6          0          0          0          0          0   _printf_ls.o
         6          0          0          0          0          0   _printf_n.o
         6          0          0          0          0          0   _printf_o.o
       112         10          0          0          0        124   _printf_oct_int_ll.o
         6          0          0          0          0          0   _printf_p.o
        78          0          0          0          0        108   _printf_pad.o
         0          0          0          0          0          0   _printf_percent.o
         4          0          0          0          0          0   _printf_percent_end.o
         6          0          0          0          0          0   _printf_s.o
        82          0          0          0          0         80   _printf_str.o
        36          0          0          0          0         84   _printf_truncate.o
         6          0          0          0          0          0   _printf_u.o
        44          0          0          0          0        108   _printf_wchar.o
       188          6          8          0          0         92   _printf_wctomb.o
         6          0          0          0          0          0   _printf_x.o
        16          0          0          0          0         68   _snputc.o
        10          0          0          0          0         68   _sputc.o
        64          0          0          0          0         92   _wcrtomb.o
       228          4        148          0          0         96   bigflt0.o
      1936        128          0          0          0        672   btod.o
        52          4          0          0          0         80   c89vsnprintf.o
        18          0          0          0          0         80   exit.o
         8          0          0          0          0         68   ferror.o
         6          0          0          0          0        152   heapauxi.o
        44         10        272          0          0         76   lc_ctype_c.o
        44         10         28          0          0         76   lc_numeric_c.o
         2          0          0          0          0          0   libinit.o
        30          0          0          0          0          0   libinit2.o
         2          0          0          0          0          0   libshutdown.o
         2          0          0          0          0          0   libshutdown2.o
         8          4          0          0         96         68   libspace.o
       138          0          0          0          0         80   lludiv10.o
        16          4          0          0          0         76   rt_ctype_table.o
         8          4          0          0          0         68   rt_locale_intlibspace.o
       100          0          0          0          0         80   rt_memcpy_w.o
         2          0          0          0          0          0   rtexit.o
        10          0          0          0          0          0   rtexit2.o
       128          0          0          0          0         68   strcmpv7m.o
        62          0          0          0          0         76   strlen.o
        74          0          0          0          0         80   sys_stackheap_outer.o
         2          0          0          0          0         68   use_no_semi.o
         2          0          0          0          0         68   use_no_semi_2.o
       804         16          0          0          0        272   daddsub_clz.o
        94          4          0          0          0         92   dfix.o
        84          0          0          0          0        136   dflt_clz.o
       340         12          0          0          0        104   dmul.o
       156          4          0          0          0         92   dnaninf.o
        12          0          0          0          0         68   dretinf.o
         4          0          0          0          0         68   printf1.o
         0          0          0          0          0          0   usenofp.o
        40          0          0          0          0         68   fpclassify.o

    ----------------------------------------------------------------------
      7728        298        516          0         96       5152   Library Totals
        16          0          3          0          0          0   (incl. Padding)

    ----------------------------------------------------------------------

      Code (inc. data)   RO Data    RW Data    ZI Data      Debug   Library Name

      6178        262        513          0         96       4252   c_w.l
      1494         36          0          0          0        832   fz_ws.l
        40          0          0          0          0         68   m_ws.l

    ----------------------------------------------------------------------
      7728        298        516          0         96       5152   Library Totals

    ----------------------------------------------------------------------

==============================================================================


      Code (inc. data)   RO Data    RW Data    ZI Data      Debug   

     23876       1072       3612        184       2232     358565   Grand Totals
     23876       1072       3612        184       2232     358565   ELF Image Totals
     23876       1072       3612        184          0          0   ROM Totals

==============================================================================

    Total RO  Size (Code + RO Data)                27488 (  26.84kB)
    Total RW  Size (RW Data + ZI Data)              2416 (   2.36kB)
    Total ROM Size (Code + RO Data + RW Data)      27672 (  27.02kB)

==============================================================================

