Component: ARM Compiler 5.06 update 7 (build 960) Tool: armlink [4d3601]

==============================================================================

Section Cross References

    main.o(i.main) refers to systick.o(i.SysTick_Init) for SysTick_Init
    main.o(i.main) refers to led.o(i.LED_Init) for LED_Init
    main.o(i.main) refers to key.o(i.Key_Init) for Key_Init
    main.o(i.main) refers to motor.o(i.Motor_Init) for Motor_Init
    main.o(i.main) refers to pwm.o(i.Tim1_Pwm_Init) for Tim1_Pwm_Init
    main.o(i.main) refers to stm32f10x_tim.o(i.TIM_SetCompare1) for TIM_SetCompare1
    main.o(i.main) refers to usart.o(i.Usart3_Init) for Usart3_Init
    main.o(i.main) refers to usart.o(i.Uart4_Init) for Uart4_Init
    main.o(i.main) refers to encoder.o(i.Encoder_Init) for Encoder_Init
    main.o(i.main) refers to usart.o(i.Usart1_Init) for Usart1_Init
    main.o(i.main) refers to key.o(i.Key_Scam) for Key_Scam
    main.o(i.main) refers to usart.o(i.Usart4_Ditu) for Usart4_Ditu
    main.o(i.main) refers to systick.o(i.delay_ms) for delay_ms
    main.o(i.main) refers to time6.o(i.Tim6_Init) for Tim6_Init
    main.o(i.main) refers to usart.o(.data) for k210_mubiao
    startup_stm32f10x_hd.o(RESET) refers to startup_stm32f10x_hd.o(STACK) for __initial_sp
    startup_stm32f10x_hd.o(RESET) refers to startup_stm32f10x_hd.o(.text) for Reset_Handler
    startup_stm32f10x_hd.o(RESET) refers to stm32f10x_it.o(i.NMI_Handler) for NMI_Handler
    startup_stm32f10x_hd.o(RESET) refers to stm32f10x_it.o(i.HardFault_Handler) for HardFault_Handler
    startup_stm32f10x_hd.o(RESET) refers to stm32f10x_it.o(i.MemManage_Handler) for MemManage_Handler
    startup_stm32f10x_hd.o(RESET) refers to stm32f10x_it.o(i.BusFault_Handler) for BusFault_Handler
    startup_stm32f10x_hd.o(RESET) refers to stm32f10x_it.o(i.UsageFault_Handler) for UsageFault_Handler
    startup_stm32f10x_hd.o(RESET) refers to stm32f10x_it.o(i.SVC_Handler) for SVC_Handler
    startup_stm32f10x_hd.o(RESET) refers to stm32f10x_it.o(i.DebugMon_Handler) for DebugMon_Handler
    startup_stm32f10x_hd.o(RESET) refers to stm32f10x_it.o(i.PendSV_Handler) for PendSV_Handler
    startup_stm32f10x_hd.o(RESET) refers to stm32f10x_it.o(i.SysTick_Handler) for SysTick_Handler
    startup_stm32f10x_hd.o(RESET) refers to exti.o(i.EXTI9_5_IRQHandler) for EXTI9_5_IRQHandler
    startup_stm32f10x_hd.o(RESET) refers to usart.o(i.USART1_IRQHandler) for USART1_IRQHandler
    startup_stm32f10x_hd.o(RESET) refers to usart.o(i.USART3_IRQHandler) for USART3_IRQHandler
    startup_stm32f10x_hd.o(RESET) refers to usart.o(i.UART4_IRQHandler) for UART4_IRQHandler
    startup_stm32f10x_hd.o(RESET) refers to time6.o(i.TIM6_IRQHandler) for TIM6_IRQHandler
    startup_stm32f10x_hd.o(.text) refers to system_stm32f10x.o(i.SystemInit) for SystemInit
    startup_stm32f10x_hd.o(.text) refers to entry.o(.ARM.Collect$$$$00000000) for __main
    stm32f10x_gpio.o(i.GPIO_AFIODeInit) refers to stm32f10x_rcc.o(i.RCC_APB2PeriphResetCmd) for RCC_APB2PeriphResetCmd
    stm32f10x_gpio.o(i.GPIO_DeInit) refers to stm32f10x_rcc.o(i.RCC_APB2PeriphResetCmd) for RCC_APB2PeriphResetCmd
    stm32f10x_rcc.o(i.RCC_GetClocksFreq) refers to stm32f10x_rcc.o(.data) for APBAHBPrescTable
    stm32f10x_rcc.o(i.RCC_WaitForHSEStartUp) refers to stm32f10x_rcc.o(i.RCC_GetFlagStatus) for RCC_GetFlagStatus
    stm32f10x_usart.o(i.USART_DeInit) refers to stm32f10x_rcc.o(i.RCC_APB2PeriphResetCmd) for RCC_APB2PeriphResetCmd
    stm32f10x_usart.o(i.USART_DeInit) refers to stm32f10x_rcc.o(i.RCC_APB1PeriphResetCmd) for RCC_APB1PeriphResetCmd
    stm32f10x_usart.o(i.USART_Init) refers to stm32f10x_rcc.o(i.RCC_GetClocksFreq) for RCC_GetClocksFreq
    stm32f10x_tim.o(i.TIM_DeInit) refers to stm32f10x_rcc.o(i.RCC_APB2PeriphResetCmd) for RCC_APB2PeriphResetCmd
    stm32f10x_tim.o(i.TIM_DeInit) refers to stm32f10x_rcc.o(i.RCC_APB1PeriphResetCmd) for RCC_APB1PeriphResetCmd
    stm32f10x_tim.o(i.TIM_ETRClockMode1Config) refers to stm32f10x_tim.o(i.TIM_ETRConfig) for TIM_ETRConfig
    stm32f10x_tim.o(i.TIM_ETRClockMode2Config) refers to stm32f10x_tim.o(i.TIM_ETRConfig) for TIM_ETRConfig
    stm32f10x_tim.o(i.TIM_ICInit) refers to stm32f10x_tim.o(i.TI1_Config) for TI1_Config
    stm32f10x_tim.o(i.TIM_ICInit) refers to stm32f10x_tim.o(i.TIM_SetIC1Prescaler) for TIM_SetIC1Prescaler
    stm32f10x_tim.o(i.TIM_ICInit) refers to stm32f10x_tim.o(i.TI2_Config) for TI2_Config
    stm32f10x_tim.o(i.TIM_ICInit) refers to stm32f10x_tim.o(i.TIM_SetIC2Prescaler) for TIM_SetIC2Prescaler
    stm32f10x_tim.o(i.TIM_ICInit) refers to stm32f10x_tim.o(i.TI3_Config) for TI3_Config
    stm32f10x_tim.o(i.TIM_ICInit) refers to stm32f10x_tim.o(i.TIM_SetIC3Prescaler) for TIM_SetIC3Prescaler
    stm32f10x_tim.o(i.TIM_ICInit) refers to stm32f10x_tim.o(i.TI4_Config) for TI4_Config
    stm32f10x_tim.o(i.TIM_ICInit) refers to stm32f10x_tim.o(i.TIM_SetIC4Prescaler) for TIM_SetIC4Prescaler
[...]
    printf6.o(i.__0vprintf$6) refers to usart.o(i.fputc) for fputc
    printf6.o(i.__0vprintf$6) refers to stdout.o(.data) for __stdout
    printf6.o(i.__0vsnprintf$6) refers to printf6.o(i._printf_core) for _printf_core
    printf6.o(i.__0vsnprintf$6) refers to printf6.o(i._snputc) for _snputc
    printf6.o(i.__0vsprintf$6) refers to printf6.o(i._printf_core) for _printf_core
    printf6.o(i.__0vsprintf$6) refers to printf6.o(i._sputc) for _sputc
    printf6.o(i._printf_core) refers to printf6.o(i._printf_pre_padding) for _printf_pre_padding
    printf6.o(i._printf_core) refers to uidiv.o(.text) for __aeabi_uidivmod
    printf6.o(i._printf_core) refers to printf6.o(i._printf_post_padding) for _printf_post_padding
    printf7.o(i.__0fprintf$7) refers to printf7.o(i._printf_core) for _printf_core
    printf7.o(i.__0fprintf$7) refers to usart.o(i.fputc) for fputc
    printf7.o(i.__0printf$7) refers to printf7.o(i._printf_core) for _printf_core
    printf7.o(i.__0printf$7) refers to usart.o(i.fputc) for fputc
    printf7.o(i.__0printf$7) refers to stdout.o(.data) for __stdout
    printf7.o(i.__0snprintf$7) refers to printf7.o(i._printf_core) for _printf_core
    printf7.o(i.__0snprintf$7) refers to printf7.o(i._snputc) for _snputc
    printf7.o(i.__0sprintf$7) refers to printf7.o(i._printf_core) for _printf_core
    printf7.o(i.__0sprintf$7) refers to printf7.o(i._sputc) for _sputc
    printf7.o(i.__0vfprintf$7) refers to printf7.o(i._printf_core) for _printf_core
    printf7.o(i.__0vfprintf$7) refers to usart.o(i.fputc) for fputc
    printf7.o(i.__0vprintf$7) refers to printf7.o(i._printf_core) for _printf_core
    printf7.o(i.__0vprintf$7) refers to usart.o(i.fputc) for fputc
    printf7.o(i.__0vprintf$7) refers to stdout.o(.data) for __stdout
    printf7.o(i.__0vsnprintf$7) refers to printf7.o(i._printf_core) for _printf_core
    printf7.o(i.__0vsnprintf$7) refers to printf7.o(i._snputc) for _snputc
    printf7.o(i.__0vsprintf$7) refers to printf7.o(i._printf_core) for _printf_core
    printf7.o(i.__0vsprintf$7) refers to printf7.o(i._sputc) for _sputc
    printf7.o(i._printf_core) refers to printf7.o(i._printf_pre_padding) for _printf_pre_padding
    printf7.o(i._printf_core) refers to uldiv.o(.text) for __aeabi_uldivmod
    printf7.o(i._printf_core) refers to printf7.o(i._printf_post_padding) for _printf_post_padding
    printf8.o(i.__0fprintf$8) refers to printf8.o(i._printf_core) for _printf_core
    printf8.o(i.__0fprintf$8) refers to usart.o(i.fputc) for fputc
    printf8.o(i.__0printf$8) refers to printf8.o(i._printf_core) for _printf_core
    printf8.o(i.__0printf$8) refers to usart.o(i.fputc) for fputc
    printf8.o(i.__0printf$8) refers to stdout.o(.data) for __stdout
    printf8.o(i.__0snprintf$8) refers to printf8.o(i._printf_core) for _printf_core
    printf8.o(i.__0snprintf$8) refers to printf8.o(i._snputc) for _snputc
    printf8.o(i.__0sprintf$8) refers to printf8.o(i._printf_core) for _printf_core
    printf8.o(i.__0sprintf$8) refers to printf8.o(i._sputc) for _sputc
    printf8.o(i.__0vfprintf$8) refers to printf8.o(i._printf_core) for _printf_core
    printf8.o(i.__0vfprintf$8) refers to usart.o(i.fputc) for fputc
    printf8.o(i.__0vprintf$8) refers to printf8.o(i._printf_core) for _printf_core
    printf8.o(i.__0vprintf$8) refers to usart.o(i.fputc) for fputc
    printf8.o(i.__0vprintf$8) refers to stdout.o(.data) for __stdout
    printf8.o(i.__0vsnprintf$8) refers to printf8.o(i._printf_core) for _printf_core
    printf8.o(i.__0vsnprintf$8) refers to printf8.o(i._snputc) for _snputc
    printf8.o(i.__0vsprintf$8) refers to printf8.o(i._printf_core) for _printf_core
    printf8.o(i.__0vsprintf$8) refers to printf8.o(i._sputc) for _sputc
    printf8.o(i._printf_core) refers to printf8.o(i._printf_pre_padding) for _printf_pre_padding
    printf8.o(i._printf_core) refers to uldiv.o(.text) for __aeabi_uldivmod
    printf8.o(i._printf_core) refers to printf8.o(i._printf_post_padding) for _printf_post_padding
    printfa.o(i.__0fprintf) refers (Special) to iusefp.o(.text) for __I$use$fp
    printfa.o(i.__0fprintf) refers to printfa.o(i._printf_core) for _printf_core
    printfa.o(i.__0fprintf) refers to usart.o(i.fputc) for fputc
    printfa.o(i.__0printf) refers (Special) to iusefp.o(.text) for __I$use$fp
    printfa.o(i.__0printf) refers to printfa.o(i._printf_core) for _printf_core
    printfa.o(i.__0printf) refers to usart.o(i.fputc) for fputc
    printfa.o(i.__0printf) refers to stdout.o(.data) for __stdout
    printfa.o(i.__0snprintf) refers (Special) to iusefp.o(.text) for __I$use$fp
    printfa.o(i.__0snprintf) refers to printfa.o(i._printf_core) for _printf_core
    printfa.o(i.__0snprintf) refers to printfa.o(i._snputc) for _snputc
    printfa.o(i.__0sprintf) refers (Special) to iusefp.o(.text) for __I$use$fp
    printfa.o(i.__0sprintf) refers to printfa.o(i._printf_core) for _printf_core
    printfa.o(i.__0sprintf) refers to printfa.o(i._sputc) for _sputc
    printfa.o(i.__0vfprintf) refers (Special) to iusefp.o(.text) for __I$use$fp
    printfa.o(i.__0vfprintf) refers to printfa.o(i._printf_core) for _printf_core
    printfa.o(i.__0vfprintf) refers to usart.o(i.fputc) for fputc
    printfa.o(i.__0vprintf) refers (Special) to iusefp.o(.text) for __I$use$fp
    printfa.o(i.__0vprintf) refers to printfa.o(i._printf_core) for _printf_core
    printfa.o(i.__0vprintf) refers to usart.o(i.fputc) for fputc
    printfa.o(i.__0vprintf) refers to stdout.o(.data) for __stdout
    printfa.o(i.__0vsnprintf) refers (Special) to iusefp.o(.text) for __I$use$fp
    printfa.o(i.__0vsnprintf) refers to printfa.o(i._printf_core) for _printf_core
    printfa.o(i.__0vsnprintf) refers to printfa.o(i._snputc) for _snputc
    printfa.o(i.__0vsprintf) refers (Special) to iusefp.o(.text) for __I$use$fp
    printfa.o(i.__0vsprintf) refers to printfa.o(i._printf_core) for _printf_core
    printfa.o(i.__0vsprintf) refers to printfa.o(i._sputc) for _sputc
    printfa.o(i._fp_digits) refers (Special) to iusefp.o(.text) for __I$use$fp
    printfa.o(i._fp_digits) refers to dmul.o(.text) for __aeabi_dmul
    printfa.o(i._fp_digits) refers to ddiv.o(.text) for __aeabi_ddiv
    printfa.o(i._fp_digits) refers to cdrcmple.o(.text) for __aeabi_cdrcmple
    printfa.o(i._fp_digits) refers to dadd.o(.text) for __aeabi_dadd
    printfa.o(i._fp_digits) refers to dfixul.o(.text) for __aeabi_d2ulz
    printfa.o(i._fp_digits) refers to uldiv.o(.text) for __aeabi_uldivmod
    printfa.o(i._printf_core) refers (Special) to iusefp.o(.text) for __I$use$fp
    printfa.o(i._printf_core) refers to printfa.o(i._printf_pre_padding) for _printf_pre_padding
    printfa.o(i._printf_core) refers to uldiv.o(.text) for __aeabi_uldivmod
    printfa.o(i._printf_core) refers to printfa.o(i._printf_post_padding) for _printf_post_padding
    printfa.o(i._printf_core) refers to printfa.o(i._fp_digits) for _fp_digits
    printfa.o(i._printf_core) refers to uidiv.o(.text) for __aeabi_uidivmod
    printfa.o(i._printf_post_padding) refers (Special) to iusefp.o(.text) for __I$use$fp
    printfa.o(i._printf_pre_padding) refers (Special) to iusefp.o(.text) for __I$use$fp
    printfa.o(i._snputc) refers (Special) to iusefp.o(.text) for __I$use$fp
    printfa.o(i._sputc) refers (Special) to iusefp.o(.text) for __I$use$fp
    fadd.o(.text) refers (Special) to iusefp.o(.text) for __I$use$fp
    fadd.o(.text) refers to fepilogue.o(.text) for _float_epilogue
    fmul.o(.text) refers (Special) to iusefp.o(.text) for __I$use$fp
    fflti.o(.text) refers (Special) to iusefp.o(.text) for __I$use$fp
    fflti.o(.text) refers to fepilogue.o(.text) for _float_epilogue
    ffixi.o(.text) refers (Special) to iusefp.o(.text) for __I$use$fp
    entry2.o(.ARM.Collect$$$$00000001) refers to entry2.o(.ARM.Collect$$$$00002712) for __lit__00000000
    entry2.o(.ARM.Collect$$$$00002712) refers to startup_stm32f10x_hd.o(STACK) for __initial_sp
    entry2.o(__vectab_stack_and_reset_area) refers to startup_stm32f10x_hd.o(STACK) for __initial_sp
    entry2.o(__vectab_stack_and_reset_area) refers to entry.o(.ARM.Collect$$$$00000000) for __main
    entry5.o(.ARM.Collect$$$$00000004) refers to init.o(.text) for __scatterload
    entry9a.o(.ARM.Collect$$$$0000000B) refers to main.o(i.main) for main
    entry9b.o(.ARM.Collect$$$$0000000C) refers to main.o(i.main) for main
    uldiv.o(.text) refers to llushr.o(.text) for __aeabi_llsr
    uldiv.o(.text) refers to llshl.o(.text) for __aeabi_llsl
    dadd.o(.text) refers to llshl.o(.text) for __aeabi_llsl
    dadd.o(.text) refers to llsshr.o(.text) for __aeabi_lasr
    dadd.o(.text) refers to depilogue.o(.text) for _double_epilogue
    dmul.o(.text) refers to depilogue.o(.text) for _double_epilogue
    ddiv.o(.text) refers to depilogue.o(.text) for _double_round
    dfixul.o(.text) refers to llushr.o(.text) for __aeabi_llsr
    dfixul.o(.text) refers to llshl.o(.text) for __aeabi_llsl
    init.o(.text) refers to entry5.o(.ARM.Collect$$$$00000004) for __main_after_scatterload
    depilogue.o(.text) refers to llshl.o(.text) for __aeabi_llsl
    depilogue.o(.text) refers to llushr.o(.text) for __aeabi_llsr


==============================================================================

Removing Unused input sections from the image.

    Removing startup_stm32f10x_hd.o(HEAP), (512 bytes).
    Removing stm32f10x_gpio.o(i.GPIO_AFIODeInit), (20 bytes).
    Removing stm32f10x_gpio.o(i.GPIO_DeInit), (200 bytes).
    Removing stm32f10x_gpio.o(i.GPIO_ETH_MediaInterfaceConfig), (12 bytes).
    Removing stm32f10x_gpio.o(i.GPIO_EXTILineConfig), (64 bytes).
    Removing stm32f10x_gpio.o(i.GPIO_EventOutputCmd), (12 bytes).
    Removing stm32f10x_gpio.o(i.GPIO_EventOutputConfig), (32 bytes).
    Removing stm32f10x_gpio.o(i.GPIO_PinLockConfig), (18 bytes).
    Removing stm32f10x_gpio.o(i.GPIO_PinRemapConfig), (144 bytes).
    Removing stm32f10x_gpio.o(i.GPIO_ReadInputData), (8 bytes).
    Removing stm32f10x_gpio.o(i.GPIO_ReadInputDataBit), (18 bytes).
    Removing stm32f10x_gpio.o(i.GPIO_ReadOutputData), (8 bytes).
    Removing stm32f10x_gpio.o(i.GPIO_ReadOutputDataBit), (18 bytes).
    Removing stm32f10x_gpio.o(i.GPIO_ResetBits), (4 bytes).
    Removing stm32f10x_gpio.o(i.GPIO_StructInit), (16 bytes).
    Removing stm32f10x_gpio.o(i.GPIO_Write), (4 bytes).
    Removing stm32f10x_gpio.o(i.GPIO_WriteBit), (10 bytes).
    Removing stm32f10x_rcc.o(i.RCC_ADCCLKConfig), (24 bytes).
    Removing stm32f10x_rcc.o(i.RCC_AHBPeriphClockCmd), (32 bytes).
    Removing stm32f10x_rcc.o(i.RCC_APB1PeriphResetCmd), (32 bytes).
    Removing stm32f10x_rcc.o(i.RCC_APB2PeriphResetCmd), (32 bytes).
    Removing stm32f10x_rcc.o(i.RCC_AdjustHSICalibrationValue), (24 bytes).
    Removing stm32f10x_rcc.o(i.RCC_BackupResetCmd), (12 bytes).
    Removing stm32f10x_rcc.o(i.RCC_ClearFlag), (20 bytes).
    Removing stm32f10x_rcc.o(i.RCC_ClearITPendingBit), (12 bytes).
    Removing stm32f10x_rcc.o(i.RCC_ClockSecuritySystemCmd), (12 bytes).
    Removing stm32f10x_rcc.o(i.RCC_DeInit), (76 bytes).
    Removing stm32f10x_rcc.o(i.RCC_GetFlagStatus), (60 bytes).
    Removing stm32f10x_rcc.o(i.RCC_GetITStatus), (24 bytes).
    Removing stm32f10x_rcc.o(i.RCC_GetSYSCLKSource), (16 bytes).
    Removing stm32f10x_rcc.o(i.RCC_HCLKConfig), (24 bytes).
    Removing stm32f10x_rcc.o(i.RCC_HSEConfig), (76 bytes).
    Removing stm32f10x_rcc.o(i.RCC_HSICmd), (12 bytes).
    Removing stm32f10x_rcc.o(i.RCC_ITConfig), (32 bytes).
    Removing stm32f10x_rcc.o(i.RCC_LSEConfig), (52 bytes).
    Removing stm32f10x_rcc.o(i.RCC_LSICmd), (12 bytes).
    Removing stm32f10x_rcc.o(i.RCC_MCOConfig), (12 bytes).
    Removing stm32f10x_rcc.o(i.RCC_PCLK1Config), (24 bytes).
    Removing stm32f10x_rcc.o(i.RCC_PCLK2Config), (24 bytes).
    Removing stm32f10x_rcc.o(i.RCC_PLLCmd), (12 bytes).
    Removing stm32f10x_rcc.o(i.RCC_PLLConfig), (28 bytes).
    Removing stm32f10x_rcc.o(i.RCC_RTCCLKCmd), (12 bytes).
    Removing stm32f10x_rcc.o(i.RCC_RTCCLKConfig), (16 bytes).
    Removing stm32f10x_rcc.o(i.RCC_SYSCLKConfig), (24 bytes).
    Removing stm32f10x_rcc.o(i.RCC_USBCLKConfig), (12 bytes).
    Removing stm32f10x_rcc.o(i.RCC_WaitForHSEStartUp), (56 bytes).
    Removing misc.o(i.NVIC_PriorityGroupConfig), (20 bytes).
    Removing misc.o(i.NVIC_SetVectorTable), (20 bytes).
    Removing misc.o(i.NVIC_SystemLPConfig), (32 bytes).
    Removing stm32f10x_usart.o(i.USART_ClearITPendingBit), (30 bytes).
    Removing stm32f10x_usart.o(i.USART_ClockInit), (34 bytes).
    Removing stm32f10x_usart.o(i.USART_ClockStructInit), (12 bytes).
    Removing stm32f10x_usart.o(i.USART_DMACmd), (18 bytes).
    Removing stm32f10x_usart.o(i.USART_DeInit), (156 bytes).
    Removing stm32f10x_usart.o(i.USART_HalfDuplexCmd), (24 bytes).
    Removing stm32f10x_usart.o(i.USART_IrDACmd), (24 bytes).
    Removing stm32f10x_usart.o(i.USART_IrDAConfig), (18 bytes).
    Removing stm32f10x_usart.o(i.USART_LINBreakDetectLengthConfig), (18 bytes).
    Removing stm32f10x_usart.o(i.USART_LINCmd), (24 bytes).
    Removing stm32f10x_usart.o(i.USART_OneBitMethodCmd), (24 bytes).
    Removing stm32f10x_usart.o(i.USART_OverSampling8Cmd), (22 bytes).
    Removing stm32f10x_usart.o(i.USART_ReceiverWakeUpCmd), (24 bytes).
    Removing stm32f10x_usart.o(i.USART_SendBreak), (10 bytes).
    Removing stm32f10x_usart.o(i.USART_SetAddress), (18 bytes).
    Removing stm32f10x_usart.o(i.USART_SetGuardTime), (16 bytes).
    Removing stm32f10x_usart.o(i.USART_SetPrescaler), (16 bytes).
    Removing stm32f10x_usart.o(i.USART_SmartCardCmd), (24 bytes).
    Removing stm32f10x_usart.o(i.USART_SmartCardNACKCmd), (24 bytes).
    Removing stm32f10x_usart.o(i.USART_StructInit), (24 bytes).
    Removing stm32f10x_usart.o(i.USART_WakeUpConfig), (18 bytes).
    Removing stm32f10x_tim.o(i.TIM_BDTRConfig), (32 bytes).
    Removing stm32f10x_tim.o(i.TIM_BDTRStructInit), (18 bytes).
    Removing stm32f10x_tim.o(i.TIM_CCPreloadControl), (24 bytes).
    Removing stm32f10x_tim.o(i.TIM_CCxCmd), (30 bytes).
    Removing stm32f10x_tim.o(i.TIM_CCxNCmd), (30 bytes).
    Removing stm32f10x_tim.o(i.TIM_ClearFlag), (6 bytes).
    Removing stm32f10x_tim.o(i.TIM_ClearOC1Ref), (18 bytes).
    Removing stm32f10x_tim.o(i.TIM_ClearOC2Ref), (24 bytes).
    Removing stm32f10x_tim.o(i.TIM_ClearOC3Ref), (18 bytes).
    Removing stm32f10x_tim.o(i.TIM_ClearOC4Ref), (24 bytes).
    Removing stm32f10x_tim.o(i.TIM_CounterModeConfig), (18 bytes).
    Removing stm32f10x_tim.o(i.TIM_DMACmd), (18 bytes).
    Removing stm32f10x_tim.o(i.TIM_DMAConfig), (10 bytes).
    Removing stm32f10x_tim.o(i.TIM_DeInit), (488 bytes).
    Removing stm32f10x_tim.o(i.TIM_ETRClockMode1Config), (54 bytes).
    Removing stm32f10x_tim.o(i.TIM_ETRClockMode2Config), (32 bytes).
    Removing stm32f10x_tim.o(i.TIM_ETRConfig), (28 bytes).
    Removing stm32f10x_tim.o(i.TIM_ForcedOC1Config), (18 bytes).
    Removing stm32f10x_tim.o(i.TIM_ForcedOC2Config), (26 bytes).
    Removing stm32f10x_tim.o(i.TIM_ForcedOC3Config), (18 bytes).
    Removing stm32f10x_tim.o(i.TIM_ForcedOC4Config), (26 bytes).
    Removing stm32f10x_tim.o(i.TIM_GenerateEvent), (4 bytes).
    Removing stm32f10x_tim.o(i.TIM_GetCapture1), (6 bytes).
    Removing stm32f10x_tim.o(i.TIM_GetCapture2), (6 bytes).
    Removing stm32f10x_tim.o(i.TIM_GetCapture3), (6 bytes).
    Removing stm32f10x_tim.o(i.TIM_GetCapture4), (8 bytes).
    Removing stm32f10x_tim.o(i.TIM_GetFlagStatus), (18 bytes).
    Removing stm32f10x_tim.o(i.TIM_GetPrescaler), (6 bytes).
    Removing stm32f10x_tim.o(i.TIM_ITRxExternalClockConfig), (24 bytes).
    Removing stm32f10x_tim.o(i.TIM_InternalClockConfig), (12 bytes).
    Removing stm32f10x_tim.o(i.TIM_OC1FastConfig), (18 bytes).
    Removing stm32f10x_tim.o(i.TIM_OC1NPolarityConfig), (18 bytes).
    Removing stm32f10x_tim.o(i.TIM_OC1PolarityConfig), (18 bytes).
    Removing stm32f10x_tim.o(i.TIM_OC2FastConfig), (26 bytes).
    Removing stm32f10x_tim.o(i.TIM_OC2NPolarityConfig), (26 bytes).
    Removing stm32f10x_tim.o(i.TIM_OC2PolarityConfig), (26 bytes).
    Removing stm32f10x_tim.o(i.TIM_OC3FastConfig), (18 bytes).
    Removing stm32f10x_tim.o(i.TIM_OC3Init), (160 bytes).
    Removing stm32f10x_tim.o(i.TIM_OC3NPolarityConfig), (26 bytes).
    Removing stm32f10x_tim.o(i.TIM_OC3PolarityConfig), (26 bytes).
    Removing stm32f10x_tim.o(i.TIM_OC3PreloadConfig), (18 bytes).
    Removing stm32f10x_tim.o(i.TIM_OC4FastConfig), (26 bytes).
    Removing stm32f10x_tim.o(i.TIM_OC4Init), (124 bytes).
    Removing stm32f10x_tim.o(i.TIM_OC4PolarityConfig), (26 bytes).
    Removing stm32f10x_tim.o(i.TIM_OC4PreloadConfig), (26 bytes).
    Removing stm32f10x_tim.o(i.TIM_OCStructInit), (20 bytes).
    Removing stm32f10x_tim.o(i.TIM_PWMIConfig), (124 bytes).
    Removing stm32f10x_tim.o(i.TIM_PrescalerConfig), (6 bytes).
    Removing stm32f10x_tim.o(i.TIM_SelectCCDMA), (24 bytes).
    Removing stm32f10x_tim.o(i.TIM_SelectCOM), (24 bytes).
    Removing stm32f10x_tim.o(i.TIM_SelectHallSensor), (24 bytes).
    Removing stm32f10x_tim.o(i.TIM_SelectInputTrigger), (18 bytes).
    Removing stm32f10x_tim.o(i.TIM_SelectMasterSlaveMode), (18 bytes).
    Removing stm32f10x_tim.o(i.TIM_SelectOCxM), (82 bytes).
    Removing stm32f10x_tim.o(i.TIM_SelectOnePulseMode), (18 bytes).
    Removing stm32f10x_tim.o(i.TIM_SelectOutputTrigger), (18 bytes).
    Removing stm32f10x_tim.o(i.TIM_SelectSlaveMode), (18 bytes).
    Removing stm32f10x_tim.o(i.TIM_SetAutoreload), (4 bytes).
    Removing stm32f10x_tim.o(i.TIM_SetClockDivision), (18 bytes).
    Removing stm32f10x_tim.o(i.TIM_SetCompare3), (4 bytes).
    Removing stm32f10x_tim.o(i.TIM_SetCompare4), (6 bytes).
    Removing stm32f10x_tim.o(i.TIM_TIxExternalClockConfig), (62 bytes).
    Removing stm32f10x_tim.o(i.TIM_UpdateDisableConfig), (24 bytes).
    Removing stm32f10x_tim.o(i.TIM_UpdateRequestConfig), (24 bytes).
    Removing stm32f10x_exti.o(i.EXTI_ClearFlag), (12 bytes).
    Removing stm32f10x_exti.o(i.EXTI_DeInit), (36 bytes).
    Removing stm32f10x_exti.o(i.EXTI_GenerateSWInterrupt), (16 bytes).
    Removing stm32f10x_exti.o(i.EXTI_GetFlagStatus), (24 bytes).
    Removing stm32f10x_exti.o(i.EXTI_Init), (148 bytes).
    Removing stm32f10x_exti.o(i.EXTI_StructInit), (16 bytes).
    Removing system_stm32f10x.o(i.SystemCoreClockUpdate), (164 bytes).
    Removing system_stm32f10x.o(.data), (20 bytes).
    Removing core_cm3.o(.emb_text), (32 bytes).
    Removing control.o(i.Control), (144 bytes).
    Removing control.o(.data), (8 bytes).
    Removing pid.o(i.Houtui40_13), (112 bytes).
    Removing pid.o(i.Incremental_PI), (128 bytes).
    Removing pid.o(i.Jiao90_18), (104 bytes).
    Removing pid.o(i.Jiao90_3), (104 bytes).
    Removing pid.o(i.Qianhou40), (108 bytes).
    Removing pid.o(i.Qianhou40_3), (116 bytes).
    Removing pid.o(i.Qianhou40_4), (116 bytes).
    Removing pid.o(i.Qianjin15_2), (96 bytes).
    Removing pid.o(i.Qianjin15_4), (96 bytes).
    Removing pid.o(i.Qianjin165), (172 bytes).
    Removing pid.o(i.Qianjin165_2), (156 bytes).
    Removing pid.o(i.Qianjin75_28), (160 bytes).
    Removing ano.o(i.Ano_SenF1), (136 bytes).
    Removing ano.o(i.Usart1_Send), (48 bytes).
    Removing ano.o(.bss), (20 bytes).
    Removing motion.o(i.Motion_After), (64 bytes).
    Removing motion.o(i.Motion_Front), (48 bytes).
    Removing motion.o(i.Motion_Jin), (136 bytes).
    Removing motion.o(i.Motion_Spin), (92 bytes).
    Removing motion.o(i.Motion_Turn), (52 bytes).
    Removing motion.o(i.Moton_Forward), (236 bytes).
    Removing exti.o(i.Exti_Init), (112 bytes).
    Removing systick.o(i.delay_us), (76 bytes).
    Removing fadd.o(.text), (176 bytes).
    Removing fmul.o(.text), (100 bytes).
    Removing fflti.o(.text), (18 bytes).
    Removing ffixi.o(.text), (50 bytes).
    Removing fepilogue.o(.text), (110 bytes).
    Removing dadd.o(.text), (334 bytes).
    Removing dmul.o(.text), (228 bytes).
    Removing ddiv.o(.text), (222 bytes).
    Removing dfixul.o(.text), (48 bytes).
    Removing cdrcmple.o(.text), (48 bytes).
    Removing depilogue.o(.text), (186 bytes).

179 unused section(s) (total 9350 bytes) removed from the image.

==============================================================================

Image Symbol Table

    Local Symbols

    Symbol Name                              Value     Ov Type        Size  Object(Section)

    ../clib/microlib/division.c              0x00000000   Number         0  uldiv.o ABSOLUTE
    ../clib/microlib/division.c              0x00000000   Number         0  uidiv.o ABSOLUTE
    ../clib/microlib/init/entry.s            0x00000000   Number         0  entry5.o ABSOLUTE
    ../clib/microlib/init/entry.s            0x00000000   Number         0  entry10a.o ABSOLUTE
    ../clib/microlib/init/entry.s            0x00000000   Number         0  entry9a.o ABSOLUTE
    ../clib/microlib/init/entry.s            0x00000000   Number         0  entry8b.o ABSOLUTE
    ../clib/microlib/init/entry.s            0x00000000   Number         0  entry8a.o ABSOLUTE
    ../clib/microlib/init/entry.s            0x00000000   Number         0  entry7a.o ABSOLUTE
    ../clib/microlib/init/entry.s            0x00000000   Number         0  entry2.o ABSOLUTE
    ../clib/microlib/init/entry.s            0x00000000   Number         0  entry9b.o ABSOLUTE
    ../clib/microlib/init/entry.s            0x00000000   Number         0  entry10b.o ABSOLUTE
    ../clib/microlib/init/entry.s            0x00000000   Number         0  entry7b.o ABSOLUTE
    ../clib/microlib/init/entry.s            0x00000000   Number         0  entry.o ABSOLUTE
    ../clib/microlib/init/entry.s            0x00000000   Number         0  entry11a.o ABSOLUTE
    ../clib/microlib/init/entry.s            0x00000000   Number         0  entry11b.o ABSOLUTE
    ../clib/microlib/init/entry.s            0x00000000   Number         0  entry12a.o ABSOLUTE
    ../clib/microlib/init/entry.s            0x00000000   Number         0  entry12b.o ABSOLUTE
    ../clib/microlib/longlong.c              0x00000000   Number         0  llshl.o ABSOLUTE
    ../clib/microlib/longlong.c              0x00000000   Number         0  llsshr.o ABSOLUTE
    ../clib/microlib/longlong.c              0x00000000   Number         0  llushr.o ABSOLUTE
    ../clib/microlib/printf/printf.c         0x00000000   Number         0  printf6.o ABSOLUTE
    ../clib/microlib/printf/printf.c         0x00000000   Number         0  printf5.o ABSOLUTE
    ../clib/microlib/printf/printf.c         0x00000000   Number         0  printf4.o ABSOLUTE
    ../clib/microlib/printf/printf.c         0x00000000   Number         0  printf3.o ABSOLUTE
    ../clib/microlib/printf/printf.c         0x00000000   Number         0  printf2.o ABSOLUTE
    ../clib/microlib/printf/printf.c         0x00000000   Number         0  printf0.o ABSOLUTE
    ../clib/microlib/printf/printf.c         0x00000000   Number         0  printfb.o ABSOLUTE
    ../clib/microlib/printf/printf.c         0x00000000   Number         0  printfa.o ABSOLUTE
    ../clib/microlib/printf/printf.c         0x00000000   Number         0  printf8.o ABSOLUTE
    ../clib/microlib/printf/printf.c         0x00000000   Number         0  printf1.o ABSOLUTE
    ../clib/microlib/printf/printf.c         0x00000000   Number         0  printf7.o ABSOLUTE
    ../clib/microlib/stdio/streams.c         0x00000000   Number         0  stdout.o ABSOLUTE
    ../clib/microlib/stubs.s                 0x00000000   Number         0  iusefp.o ABSOLUTE
    ../fplib/microlib/fpadd.c                0x00000000   Number         0  fadd.o ABSOLUTE
    ../fplib/microlib/fpadd.c                0x00000000   Number         0  dadd.o ABSOLUTE
    ../fplib/microlib/fpdiv.c                0x00000000   Number         0  ddiv.o ABSOLUTE
    ../fplib/microlib/fpepilogue.c           0x00000000   Number         0  fepilogue.o ABSOLUTE
    ../fplib/microlib/fpepilogue.c           0x00000000   Number         0  depilogue.o ABSOLUTE
    ../fplib/microlib/fpfix.c                0x00000000   Number         0  ffixi.o ABSOLUTE
    ../fplib/microlib/fpfix.c                0x00000000   Number         0  dfixul.o ABSOLUTE
    ../fplib/microlib/fpflt.c                0x00000000   Number         0  fflti.o ABSOLUTE
    ../fplib/microlib/fpmul.c                0x00000000   Number         0  fmul.o ABSOLUTE
    ../fplib/microlib/fpmul.c                0x00000000   Number         0  dmul.o ABSOLUTE
    APP\ANO\ano.c                            0x00000000   Number         0  ano.o ABSOLUTE
    APP\control\control.c                    0x00000000   Number         0  control.o ABSOLUTE
    APP\encoder\encoder.c                    0x00000000   Number         0  encoder.o ABSOLUTE
    APP\exti\exti.c                          0x00000000   Number         0  exti.o ABSOLUTE
    APP\key\key.c                            0x00000000   Number         0  key.o ABSOLUTE
    APP\led\led.c                            0x00000000   Number         0  led.o ABSOLUTE
    APP\motion\motion.c                      0x00000000   Number         0  motion.o ABSOLUTE
    APP\motor\motor.c                        0x00000000   Number         0  motor.o ABSOLUTE
    APP\pid\pid.c                            0x00000000   Number         0  pid.o ABSOLUTE
    APP\pwm\pwm.c                            0x00000000   Number         0  pwm.o ABSOLUTE
    APP\time6\time6.c                        0x00000000   Number         0  time6.o ABSOLUTE
    Libraries\CMSIS\core_cm3.c               0x00000000   Number         0  core_cm3.o ABSOLUTE
    Libraries\CMSIS\startup_stm32f10x_hd.s   0x00000000   Number         0  startup_stm32f10x_hd.o ABSOLUTE
    Libraries\CMSIS\system_stm32f10x.c       0x00000000   Number         0  system_stm32f10x.o ABSOLUTE
    Libraries\STM32F10x_StdPeriph_Driver\src\misc.c 0x00000000   Number         0  misc.o ABSOLUTE
    Libraries\STM32F10x_StdPeriph_Driver\src\stm32f10x_exti.c 0x00000000   Number         0  stm32f10x_exti.o ABSOLUTE
    Libraries\STM32F10x_StdPeriph_Driver\src\stm32f10x_gpio.c 0x00000000   Number         0  stm32f10x_gpio.o ABSOLUTE
    Libraries\STM32F10x_StdPeriph_Driver\src\stm32f10x_rcc.c 0x00000000   Number         0  stm32f10x_rcc.o ABSOLUTE
    Libraries\STM32F10x_StdPeriph_Driver\src\stm32f10x_tim.c 0x00000000   Number         0  stm32f10x_tim.o ABSOLUTE
    Libraries\STM32F10x_StdPeriph_Driver\src\stm32f10x_usart.c 0x00000000   Number         0  stm32f10x_usart.o ABSOLUTE
    Libraries\\CMSIS\\core_cm3.c             0x00000000   Number         0  core_cm3.o ABSOLUTE
    Public\SysTick.c                         0x00000000   Number         0  systick.o ABSOLUTE
    Public\system.c                          0x00000000   Number         0  system.o ABSOLUTE
    Public\usart.c                           0x00000000   Number         0  usart.o ABSOLUTE
    User\main.c                              0x00000000   Number         0  main.o ABSOLUTE
    User\stm32f10x_it.c                      0x00000000   Number         0  stm32f10x_it.o ABSOLUTE
    cdrcmple.s                               0x00000000   Number         0  cdrcmple.o ABSOLUTE
    dc.s                                     0x00000000   Number         0  dc.o ABSOLUTE
    handlers.s                               0x00000000   Number         0  handlers.o ABSOLUTE
    init.s                                   0x00000000   Number         0  init.o ABSOLUTE
    RESET                                    0x08000000   Section      304  startup_stm32f10x_hd.o(RESET)
    .ARM.Collect$$$$00000000                 0x08000130   Section        0  entry.o(.ARM.Collect$$$$00000000)
    .ARM.Collect$$$$00000001                 0x08000130   Section        4  entry2.o(.ARM.Collect$$$$00000001)
    .ARM.Collect$$$$00000004                 0x08000134   Section        4  entry5.o(.ARM.Collect$$$$00000004)
    .ARM.Collect$$$$00000008                 0x08000138   Section        0  entry7b.o(.ARM.Collect$$$$00000008)
    .ARM.Collect$$$$0000000A                 0x08000138   Section        0  entry8b.o(.ARM.Collect$$$$0000000A)
    .ARM.Collect$$$$0000000B                 0x08000138   Section        8  entry9a.o(.ARM.Collect$$$$0000000B)
    .ARM.Collect$$$$0000000E                 0x08000140   Section        4  entry12b.o(.ARM.Collect$$$$0000000E)
    .ARM.Collect$$$$0000000F                 0x08000144   Section        0  entry10a.o(.ARM.Collect$$$$0000000F)
    .ARM.Collect$$$$00000011                 0x08000144   Section        0  entry11a.o(.ARM.Collect$$$$00000011)
    .ARM.Collect$$$$00002712                 0x08000144   Section        4  entry2.o(.ARM.Collect$$$$00002712)
    __lit__00000000                          0x08000144   Data           4  entry2.o(.ARM.Collect$$$$00002712)
    .text                                    0x08000148   Section       36  startup_stm32f10x_hd.o(.text)
    .text                                    0x0800016c   Section       36  init.o(.text)
    i.BusFault_Handler                       0x08000190   Section        0  stm32f10x_it.o(i.BusFault_Handler)
    i.DebugMon_Handler                       0x08000194   Section        0  stm32f10x_it.o(i.DebugMon_Handler)
    i.EXTI9_5_IRQHandler                     0x08000198   Section        0  exti.o(i.EXTI9_5_IRQHandler)
    i.EXTI_ClearITPendingBit                 0x080001bc   Section        0  stm32f10x_exti.o(i.EXTI_ClearITPendingBit)
    i.EXTI_GetITStatus                       0x080001c8   Section        0  stm32f10x_exti.o(i.EXTI_GetITStatus)
    i.Encoder_Init                           0x080001f0   Section        0  encoder.o(i.Encoder_Init)
    i.Encoder_Init_Tim3                      0x080001fc   Section        0  encoder.o(i.Encoder_Init_Tim3)
    i.Encoder_Init_Tim4                      0x08000288   Section        0  encoder.o(i.Encoder_Init_Tim4)
    i.Encoder_Read                           0x08000314   Section        0  encoder.o(i.Encoder_Read)
    i.Fanhiu75                               0x08000358   Section        0  pid.o(i.Fanhiu75)
    i.Fanhiu75_2                             0x08000414   Section        0  pid.o(i.Fanhiu75_2)
    i.GPIO_Init                              0x080004c8   Section        0  stm32f10x_gpio.o(i.GPIO_Init)
    i.GPIO_SetBits                           0x080005de   Section        0  stm32f10x_gpio.o(i.GPIO_SetBits)
    i.HardFault_Handler                      0x080005e2   Section        0  stm32f10x_it.o(i.HardFault_Handler)
    i.Houtui40                               0x080005e8   Section        0  pid.o(i.Houtui40)
    i.Houtui40_22                            0x08000658   Section        0  pid.o(i.Houtui40_22)
    i.Houtui40_26                            0x080006c8   Section        0  pid.o(i.Houtui40_26)
    i.Houtui40_29                            0x08000738   Section        0  pid.o(i.Houtui40_29)
    i.HoutuiX                                0x080007a8   Section        0  pid.o(i.HoutuiX)
    i.Jiao180                                0x08000818   Section        0  pid.o(i.Jiao180)
    i.Jiao90                                 0x08000880   Section        0  pid.o(i.Jiao90)
    i.Jiao90_2                               0x080008e8   Section        0  pid.o(i.Jiao90_2)
    i.Jiao90_23                              0x08000950   Section        0  pid.o(i.Jiao90_23)
    i.Jiao90x                                0x080009b8   Section        0  pid.o(i.Jiao90x)
    i.Jiao_90                                0x08000a1c   Section        0  pid.o(i.Jiao_90)
    i.Jiao_90_19                             0x08000a84   Section        0  pid.o(i.Jiao_90_19)
    i.Jiao_90_2                              0x08000aec   Section        0  pid.o(i.Jiao_90_2)
    i.Jiao_90_31                             0x08000b54   Section        0  pid.o(i.Jiao_90_31)
    i.Key_Init                               0x08000bbc   Section        0  key.o(i.Key_Init)
    i.Key_Scam                               0x08000c04   Section        0  key.o(i.Key_Scam)
    i.LED_Init                               0x08000c4c   Section        0  led.o(i.LED_Init)
    i.MemManage_Handler                      0x08000d00   Section        0  stm32f10x_it.o(i.MemManage_Handler)
    i.Motor_Init                             0x08000d04   Section        0  motor.o(i.Motor_Init)
    i.Motor_Limit                            0x08000e7c   Section        0  motor.o(i.Motor_Limit)
    i.Motor_Motion                           0x08000ea4   Section        0  motor.o(i.Motor_Motion)
    i.NMI_Handler                            0x08000f18   Section        0  stm32f10x_it.o(i.NMI_Handler)
    i.NVIC_Init                              0x08000f1c   Section        0  misc.o(i.NVIC_Init)
    i.PendSV_Handler                         0x08000f8c   Section        0  stm32f10x_it.o(i.PendSV_Handler)
    i.Qianhou40_10                           0x08000f90   Section        0  pid.o(i.Qianhou40_10)
    i.Qianhou40_11                           0x08000ffc   Section        0  pid.o(i.Qianhou40_11)
    i.Qianhou40_15                           0x08001068   Section        0  pid.o(i.Qianhou40_15)
    i.Qianhou40_2                            0x080010d4   Section        0  pid.o(i.Qianhou40_2)
    i.Qianhou40_20                           0x08001140   Section        0  pid.o(i.Qianhou40_20)
    i.Qianhou40_27                           0x080011ac   Section        0  pid.o(i.Qianhou40_27)
    i.Qianhou40_30                           0x08001218   Section        0  pid.o(i.Qianhou40_30)
    i.Qianhou40x                             0x08001284   Section        0  pid.o(i.Qianhou40x)
    i.Qianjin120                             0x080012ec   Section        0  pid.o(i.Qianjin120)
    i.Qianjin15                              0x0800139c   Section        0  pid.o(i.Qianjin15)
    i.Qianjin150                             0x08001438   Section        0  pid.o(i.Qianjin150)
    i.Qianjin15_16                           0x080014d4   Section        0  pid.o(i.Qianjin15_16)
    i.Qianjin15_24                           0x08001570   Section        0  pid.o(i.Qianjin15_24)
    i.Qianjin15_3                            0x080015d0   Section        0  pid.o(i.Qianjin15_3)
    i.Qianjin15_5                            0x08001630   Section        0  pid.o(i.Qianjin15_5)
    i.Qianjin15_6                            0x08001690   Section        0  pid.o(i.Qianjin15_6)
    i.Qianjin165_21                          0x080016f0   Section        0  pid.o(i.Qianjin165_21)
    i.Qianjin165x                            0x0800179c   Section        0  pid.o(i.Qianjin165x)
    i.Qianjin255                             0x08001848   Section        0  pid.o(i.Qianjin255)
    i.Qianjin60                              0x080018f4   Section        0  pid.o(i.Qianjin60)
    i.Qianjin75                              0x08001990   Section        0  pid.o(i.Qianjin75)
    i.Qianjin75_12                           0x08001a30   Section        0  pid.o(i.Qianjin75_12)
    i.Qianjin75_14                           0x08001ad0   Section        0  pid.o(i.Qianjin75_14)
    i.Qianjin75_2                            0x08001b70   Section        0  pid.o(i.Qianjin75_2)
    i.Qianjin75_25                           0x08001c10   Section        0  pid.o(i.Qianjin75_25)
    i.Qianjin90                              0x08001cb0   Section        0  pid.o(i.Qianjin90)
    i.RCC_APB1PeriphClockCmd                 0x08001d4c   Section        0  stm32f10x_rcc.o(i.RCC_APB1PeriphClockCmd)
    i.RCC_APB2PeriphClockCmd                 0x08001d6c   Section        0  stm32f10x_rcc.o(i.RCC_APB2PeriphClockCmd)
    i.RCC_GetClocksFreq                      0x08001d8c   Section        0  stm32f10x_rcc.o(i.RCC_GetClocksFreq)
    i.SVC_Handler                            0x08001e60   Section        0  stm32f10x_it.o(i.SVC_Handler)
    i.SetSysClock                            0x08001e62   Section        0  system_stm32f10x.o(i.SetSysClock)
    SetSysClock                              0x08001e63   Thumb Code     8  system_stm32f10x.o(i.SetSysClock)
    i.SetSysClockTo72                        0x08001e6c   Section        0  system_stm32f10x.o(i.SetSysClockTo72)
    SetSysClockTo72                          0x08001e6d   Thumb Code   214  system_stm32f10x.o(i.SetSysClockTo72)
    i.SysTick_CLKSourceConfig                0x08001f4c   Section        0  misc.o(i.SysTick_CLKSourceConfig)
    i.SysTick_Handler                        0x08001f74   Section        0  stm32f10x_it.o(i.SysTick_Handler)
    i.SysTick_Init                           0x08001f78   Section        0  systick.o(i.SysTick_Init)
    i.SystemInit                             0x08001fb4   Section        0  system_stm32f10x.o(i.SystemInit)
    i.TI1_Config                             0x08002014   Section        0  stm32f10x_tim.o(i.TI1_Config)
    TI1_Config                               0x08002015   Thumb Code   108  stm32f10x_tim.o(i.TI1_Config)
    i.TI2_Config                             0x08002094   Section        0  stm32f10x_tim.o(i.TI2_Config)
    TI2_Config                               0x08002095   Thumb Code   130  stm32f10x_tim.o(i.TI2_Config)
    i.TI3_Config                             0x0800212c   Section        0  stm32f10x_tim.o(i.TI3_Config)
    TI3_Config                               0x0800212d   Thumb Code   122  stm32f10x_tim.o(i.TI3_Config)
    i.TI4_Config                             0x080021bc   Section        0  stm32f10x_tim.o(i.TI4_Config)
    TI4_Config                               0x080021bd   Thumb Code   130  stm32f10x_tim.o(i.TI4_Config)
    i.TIM6_IRQHandler                        0x08002254   Section        0  time6.o(i.TIM6_IRQHandler)
    i.TIM_ARRPreloadConfig                   0x08002c14   Section        0  stm32f10x_tim.o(i.TIM_ARRPreloadConfig)
    i.TIM_ClearITPendingBit                  0x08002c2c   Section        0  stm32f10x_tim.o(i.TIM_ClearITPendingBit)
    i.TIM_Cmd                                0x08002c32   Section        0  stm32f10x_tim.o(i.TIM_Cmd)
    i.TIM_CtrlPWMOutputs                     0x08002c4a   Section        0  stm32f10x_tim.o(i.TIM_CtrlPWMOutputs)
    i.TIM_EncoderInterfaceConfig             0x08002c68   Section        0  stm32f10x_tim.o(i.TIM_EncoderInterfaceConfig)
    i.TIM_GetCounter                         0x08002caa   Section        0  stm32f10x_tim.o(i.TIM_GetCounter)
    i.TIM_GetITStatus                        0x08002cb0   Section        0  stm32f10x_tim.o(i.TIM_GetITStatus)
    i.TIM_ICInit                             0x08002cd4   Section        0  stm32f10x_tim.o(i.TIM_ICInit)
    i.TIM_ICStructInit                       0x08002d80   Section        0  stm32f10x_tim.o(i.TIM_ICStructInit)
    i.TIM_ITConfig                           0x08002d92   Section        0  stm32f10x_tim.o(i.TIM_ITConfig)
    i.TIM_OC1Init                            0x08002da4   Section        0  stm32f10x_tim.o(i.TIM_OC1Init)
    i.TIM_OC1PreloadConfig                   0x08002e3c   Section        0  stm32f10x_tim.o(i.TIM_OC1PreloadConfig)
    i.TIM_OC2Init                            0x08002e50   Section        0  stm32f10x_tim.o(i.TIM_OC2Init)
    i.TIM_OC2PreloadConfig                   0x08002ef4   Section        0  stm32f10x_tim.o(i.TIM_OC2PreloadConfig)
    i.TIM_SetCompare1                        0x08002f0e   Section        0  stm32f10x_tim.o(i.TIM_SetCompare1)
    i.TIM_SetCompare2                        0x08002f12   Section        0  stm32f10x_tim.o(i.TIM_SetCompare2)
    i.TIM_SetCounter                         0x08002f16   Section        0  stm32f10x_tim.o(i.TIM_SetCounter)
    i.TIM_SetIC1Prescaler                    0x08002f1a   Section        0  stm32f10x_tim.o(i.TIM_SetIC1Prescaler)
    i.TIM_SetIC2Prescaler                    0x08002f2c   Section        0  stm32f10x_tim.o(i.TIM_SetIC2Prescaler)
    i.TIM_SetIC3Prescaler                    0x08002f46   Section        0  stm32f10x_tim.o(i.TIM_SetIC3Prescaler)
    i.TIM_SetIC4Prescaler                    0x08002f58   Section        0  stm32f10x_tim.o(i.TIM_SetIC4Prescaler)
    i.TIM_TimeBaseInit                       0x08002f74   Section        0  stm32f10x_tim.o(i.TIM_TimeBaseInit)
    i.TIM_TimeBaseStructInit                 0x08003018   Section        0  stm32f10x_tim.o(i.TIM_TimeBaseStructInit)
    i.Tim1_Pwm_Init                          0x0800302c   Section        0  pwm.o(i.Tim1_Pwm_Init)
    i.Tim6_Init                              0x080030c8   Section        0  time6.o(i.Tim6_Init)
    i.UART4_IRQHandler                       0x0800312c   Section        0  usart.o(i.UART4_IRQHandler)
    i.USART1_IRQHandler                      0x08003150   Section        0  usart.o(i.USART1_IRQHandler)
    i.USART3_IRQHandler                      0x0800317c   Section        0  usart.o(i.USART3_IRQHandler)
    i.USART_ClearFlag                        0x080031d0   Section        0  stm32f10x_usart.o(i.USART_ClearFlag)
    i.USART_Cmd                              0x080031e2   Section        0  stm32f10x_usart.o(i.USART_Cmd)
    i.USART_GetFlagStatus                    0x080031fa   Section        0  stm32f10x_usart.o(i.USART_GetFlagStatus)
    i.USART_GetITStatus                      0x08003214   Section        0  stm32f10x_usart.o(i.USART_GetITStatus)
    i.USART_ITConfig                         0x08003268   Section        0  stm32f10x_usart.o(i.USART_ITConfig)
    i.USART_Init                             0x080032b4   Section        0  stm32f10x_usart.o(i.USART_Init)
    i.USART_ReceiveData                      0x0800338c   Section        0  stm32f10x_usart.o(i.USART_ReceiveData)
    i.USART_SendData                         0x08003396   Section        0  stm32f10x_usart.o(i.USART_SendData)
    i.Uart4_Init                             0x080033a0   Section        0  usart.o(i.Uart4_Init)
    i.UsageFault_Handler                     0x08003450   Section        0  stm32f10x_it.o(i.UsageFault_Handler)
    i.Usart1_Init                            0x08003454   Section        0  usart.o(i.Usart1_Init)
    i.Usart3_Init                            0x08003504   Section        0  usart.o(i.Usart3_Init)
    i.Usart4_Ditu                            0x080035b4   Section        0  usart.o(i.Usart4_Ditu)
    i.Usart4fa_1                             0x080036ec   Section        0  usart.o(i.Usart4fa_1)
    i.Usart4fa_2                             0x08003718   Section        0  usart.o(i.Usart4fa_2)
    i.Usart4fa_3                             0x08003744   Section        0  usart.o(i.Usart4fa_3)
    i.Usart4fa_4                             0x08003770   Section        0  usart.o(i.Usart4fa_4)
    i.Usart4fa_9                             0x0800379c   Section        0  usart.o(i.Usart4fa_9)
    i.__0printf$bare                         0x080037c8   Section        0  printfb.o(i.__0printf$bare)
    i.__scatterload_copy                     0x080037d8   Section       14  handlers.o(i.__scatterload_copy)
    i.__scatterload_null                     0x080037e6   Section        2  handlers.o(i.__scatterload_null)
    i.__scatterload_zeroinit                 0x080037e8   Section       14  handlers.o(i.__scatterload_zeroinit)
    i._printf_core                           0x080037f6   Section        0  printfb.o(i._printf_core)
    _printf_core                             0x080037f7   Thumb Code    34  printfb.o(i._printf_core)
    i.delay_ms                               0x08003818   Section        0  systick.o(i.delay_ms)
    i.fputc                                  0x08003864   Section        0  usart.o(i.fputc)
    i.main                                   0x08003888   Section        0  main.o(i.main)
    .data                                    0x20000000   Section       20  stm32f10x_rcc.o(.data)
    APBAHBPrescTable                         0x20000000   Data          16  stm32f10x_rcc.o(.data)
    ADCPrescTable                            0x20000010   Data           4  stm32f10x_rcc.o(.data)
    .data                                    0x20000014   Section      224  pid.o(.data)
    Bias                                     0x20000014   Data           4  pid.o(.data)
    Pwm                                      0x20000018   Data           4  pid.o(.data)
    Last_bias                                0x2000001c   Data           4  pid.o(.data)
    encs                                     0x20000020   Data           4  pid.o(.data)
    encs                                     0x20000024   Data           4  pid.o(.data)
    encs                                     0x20000028   Data           4  pid.o(.data)
    encs                                     0x2000002c   Data           4  pid.o(.data)
    encs                                     0x20000030   Data           4  pid.o(.data)
    encs                                     0x20000034   Data           4  pid.o(.data)
    encs                                     0x20000038   Data           4  pid.o(.data)
    encs                                     0x2000003c   Data           4  pid.o(.data)
    encs                                     0x20000040   Data           4  pid.o(.data)
    encs                                     0x20000044   Data           4  pid.o(.data)
    encs                                     0x20000048   Data           4  pid.o(.data)
    encs                                     0x2000004c   Data           4  pid.o(.data)
    encs                                     0x20000050   Data           4  pid.o(.data)
    encs                                     0x20000054   Data           4  pid.o(.data)
    encs                                     0x20000058   Data           4  pid.o(.data)
    encs                                     0x2000005c   Data           4  pid.o(.data)
    encs                                     0x20000060   Data           4  pid.o(.data)
    encs                                     0x20000064   Data           4  pid.o(.data)
    encs                                     0x20000068   Data           4  pid.o(.data)
    encs                                     0x2000006c   Data           4  pid.o(.data)
    encs                                     0x20000070   Data           4  pid.o(.data)
    encs                                     0x20000074   Data           4  pid.o(.data)
    encs                                     0x20000078   Data           4  pid.o(.data)
    encs                                     0x2000007c   Data           4  pid.o(.data)
    encs                                     0x20000080   Data           4  pid.o(.data)
    encs                                     0x20000084   Data           4  pid.o(.data)
    encs                                     0x20000088   Data           4  pid.o(.data)
    encs                                     0x2000008c   Data           4  pid.o(.data)
    encs                                     0x20000090   Data           4  pid.o(.data)
    encs                                     0x20000094   Data           4  pid.o(.data)
    encs                                     0x20000098   Data           4  pid.o(.data)
    encs                                     0x2000009c   Data           4  pid.o(.data)
    encs                                     0x200000a0   Data           4  pid.o(.data)
    encs                                     0x200000a4   Data           4  pid.o(.data)
    encs                                     0x200000a8   Data           4  pid.o(.data)
    encs                                     0x200000ac   Data           4  pid.o(.data)
    encs                                     0x200000b0   Data           4  pid.o(.data)
    encs                                     0x200000b4   Data           4  pid.o(.data)
    encs                                     0x200000b8   Data           4  pid.o(.data)
    encs                                     0x200000bc   Data           4  pid.o(.data)
    encs                                     0x200000c0   Data           4  pid.o(.data)
    encs                                     0x200000c4   Data           4  pid.o(.data)
    encs                                     0x200000c8   Data           4  pid.o(.data)
    encs                                     0x200000cc   Data           4  pid.o(.data)
    encs                                     0x200000d0   Data           4  pid.o(.data)
    encs                                     0x200000d4   Data           4  pid.o(.data)
    encs                                     0x200000d8   Data           4  pid.o(.data)
    encs                                     0x200000dc   Data           4  pid.o(.data)
    encs                                     0x200000e0   Data           4  pid.o(.data)
    encs                                     0x200000e4   Data           4  pid.o(.data)
    encs                                     0x200000e8   Data           4  pid.o(.data)
    encs                                     0x200000ec   Data           4  pid.o(.data)
    encs                                     0x200000f0   Data           4  pid.o(.data)
    .data                                    0x200000f4   Section        4  time6.o(.data)
    i                                        0x200000f4   Data           4  time6.o(.data)
    .data                                    0x200000f8   Section       11  motion.o(.data)
    .data                                    0x20000104   Section        4  systick.o(.data)
    fac_us                                   0x20000104   Data           1  systick.o(.data)
    fac_ms                                   0x20000106   Data           2  systick.o(.data)
    .data                                    0x20000108   Section        6  usart.o(.data)
    i                                        0x2000010d   Data           1  usart.o(.data)
    .data                                    0x20000110   Section        4  stdout.o(.data)
    STACK                                    0x20000118   Section     1024  startup_stm32f10x_hd.o(STACK)

    Global Symbols

    Symbol Name                              Value     Ov Type        Size  Object(Section)

    BuildAttributes$$THM_ISAv4$P$D$K$B$S$PE$A:L22UL41UL21$X:L11$S22US41US21$IEEE1$IW$USESV6$~STKCKD$USESV7$~SHL$OTIME$ROPI$EBA8$MICROLIB$REQ8$PRES8$EABIv2 0x00000000   Number         0  anon$$obj.o ABSOLUTE
    __ARM_use_no_argv                        0x00000000   Number         0  main.o ABSOLUTE
    __arm_fini_                               - Undefined Weak Reference
    __cpp_initialize__aeabi_                  - Undefined Weak Reference
    __cxa_finalize                            - Undefined Weak Reference
    __decompress                              - Undefined Weak Reference
    _clock_init                               - Undefined Weak Reference
    _microlib_exit                            - Undefined Weak Reference
    __Vectors_Size                           0x00000130   Number         0  startup_stm32f10x_hd.o ABSOLUTE
    __Vectors                                0x08000000   Data           4  startup_stm32f10x_hd.o(RESET)
    __Vectors_End                            0x08000130   Data           0  startup_stm32f10x_hd.o(RESET)
    __main                                   0x08000131   Thumb Code     0  entry.o(.ARM.Collect$$$$00000000)
    _main_stk                                0x08000131   Thumb Code     0  entry2.o(.ARM.Collect$$$$00000001)
    _main_scatterload                        0x08000135   Thumb Code     0  entry5.o(.ARM.Collect$$$$00000004)
    __main_after_scatterload                 0x08000139   Thumb Code     0  entry5.o(.ARM.Collect$$$$00000004)
    _main_clock                              0x08000139   Thumb Code     0  entry7b.o(.ARM.Collect$$$$00000008)
    _main_cpp_init                           0x08000139   Thumb Code     0  entry8b.o(.ARM.Collect$$$$0000000A)
    _main_init                               0x08000139   Thumb Code     0  entry9a.o(.ARM.Collect$$$$0000000B)
    __rt_lib_shutdown_fini                   0x08000141   Thumb Code     0  entry12b.o(.ARM.Collect$$$$0000000E)
    __rt_final_cpp                           0x08000145   Thumb Code     0  entry10a.o(.ARM.Collect$$$$0000000F)
    __rt_final_exit                          0x08000145   Thumb Code     0  entry11a.o(.ARM.Collect$$$$00000011)
    Reset_Handler                            0x08000149   Thumb Code     8  startup_stm32f10x_hd.o(.text)
    ADC1_2_IRQHandler                        0x08000163   Thumb Code     0  startup_stm32f10x_hd.o(.text)
    ADC3_IRQHandler                          0x08000163   Thumb Code     0  startup_stm32f10x_hd.o(.text)
    CAN1_RX1_IRQHandler                      0x08000163   Thumb Code     0  startup_stm32f10x_hd.o(.text)
    CAN1_SCE_IRQHandler                      0x08000163   Thumb Code     0  startup_stm32f10x_hd.o(.text)
    DMA1_Channel1_IRQHandler                 0x08000163   Thumb Code     0  startup_stm32f10x_hd.o(.text)
    DMA1_Channel2_IRQHandler                 0x08000163   Thumb Code     0  startup_stm32f10x_hd.o(.text)
    DMA1_Channel3_IRQHandler                 0x08000163   Thumb Code     0  startup_stm32f10x_hd.o(.text)
    DMA1_Channel4_IRQHandler                 0x08000163   Thumb Code     0  startup_stm32f10x_hd.o(.text)
    DMA1_Channel5_IRQHandler                 0x08000163   Thumb Code     0  startup_stm32f10x_hd.o(.text)
    DMA1_Channel6_IRQHandler                 0x08000163   Thumb Code     0  startup_stm32f10x_hd.o(.text)
    DMA1_Channel7_IRQHandler                 0x08000163   Thumb Code     0  startup_stm32f10x_hd.o(.text)
    DMA2_Channel1_IRQHandler                 0x08000163   Thumb Code     0  startup_stm32f10x_hd.o(.text)
    DMA2_Channel2_IRQHandler                 0x08000163   Thumb Code     0  startup_stm32f10x_hd.o(.text)
    DMA2_Channel3_IRQHandler                 0x08000163   Thumb Code     0  startup_stm32f10x_hd.o(.text)
    DMA2_Channel4_5_IRQHandler               0x08000163   Thumb Code     0  startup_stm32f10x_hd.o(.text)
    EXTI0_IRQHandler                         0x08000163   Thumb Code     0  startup_stm32f10x_hd.o(.text)
    EXTI15_10_IRQHandler                     0x08000163   Thumb Code     0  startup_stm32f10x_hd.o(.text)
    EXTI1_IRQHandler                         0x08000163   Thumb Code     0  startup_stm32f10x_hd.o(.text)
    EXTI2_IRQHandler                         0x08000163   Thumb Code     0  startup_stm32f10x_hd.o(.text)
    EXTI3_IRQHandler                         0x08000163   Thumb Code     0  startup_stm32f10x_hd.o(.text)
    EXTI4_IRQHandler                         0x08000163   Thumb Code     0  startup_stm32f10x_hd.o(.text)
    FLASH_IRQHandler                         0x08000163   Thumb Code     0  startup_stm32f10x_hd.o(.text)
    FSMC_IRQHandler                          0x08000163   Thumb Code     0  startup_stm32f10x_hd.o(.text)
    I2C1_ER_IRQHandler                       0x08000163   Thumb Code     0  startup_stm32f10x_hd.o(.text)
    I2C1_EV_IRQHandler                       0x08000163   Thumb Code     0  startup_stm32f10x_hd.o(.text)
    I2C2_ER_IRQHandler                       0x08000163   Thumb Code     0  startup_stm32f10x_hd.o(.text)
    I2C2_EV_IRQHandler                       0x08000163   Thumb Code     0  startup_stm32f10x_hd.o(.text)
    PVD_IRQHandler                           0x08000163   Thumb Code     0  startup_stm32f10x_hd.o(.text)
    RCC_IRQHandler                           0x08000163   Thumb Code     0  startup_stm32f10x_hd.o(.text)
    RTCAlarm_IRQHandler                      0x08000163   Thumb Code     0  startup_stm32f10x_hd.o(.text)
    RTC_IRQHandler                           0x08000163   Thumb Code     0  startup_stm32f10x_hd.o(.text)
    SDIO_IRQHandler                          0x08000163   Thumb Code     0  startup_stm32f10x_hd.o(.text)
    SPI1_IRQHandler                          0x08000163   Thumb Code     0  startup_stm32f10x_hd.o(.text)
    SPI2_IRQHandler                          0x08000163   Thumb Code     0  startup_stm32f10x_hd.o(.text)
    SPI3_IRQHandler                          0x08000163   Thumb Code     0  startup_stm32f10x_hd.o(.text)
    TAMPER_IRQHandler                        0x08000163   Thumb Code     0  startup_stm32f10x_hd.o(.text)
    TIM1_BRK_IRQHandler                      0x08000163   Thumb Code     0  startup_stm32f10x_hd.o(.text)
    TIM1_CC_IRQHandler                       0x08000163   Thumb Code     0  startup_stm32f10x_hd.o(.text)
    TIM1_TRG_COM_IRQHandler                  0x08000163   Thumb Code     0  startup_stm32f10x_hd.o(.text)
    TIM1_UP_IRQHandler                       0x08000163   Thumb Code     0  startup_stm32f10x_hd.o(.text)
    TIM2_IRQHandler                          0x08000163   Thumb Code     0  startup_stm32f10x_hd.o(.text)
    TIM3_IRQHandler                          0x08000163   Thumb Code     0  startup_stm32f10x_hd.o(.text)
    TIM4_IRQHandler                          0x08000163   Thumb Code     0  startup_stm32f10x_hd.o(.text)
    TIM5_IRQHandler                          0x08000163   Thumb Code     0  startup_stm32f10x_hd.o(.text)
    TIM7_IRQHandler                          0x08000163   Thumb Code     0  startup_stm32f10x_hd.o(.text)
    TIM8_BRK_IRQHandler                      0x08000163   Thumb Code     0  startup_stm32f10x_hd.o(.text)
    TIM8_CC_IRQHandler                       0x08000163   Thumb Code     0  startup_stm32f10x_hd.o(.text)
    TIM8_TRG_COM_IRQHandler                  0x08000163   Thumb Code     0  startup_stm32f10x_hd.o(.text)
    TIM8_UP_IRQHandler                       0x08000163   Thumb Code     0  startup_stm32f10x_hd.o(.text)
    UART5_IRQHandler                         0x08000163   Thumb Code     0  startup_stm32f10x_hd.o(.text)
    USART2_IRQHandler                        0x08000163   Thumb Code     0  startup_stm32f10x_hd.o(.text)
    USBWakeUp_IRQHandler                     0x08000163   Thumb Code     0  startup_stm32f10x_hd.o(.text)
    USB_HP_CAN1_TX_IRQHandler                0x08000163   Thumb Code     0  startup_stm32f10x_hd.o(.text)
    USB_LP_CAN1_RX0_IRQHandler               0x08000163   Thumb Code     0  startup_stm32f10x_hd.o(.text)
    WWDG_IRQHandler                          0x08000163   Thumb Code     0  startup_stm32f10x_hd.o(.text)
    __scatterload                            0x0800016d   Thumb Code    28  init.o(.text)
    __scatterload_rt2                        0x0800016d   Thumb Code     0  init.o(.text)
    BusFault_Handler                         0x08000191   Thumb Code     4  stm32f10x_it.o(i.BusFault_Handler)
    DebugMon_Handler                         0x08000195   Thumb Code     2  stm32f10x_it.o(i.DebugMon_Handler)
    EXTI9_5_IRQHandler                       0x08000199   Thumb Code    30  exti.o(i.EXTI9_5_IRQHandler)
    EXTI_ClearITPendingBit                   0x080001bd   Thumb Code     6  stm32f10x_exti.o(i.EXTI_ClearITPendingBit)
    EXTI_GetITStatus                         0x080001c9   Thumb Code    34  stm32f10x_exti.o(i.EXTI_GetITStatus)
    Encoder_Init                             0x080001f1   Thumb Code    12  encoder.o(i.Encoder_Init)
    Encoder_Init_Tim3                        0x080001fd   Thumb Code   130  encoder.o(i.Encoder_Init_Tim3)
    Encoder_Init_Tim4                        0x08000289   Thumb Code   130  encoder.o(i.Encoder_Init_Tim4)
    Encoder_Read                             0x08000315   Thumb Code    60  encoder.o(i.Encoder_Read)
    Fanhiu75                                 0x08000359   Thumb Code   166  pid.o(i.Fanhiu75)
    Fanhiu75_2                               0x08000415   Thumb Code   164  pid.o(i.Fanhiu75_2)
    GPIO_Init                                0x080004c9   Thumb Code   278  stm32f10x_gpio.o(i.GPIO_Init)
    GPIO_SetBits                             0x080005df   Thumb Code     4  stm32f10x_gpio.o(i.GPIO_SetBits)
    HardFault_Handler                        0x080005e3   Thumb Code     4  stm32f10x_it.o(i.HardFault_Handler)
    Houtui40                                 0x080005e9   Thumb Code   100  pid.o(i.Houtui40)
    Houtui40_22                              0x08000659   Thumb Code   100  pid.o(i.Houtui40_22)
    Houtui40_26                              0x080006c9   Thumb Code   100  pid.o(i.Houtui40_26)
    Houtui40_29                              0x08000739   Thumb Code   100  pid.o(i.Houtui40_29)
    HoutuiX                                  0x080007a9   Thumb Code   100  pid.o(i.HoutuiX)
    Jiao180                                  0x08000819   Thumb Code    94  pid.o(i.Jiao180)
    Jiao90                                   0x08000881   Thumb Code    94  pid.o(i.Jiao90)
    Jiao90_2                                 0x080008e9   Thumb Code    94  pid.o(i.Jiao90_2)
    Jiao90_23                                0x08000951   Thumb Code    94  pid.o(i.Jiao90_23)
    Jiao90x                                  0x080009b9   Thumb Code    92  pid.o(i.Jiao90x)
    Jiao_90                                  0x08000a1d   Thumb Code    92  pid.o(i.Jiao_90)
    Jiao_90_19                               0x08000a85   Thumb Code    92  pid.o(i.Jiao_90_19)
    Jiao_90_2                                0x08000aed   Thumb Code    92  pid.o(i.Jiao_90_2)
    Jiao_90_31                               0x08000b55   Thumb Code    92  pid.o(i.Jiao_90_31)
    Key_Init                                 0x08000bbd   Thumb Code    64  key.o(i.Key_Init)
    Key_Scam                                 0x08000c05   Thumb Code    62  key.o(i.Key_Scam)
    LED_Init                                 0x08000c4d   Thumb Code   164  led.o(i.LED_Init)
    MemManage_Handler                        0x08000d01   Thumb Code     4  stm32f10x_it.o(i.MemManage_Handler)
    Motor_Init                               0x08000d05   Thumb Code   348  motor.o(i.Motor_Init)
    Motor_Limit                              0x08000e7d   Thumb Code    36  motor.o(i.Motor_Limit)
    Motor_Motion                             0x08000ea5   Thumb Code   100  motor.o(i.Motor_Motion)
    NMI_Handler                              0x08000f19   Thumb Code     2  stm32f10x_it.o(i.NMI_Handler)
    NVIC_Init                                0x08000f1d   Thumb Code   100  misc.o(i.NVIC_Init)
    PendSV_Handler                           0x08000f8d   Thumb Code     2  stm32f10x_it.o(i.PendSV_Handler)
    Qianhou40_10                             0x08000f91   Thumb Code    98  pid.o(i.Qianhou40_10)
    Qianhou40_11                             0x08000ffd   Thumb Code    98  pid.o(i.Qianhou40_11)
    Qianhou40_15                             0x08001069   Thumb Code    98  pid.o(i.Qianhou40_15)
    Qianhou40_2                              0x080010d5   Thumb Code    98  pid.o(i.Qianhou40_2)
    Qianhou40_20                             0x08001141   Thumb Code    98  pid.o(i.Qianhou40_20)
    Qianhou40_27                             0x080011ad   Thumb Code    98  pid.o(i.Qianhou40_27)
    Qianhou40_30                             0x08001219   Thumb Code    98  pid.o(i.Qianhou40_30)
    Qianhou40x                               0x08001285   Thumb Code    96  pid.o(i.Qianhou40x)
    Qianjin120                               0x080012ed   Thumb Code   160  pid.o(i.Qianjin120)
    Qianjin15                                0x0800139d   Thumb Code   138  pid.o(i.Qianjin15)
    Qianjin150                               0x08001439   Thumb Code   138  pid.o(i.Qianjin150)
    Qianjin15_16                             0x080014d5   Thumb Code   138  pid.o(i.Qianjin15_16)
    Qianjin15_24                             0x08001571   Thumb Code    88  pid.o(i.Qianjin15_24)
    Qianjin15_3                              0x080015d1   Thumb Code    88  pid.o(i.Qianjin15_3)
    Qianjin15_5                              0x08001631   Thumb Code    88  pid.o(i.Qianjin15_5)
    Qianjin15_6                              0x08001691   Thumb Code    88  pid.o(i.Qianjin15_6)
    Qianjin165_21                            0x080016f1   Thumb Code   156  pid.o(i.Qianjin165_21)
    Qianjin165x                              0x0800179d   Thumb Code   154  pid.o(i.Qianjin165x)
    Qianjin255                               0x08001849   Thumb Code   156  pid.o(i.Qianjin255)
    Qianjin60                                0x080018f5   Thumb Code   138  pid.o(i.Qianjin60)
    Qianjin75                                0x08001991   Thumb Code   144  pid.o(i.Qianjin75)
    Qianjin75_12                             0x08001a31   Thumb Code   142  pid.o(i.Qianjin75_12)
    Qianjin75_14                             0x08001ad1   Thumb Code   142  pid.o(i.Qianjin75_14)
    Qianjin75_2                              0x08001b71   Thumb Code   144  pid.o(i.Qianjin75_2)
    Qianjin75_25                             0x08001c11   Thumb Code   144  pid.o(i.Qianjin75_25)
    Qianjin90                                0x08001cb1   Thumb Code   138  pid.o(i.Qianjin90)
    RCC_APB1PeriphClockCmd                   0x08001d4d   Thumb Code    26  stm32f10x_rcc.o(i.RCC_APB1PeriphClockCmd)
    RCC_APB2PeriphClockCmd                   0x08001d6d   Thumb Code    26  stm32f10x_rcc.o(i.RCC_APB2PeriphClockCmd)
    RCC_GetClocksFreq                        0x08001d8d   Thumb Code   192  stm32f10x_rcc.o(i.RCC_GetClocksFreq)
    SVC_Handler                              0x08001e61   Thumb Code     2  stm32f10x_it.o(i.SVC_Handler)
    SysTick_CLKSourceConfig                  0x08001f4d   Thumb Code    40  misc.o(i.SysTick_CLKSourceConfig)
    SysTick_Handler                          0x08001f75   Thumb Code     2  stm32f10x_it.o(i.SysTick_Handler)
    SysTick_Init                             0x08001f79   Thumb Code    52  systick.o(i.SysTick_Init)
    SystemInit                               0x08001fb5   Thumb Code    78  system_stm32f10x.o(i.SystemInit)
    TIM6_IRQHandler                          0x08002255   Thumb Code  2470  time6.o(i.TIM6_IRQHandler)
    TIM_ARRPreloadConfig                     0x08002c15   Thumb Code    24  stm32f10x_tim.o(i.TIM_ARRPreloadConfig)
    TIM_ClearITPendingBit                    0x08002c2d   Thumb Code     6  stm32f10x_tim.o(i.TIM_ClearITPendingBit)
    TIM_Cmd                                  0x08002c33   Thumb Code    24  stm32f10x_tim.o(i.TIM_Cmd)
    TIM_CtrlPWMOutputs                       0x08002c4b   Thumb Code    30  stm32f10x_tim.o(i.TIM_CtrlPWMOutputs)
    TIM_EncoderInterfaceConfig               0x08002c69   Thumb Code    66  stm32f10x_tim.o(i.TIM_EncoderInterfaceConfig)
    TIM_GetCounter                           0x08002cab   Thumb Code     6  stm32f10x_tim.o(i.TIM_GetCounter)
    TIM_GetITStatus                          0x08002cb1   Thumb Code    34  stm32f10x_tim.o(i.TIM_GetITStatus)
    TIM_ICInit                               0x08002cd5   Thumb Code   150  stm32f10x_tim.o(i.TIM_ICInit)
    TIM_ICStructInit                         0x08002d81   Thumb Code    18  stm32f10x_tim.o(i.TIM_ICStructInit)
    TIM_ITConfig                             0x08002d93   Thumb Code    18  stm32f10x_tim.o(i.TIM_ITConfig)
    TIM_OC1Init                              0x08002da5   Thumb Code   132  stm32f10x_tim.o(i.TIM_OC1Init)
    TIM_OC1PreloadConfig                     0x08002e3d   Thumb Code    18  stm32f10x_tim.o(i.TIM_OC1PreloadConfig)
    TIM_OC2Init                              0x08002e51   Thumb Code   154  stm32f10x_tim.o(i.TIM_OC2Init)
    TIM_OC2PreloadConfig                     0x08002ef5   Thumb Code    26  stm32f10x_tim.o(i.TIM_OC2PreloadConfig)
    TIM_SetCompare1                          0x08002f0f   Thumb Code     4  stm32f10x_tim.o(i.TIM_SetCompare1)
    TIM_SetCompare2                          0x08002f13   Thumb Code     4  stm32f10x_tim.o(i.TIM_SetCompare2)
    TIM_SetCounter                           0x08002f17   Thumb Code     4  stm32f10x_tim.o(i.TIM_SetCounter)
    TIM_SetIC1Prescaler                      0x08002f1b   Thumb Code    18  stm32f10x_tim.o(i.TIM_SetIC1Prescaler)
    TIM_SetIC2Prescaler                      0x08002f2d   Thumb Code    26  stm32f10x_tim.o(i.TIM_SetIC2Prescaler)
    TIM_SetIC3Prescaler                      0x08002f47   Thumb Code    18  stm32f10x_tim.o(i.TIM_SetIC3Prescaler)
    TIM_SetIC4Prescaler                      0x08002f59   Thumb Code    26  stm32f10x_tim.o(i.TIM_SetIC4Prescaler)
    TIM_TimeBaseInit                         0x08002f75   Thumb Code   122  stm32f10x_tim.o(i.TIM_TimeBaseInit)
    TIM_TimeBaseStructInit                   0x08003019   Thumb Code    18  stm32f10x_tim.o(i.TIM_TimeBaseStructInit)
    Tim1_Pwm_Init                            0x0800302d   Thumb Code   148  pwm.o(i.Tim1_Pwm_Init)
    Tim6_Init                                0x080030c9   Thumb Code    96  time6.o(i.Tim6_Init)
    UART4_IRQHandler                         0x0800312d   Thumb Code    32  usart.o(i.UART4_IRQHandler)
    USART1_IRQHandler                        0x08003151   Thumb Code    36  usart.o(i.USART1_IRQHandler)
    USART3_IRQHandler                        0x0800317d   Thumb Code    68  usart.o(i.USART3_IRQHandler)
    USART_ClearFlag                          0x080031d1   Thumb Code    18  stm32f10x_usart.o(i.USART_ClearFlag)
    USART_Cmd                                0x080031e3   Thumb Code    24  stm32f10x_usart.o(i.USART_Cmd)
    USART_GetFlagStatus                      0x080031fb   Thumb Code    26  stm32f10x_usart.o(i.USART_GetFlagStatus)
    USART_GetITStatus                        0x08003215   Thumb Code    84  stm32f10x_usart.o(i.USART_GetITStatus)
    USART_ITConfig                           0x08003269   Thumb Code    74  stm32f10x_usart.o(i.USART_ITConfig)
    USART_Init                               0x080032b5   Thumb Code   210  stm32f10x_usart.o(i.USART_Init)
    USART_ReceiveData                        0x0800338d   Thumb Code    10  stm32f10x_usart.o(i.USART_ReceiveData)
    USART_SendData                           0x08003397   Thumb Code     8  stm32f10x_usart.o(i.USART_SendData)
    Uart4_Init                               0x080033a1   Thumb Code   166  usart.o(i.Uart4_Init)
    UsageFault_Handler                       0x08003451   Thumb Code     4  stm32f10x_it.o(i.UsageFault_Handler)
    Usart1_Init                              0x08003455   Thumb Code   168  usart.o(i.Usart1_Init)
    Usart3_Init                              0x08003505   Thumb Code   166  usart.o(i.Usart3_Init)
    Usart4_Ditu                              0x080035b5   Thumb Code   176  usart.o(i.Usart4_Ditu)
    Usart4fa_1                               0x080036ed   Thumb Code    40  usart.o(i.Usart4fa_1)
    Usart4fa_2                               0x08003719   Thumb Code    40  usart.o(i.Usart4fa_2)
    Usart4fa_3                               0x08003745   Thumb Code    40  usart.o(i.Usart4fa_3)
    Usart4fa_4                               0x08003771   Thumb Code    40  usart.o(i.Usart4fa_4)
    Usart4fa_9                               0x0800379d   Thumb Code    40  usart.o(i.Usart4fa_9)
    __0printf$bare                           0x080037c9   Thumb Code     8  printfb.o(i.__0printf$bare)
    __1printf$bare                           0x080037c9   Thumb Code     0  printfb.o(i.__0printf$bare)
    __2printf                                0x080037c9   Thumb Code     0  printfb.o(i.__0printf$bare)
    __scatterload_copy                       0x080037d9   Thumb Code    14  handlers.o(i.__scatterload_copy)
    __scatterload_null                       0x080037e7   Thumb Code     2  handlers.o(i.__scatterload_null)
    __scatterload_zeroinit                   0x080037e9   Thumb Code    14  handlers.o(i.__scatterload_zeroinit)
    delay_ms                                 0x08003819   Thumb Code    72  systick.o(i.delay_ms)
    fputc                                    0x08003865   Thumb Code    32  usart.o(i.fputc)
    main                                     0x08003889   Thumb Code   208  main.o(i.main)
    Region$$Table$$Base                      0x08003968   Number         0  anon$$obj.o(Region$$Table)
    Region$$Table$$Limit                     0x08003988   Number         0  anon$$obj.o(Region$$Table)
    kting                                    0x200000f8   Data           1  motion.o(.data)
    mot                                      0x200000fa   Data           2  motion.o(.data)
    motx                                     0x200000fc   Data           2  motion.o(.data)
    mot1                                     0x200000fe   Data           1  motion.o(.data)
    mot2                                     0x200000ff   Data           1  motion.o(.data)
    mot3                                     0x20000100   Data           1  motion.o(.data)
    mot4                                     0x20000101   Data           1  motion.o(.data)
    mot5                                     0x20000102   Data           1  motion.o(.data)
    kxie                                     0x20000108   Data           1  usart.o(.data)
    k210_t                                   0x20000109   Data           1  usart.o(.data)
    k210_r                                   0x2000010a   Data           1  usart.o(.data)
    k210_mubiao                              0x2000010b   Data           1  usart.o(.data)
    ditu                                     0x2000010c   Data           1  usart.o(.data)
    __stdout                                 0x20000110   Data           4  stdout.o(.data)
    __initial_sp                             0x20000518   Data           0  startup_stm32f10x_hd.o(STACK)



==============================================================================

Memory Map of the image

  Image Entry point : 0x08000131

  Load Region LR_IROM1 (Base: 0x08000000, Size: 0x00003a9c, Max: 0x00080000, ABSOLUTE)

    Execution Region ER_IROM1 (Exec base: 0x08000000, Load base: 0x08000000, Size: 0x00003988, Max: 0x00080000, ABSOLUTE)

    Exec Addr    Load Addr    Size         Type   Attr      Idx    E Section Name        Object

    0x08000000   0x08000000   0x00000130   Data   RO          227    RESET               startup_stm32f10x_hd.o
    0x08000130   0x08000130   0x00000000   Code   RO         2104  * .ARM.Collect$$$$00000000  mc_w.l(entry.o)
    0x08000130   0x08000130   0x00000004   Code   RO         2375    .ARM.Collect$$$$00000001  mc_w.l(entry2.o)
    0x08000134   0x08000134   0x00000004   Code   RO         2378    .ARM.Collect$$$$00000004  mc_w.l(entry5.o)
    0x08000138   0x08000138   0x00000000   Code   RO         2380    .ARM.Collect$$$$00000008  mc_w.l(entry7b.o)
    0x08000138   0x08000138   0x00000000   Code   RO         2382    .ARM.Collect$$$$0000000A  mc_w.l(entry8b.o)
    0x08000138   0x08000138   0x00000008   Code   RO         2383    .ARM.Collect$$$$0000000B  mc_w.l(entry9a.o)
    0x08000140   0x08000140   0x00000004   Code   RO         2390    .ARM.Collect$$$$0000000E  mc_w.l(entry12b.o)
    0x08000144   0x08000144   0x00000000   Code   RO         2385    .ARM.Collect$$$$0000000F  mc_w.l(entry10a.o)
    0x08000144   0x08000144   0x00000000   Code   RO         2387    .ARM.Collect$$$$00000011  mc_w.l(entry11a.o)
    0x08000144   0x08000144   0x00000004   Code   RO         2376    .ARM.Collect$$$$00002712  mc_w.l(entry2.o)
    0x08000148   0x08000148   0x00000024   Code   RO          228    .text               startup_stm32f10x_hd.o
    0x0800016c   0x0800016c   0x00000024   Code   RO         2409    .text               mc_w.l(init.o)
    0x08000190   0x08000190   0x00000004   Code   RO          140    i.BusFault_Handler  stm32f10x_it.o
    0x08000194   0x08000194   0x00000002   Code   RO          141    i.DebugMon_Handler  stm32f10x_it.o
    0x08000196   0x08000196   0x00000002   PAD
    0x08000198   0x08000198   0x00000024   Code   RO         1925    i.EXTI9_5_IRQHandler  exti.o
    0x080001bc   0x080001bc   0x0000000c   Code   RO         1312    i.EXTI_ClearITPendingBit  stm32f10x_exti.o
    0x080001c8   0x080001c8   0x00000028   Code   RO         1316    i.EXTI_GetITStatus  stm32f10x_exti.o
    0x080001f0   0x080001f0   0x0000000c   Code   RO         1847    i.Encoder_Init      encoder.o
    0x080001fc   0x080001fc   0x0000008c   Code   RO         1848    i.Encoder_Init_Tim3  encoder.o
    0x08000288   0x08000288   0x0000008c   Code   RO         1849    i.Encoder_Init_Tim4  encoder.o
    0x08000314   0x08000314   0x00000044   Code   RO         1850    i.Encoder_Read      encoder.o
    0x08000358   0x08000358   0x000000bc   Code   RO         1467    i.Fanhiu75          pid.o
    0x08000414   0x08000414   0x000000b4   Code   RO         1468    i.Fanhiu75_2        pid.o
    0x080004c8   0x080004c8   0x00000116   Code   RO          239    i.GPIO_Init         stm32f10x_gpio.o
    0x080005de   0x080005de   0x00000004   Code   RO          247    i.GPIO_SetBits      stm32f10x_gpio.o
    0x080005e2   0x080005e2   0x00000004   Code   RO          142    i.HardFault_Handler  stm32f10x_it.o
    0x080005e6   0x080005e6   0x00000002   PAD
    0x080005e8   0x080005e8   0x00000070   Code   RO         1469    i.Houtui40          pid.o
    0x08000658   0x08000658   0x00000070   Code   RO         1471    i.Houtui40_22       pid.o
    0x080006c8   0x080006c8   0x00000070   Code   RO         1472    i.Houtui40_26       pid.o
    0x08000738   0x08000738   0x00000070   Code   RO         1473    i.Houtui40_29       pid.o
    0x080007a8   0x080007a8   0x00000070   Code   RO         1474    i.HoutuiX           pid.o
    0x08000818   0x08000818   0x00000068   Code   RO         1476    i.Jiao180           pid.o
    0x08000880   0x08000880   0x00000068   Code   RO         1477    i.Jiao90            pid.o
    0x080008e8   0x080008e8   0x00000068   Code   RO         1479    i.Jiao90_2          pid.o
    0x08000950   0x08000950   0x00000068   Code   RO         1480    i.Jiao90_23         pid.o
    0x080009b8   0x080009b8   0x00000064   Code   RO         1482    i.Jiao90x           pid.o
    0x08000a1c   0x08000a1c   0x00000068   Code   RO         1483    i.Jiao_90           pid.o
    0x08000a84   0x08000a84   0x00000068   Code   RO         1484    i.Jiao_90_19        pid.o
    0x08000aec   0x08000aec   0x00000068   Code   RO         1485    i.Jiao_90_2         pid.o
    0x08000b54   0x08000b54   0x00000068   Code   RO         1486    i.Jiao_90_31        pid.o
    0x08000bbc   0x08000bbc   0x00000048   Code   RO         1955    i.Key_Init          key.o
    0x08000c04   0x08000c04   0x00000048   Code   RO         1956    i.Key_Scam          key.o
    0x08000c4c   0x08000c4c   0x000000b4   Code   RO         1409    i.LED_Init          led.o
    0x08000d00   0x08000d00   0x00000004   Code   RO          143    i.MemManage_Handler  stm32f10x_it.o
    0x08000d04   0x08000d04   0x00000178   Code   RO         1424    i.Motor_Init        motor.o
    0x08000e7c   0x08000e7c   0x00000028   Code   RO         1425    i.Motor_Limit       motor.o
    0x08000ea4   0x08000ea4   0x00000074   Code   RO         1426    i.Motor_Motion      motor.o
    0x08000f18   0x08000f18   0x00000002   Code   RO          144    i.NMI_Handler       stm32f10x_it.o
    0x08000f1a   0x08000f1a   0x00000002   PAD
    0x08000f1c   0x08000f1c   0x00000070   Code   RO          547    i.NVIC_Init         misc.o
    0x08000f8c   0x08000f8c   0x00000002   Code   RO          145    i.PendSV_Handler    stm32f10x_it.o
    0x08000f8e   0x08000f8e   0x00000002   PAD
    0x08000f90   0x08000f90   0x0000006c   Code   RO         1488    i.Qianhou40_10      pid.o
    0x08000ffc   0x08000ffc   0x0000006c   Code   RO         1489    i.Qianhou40_11      pid.o
    0x08001068   0x08001068   0x0000006c   Code   RO         1490    i.Qianhou40_15      pid.o
    0x080010d4   0x080010d4   0x0000006c   Code   RO         1491    i.Qianhou40_2       pid.o
    0x08001140   0x08001140   0x0000006c   Code   RO         1492    i.Qianhou40_20      pid.o
    0x080011ac   0x080011ac   0x0000006c   Code   RO         1493    i.Qianhou40_27      pid.o
    0x08001218   0x08001218   0x0000006c   Code   RO         1495    i.Qianhou40_30      pid.o
    0x08001284   0x08001284   0x00000068   Code   RO         1497    i.Qianhou40x        pid.o
    0x080012ec   0x080012ec   0x000000b0   Code   RO         1498    i.Qianjin120        pid.o
    0x0800139c   0x0800139c   0x0000009c   Code   RO         1499    i.Qianjin15         pid.o
    0x08001438   0x08001438   0x0000009c   Code   RO         1500    i.Qianjin150        pid.o
    0x080014d4   0x080014d4   0x0000009c   Code   RO         1501    i.Qianjin15_16      pid.o
    0x08001570   0x08001570   0x00000060   Code   RO         1503    i.Qianjin15_24      pid.o
    0x080015d0   0x080015d0   0x00000060   Code   RO         1504    i.Qianjin15_3       pid.o
    0x08001630   0x08001630   0x00000060   Code   RO         1506    i.Qianjin15_5       pid.o
    0x08001690   0x08001690   0x00000060   Code   RO         1507    i.Qianjin15_6       pid.o
    0x080016f0   0x080016f0   0x000000ac   Code   RO         1510    i.Qianjin165_21     pid.o
    0x0800179c   0x0800179c   0x000000ac   Code   RO         1511    i.Qianjin165x       pid.o
    0x08001848   0x08001848   0x000000ac   Code   RO         1512    i.Qianjin255        pid.o
    0x080018f4   0x080018f4   0x0000009c   Code   RO         1513    i.Qianjin60         pid.o
    0x08001990   0x08001990   0x000000a0   Code   RO         1514    i.Qianjin75         pid.o
    0x08001a30   0x08001a30   0x000000a0   Code   RO         1515    i.Qianjin75_12      pid.o
    0x08001ad0   0x08001ad0   0x000000a0   Code   RO         1516    i.Qianjin75_14      pid.o
    0x08001b70   0x08001b70   0x000000a0   Code   RO         1517    i.Qianjin75_2       pid.o
    0x08001c10   0x08001c10   0x000000a0   Code   RO         1518    i.Qianjin75_25      pid.o
    0x08001cb0   0x08001cb0   0x0000009c   Code   RO         1520    i.Qianjin90         pid.o
    0x08001d4c   0x08001d4c   0x00000020   Code   RO          349    i.RCC_APB1PeriphClockCmd  stm32f10x_rcc.o
    0x08001d6c   0x08001d6c   0x00000020   Code   RO          351    i.RCC_APB2PeriphClockCmd  stm32f10x_rcc.o
    0x08001d8c   0x08001d8c   0x000000d4   Code   RO          359    i.RCC_GetClocksFreq  stm32f10x_rcc.o
    0x08001e60   0x08001e60   0x00000002   Code   RO          146    i.SVC_Handler       stm32f10x_it.o
    0x08001e62   0x08001e62   0x00000008   Code   RO         1365    i.SetSysClock       system_stm32f10x.o
    0x08001e6a   0x08001e6a   0x00000002   PAD
    0x08001e6c   0x08001e6c   0x000000e0   Code   RO         1366    i.SetSysClockTo72   system_stm32f10x.o
    0x08001f4c   0x08001f4c   0x00000028   Code   RO          551    i.SysTick_CLKSourceConfig  misc.o
    0x08001f74   0x08001f74   0x00000002   Code   RO          147    i.SysTick_Handler   stm32f10x_it.o
    0x08001f76   0x08001f76   0x00000002   PAD
    0x08001f78   0x08001f78   0x0000003c   Code   RO         1982    i.SysTick_Init      systick.o
    0x08001fb4   0x08001fb4   0x00000060   Code   RO         1368    i.SystemInit        system_stm32f10x.o
    0x08002014   0x08002014   0x00000080   Code   RO          763    i.TI1_Config        stm32f10x_tim.o
    0x08002094   0x08002094   0x00000098   Code   RO          764    i.TI2_Config        stm32f10x_tim.o
    0x0800212c   0x0800212c   0x00000090   Code   RO          765    i.TI3_Config        stm32f10x_tim.o
    0x080021bc   0x080021bc   0x00000098   Code   RO          766    i.TI4_Config        stm32f10x_tim.o
    0x08002254   0x08002254   0x000009c0   Code   RO         1828    i.TIM6_IRQHandler   time6.o
    0x08002c14   0x08002c14   0x00000018   Code   RO          767    i.TIM_ARRPreloadConfig  stm32f10x_tim.o
    0x08002c2c   0x08002c2c   0x00000006   Code   RO          774    i.TIM_ClearITPendingBit  stm32f10x_tim.o
    0x08002c32   0x08002c32   0x00000018   Code   RO          779    i.TIM_Cmd           stm32f10x_tim.o
    0x08002c4a   0x08002c4a   0x0000001e   Code   RO          781    i.TIM_CtrlPWMOutputs  stm32f10x_tim.o
    0x08002c68   0x08002c68   0x00000042   Code   RO          788    i.TIM_EncoderInterfaceConfig  stm32f10x_tim.o
    0x08002caa   0x08002caa   0x00000006   Code   RO          798    i.TIM_GetCounter    stm32f10x_tim.o
    0x08002cb0   0x08002cb0   0x00000022   Code   RO          800    i.TIM_GetITStatus   stm32f10x_tim.o
    0x08002cd2   0x08002cd2   0x00000002   PAD
    0x08002cd4   0x08002cd4   0x000000ac   Code   RO          802    i.TIM_ICInit        stm32f10x_tim.o
    0x08002d80   0x08002d80   0x00000012   Code   RO          803    i.TIM_ICStructInit  stm32f10x_tim.o
    0x08002d92   0x08002d92   0x00000012   Code   RO          804    i.TIM_ITConfig      stm32f10x_tim.o
    0x08002da4   0x08002da4   0x00000098   Code   RO          808    i.TIM_OC1Init       stm32f10x_tim.o
    0x08002e3c   0x08002e3c   0x00000012   Code   RO          811    i.TIM_OC1PreloadConfig  stm32f10x_tim.o
    0x08002e4e   0x08002e4e   0x00000002   PAD
    0x08002e50   0x08002e50   0x000000a4   Code   RO          813    i.TIM_OC2Init       stm32f10x_tim.o
    0x08002ef4   0x08002ef4   0x0000001a   Code   RO          816    i.TIM_OC2PreloadConfig  stm32f10x_tim.o
    0x08002f0e   0x08002f0e   0x00000004   Code   RO          840    i.TIM_SetCompare1   stm32f10x_tim.o
    0x08002f12   0x08002f12   0x00000004   Code   RO          841    i.TIM_SetCompare2   stm32f10x_tim.o
    0x08002f16   0x08002f16   0x00000004   Code   RO          844    i.TIM_SetCounter    stm32f10x_tim.o
    0x08002f1a   0x08002f1a   0x00000012   Code   RO          845    i.TIM_SetIC1Prescaler  stm32f10x_tim.o
    0x08002f2c   0x08002f2c   0x0000001a   Code   RO          846    i.TIM_SetIC2Prescaler  stm32f10x_tim.o
    0x08002f46   0x08002f46   0x00000012   Code   RO          847    i.TIM_SetIC3Prescaler  stm32f10x_tim.o
    0x08002f58   0x08002f58   0x0000001a   Code   RO          848    i.TIM_SetIC4Prescaler  stm32f10x_tim.o
    0x08002f72   0x08002f72   0x00000002   PAD
    0x08002f74   0x08002f74   0x000000a4   Code   RO          850    i.TIM_TimeBaseInit  stm32f10x_tim.o
    0x08003018   0x08003018   0x00000012   Code   RO          851    i.TIM_TimeBaseStructInit  stm32f10x_tim.o
    0x0800302a   0x0800302a   0x00000002   PAD
    0x0800302c   0x0800302c   0x0000009c   Code   RO         1943    i.Tim1_Pwm_Init     pwm.o
    0x080030c8   0x080030c8   0x00000064   Code   RO         1829    i.Tim6_Init         time6.o
    0x0800312c   0x0800312c   0x00000024   Code   RO         2011    i.UART4_IRQHandler  usart.o
    0x08003150   0x08003150   0x0000002c   Code   RO         2012    i.USART1_IRQHandler  usart.o
    0x0800317c   0x0800317c   0x00000054   Code   RO         2013    i.USART3_IRQHandler  usart.o
    0x080031d0   0x080031d0   0x00000012   Code   RO          583    i.USART_ClearFlag   stm32f10x_usart.o
    0x080031e2   0x080031e2   0x00000018   Code   RO          587    i.USART_Cmd         stm32f10x_usart.o
    0x080031fa   0x080031fa   0x0000001a   Code   RO          590    i.USART_GetFlagStatus  stm32f10x_usart.o
    0x08003214   0x08003214   0x00000054   Code   RO          591    i.USART_GetITStatus  stm32f10x_usart.o
    0x08003268   0x08003268   0x0000004a   Code   RO          593    i.USART_ITConfig    stm32f10x_usart.o
    0x080032b2   0x080032b2   0x00000002   PAD
    0x080032b4   0x080032b4   0x000000d8   Code   RO          594    i.USART_Init        stm32f10x_usart.o
    0x0800338c   0x0800338c   0x0000000a   Code   RO          601    i.USART_ReceiveData  stm32f10x_usart.o
    0x08003396   0x08003396   0x00000008   Code   RO          604    i.USART_SendData    stm32f10x_usart.o
    0x0800339e   0x0800339e   0x00000002   PAD
    0x080033a0   0x080033a0   0x000000b0   Code   RO         2014    i.Uart4_Init        usart.o
    0x08003450   0x08003450   0x00000004   Code   RO          148    i.UsageFault_Handler  stm32f10x_it.o
    0x08003454   0x08003454   0x000000b0   Code   RO         2015    i.Usart1_Init       usart.o
    0x08003504   0x08003504   0x000000b0   Code   RO         2016    i.Usart3_Init       usart.o
    0x080035b4   0x080035b4   0x00000138   Code   RO         2017    i.Usart4_Ditu       usart.o
    0x080036ec   0x080036ec   0x0000002c   Code   RO         2018    i.Usart4fa_1        usart.o
    0x08003718   0x08003718   0x0000002c   Code   RO         2019    i.Usart4fa_2        usart.o
    0x08003744   0x08003744   0x0000002c   Code   RO         2020    i.Usart4fa_3        usart.o
    0x08003770   0x08003770   0x0000002c   Code   RO         2021    i.Usart4fa_4        usart.o
    0x0800379c   0x0800379c   0x0000002c   Code   RO         2022    i.Usart4fa_9        usart.o
    0x080037c8   0x080037c8   0x00000010   Code   RO         2108    i.__0printf$bare    mc_w.l(printfb.o)
    0x080037d8   0x080037d8   0x0000000e   Code   RO         2421    i.__scatterload_copy  mc_w.l(handlers.o)
    0x080037e6   0x080037e6   0x00000002   Code   RO         2422    i.__scatterload_null  mc_w.l(handlers.o)
    0x080037e8   0x080037e8   0x0000000e   Code   RO         2423    i.__scatterload_zeroinit  mc_w.l(handlers.o)
    0x080037f6   0x080037f6   0x00000022   Code   RO         2115    i._printf_core      mc_w.l(printfb.o)
    0x08003818   0x08003818   0x0000004c   Code   RO         1983    i.delay_ms          systick.o
    0x08003864   0x08003864   0x00000024   Code   RO         2023    i.fputc             usart.o
    0x08003888   0x08003888   0x000000e0   Code   RO            1    i.main              main.o
    0x08003968   0x08003968   0x00000020   Data   RO         2419    Region$$Table       anon$$obj.o


    Execution Region RW_IRAM1 (Exec base: 0x20000000, Load base: 0x08003988, Size: 0x00000518, Max: 0x00010000, ABSOLUTE)

    Exec Addr    Load Addr    Size         Type   Attr      Idx    E Section Name        Object

    0x20000000   0x08003988   0x00000014   Data   RW          379    .data               stm32f10x_rcc.o
    0x20000014   0x0800399c   0x000000e0   Data   RW         1521    .data               pid.o
    0x200000f4   0x08003a7c   0x00000004   Data   RW         1830    .data               time6.o
    0x200000f8   0x08003a80   0x0000000b   Data   RW         1883    .data               motion.o
    0x20000103   0x08003a8b   0x00000001   PAD
    0x20000104   0x08003a8c   0x00000004   Data   RW         1985    .data               systick.o
    0x20000108   0x08003a90   0x00000006   Data   RW         2024    .data               usart.o
    0x2000010e   0x08003a96   0x00000002   PAD
    0x20000110   0x08003a98   0x00000004   Data   RW         2391    .data               mc_w.l(stdout.o)
    0x20000114   0x08003a9c   0x00000004   PAD
    0x20000118        -       0x00000400   Zero   RW          225    STACK               startup_stm32f10x_hd.o


==============================================================================

Image component sizes


      Code (inc. data)   RO Data    RW Data    ZI Data      Debug   Object Name

       360         28          0          0          0       2518   encoder.o
        36          6          0          0          0        501   exti.o
       144         18          0          0          0       1078   key.o
       180         16          0          0          0        567   led.o
       224         16          0          0          0     255167   main.o
       152         12          0          0          0       1798   misc.o
         0          0          0         11          0        450   motion.o
       532         48          0          0          0       2342   motor.o
      5376        544          0        224          0      35793   pid.o
       156          8          0          0          0        760   pwm.o
        36          8        304          0       1024        856   startup_stm32f10x_hd.o
        52         12          0          0          0       1288   stm32f10x_exti.o
       282          0          0          0          0       2747   stm32f10x_gpio.o
        26          0          0          0          0       4178   stm32f10x_it.o
       276         32          0         20          0       4826   stm32f10x_rcc.o
      1616        180          0          0          0      19500   stm32f10x_tim.o
       460          6          0          0          0       7451   stm32f10x_usart.o
       328         28          0          0          0       2105   system_stm32f10x.o
       136         12          0          4          0       1342   systick.o
      2596        198          0          4          0       3290   time6.o
      1260        228          0          6          0       8069   usart.o

    ----------------------------------------------------------------------
     14252       1400        336        272       1024     356626   Object Totals
         0          0         32          0          0          0   (incl. Generated)
        24          0          0          3          0          0   (incl. Padding)

    ----------------------------------------------------------------------

      Code (inc. data)   RO Data    RW Data    ZI Data      Debug   Library Member Name

         0          0          0          0          0          0   entry.o
         0          0          0          0          0          0   entry10a.o
         0          0          0          0          0          0   entry11a.o
         4          0          0          0          0          0   entry12b.o
         8          4          0          0          0          0   entry2.o
         4          0          0          0          0          0   entry5.o
         0          0          0          0          0          0   entry7b.o
         0          0          0          0          0          0   entry8b.o
         8          4          0          0          0          0   entry9a.o
        30          0          0          0          0          0   handlers.o
        36          8          0          0          0         68   init.o
        50          8          0          0          0        152   printfb.o
         0          0          0          4          0          0   stdout.o

    ----------------------------------------------------------------------
       140         24          0          4          4        220   Library Totals
         0          0          0          0          4          0   (incl. Padding)

    ----------------------------------------------------------------------

      Code (inc. data)   RO Data    RW Data    ZI Data      Debug   Library Name

       140         24          0          4          0        220   mc_w.l

    ----------------------------------------------------------------------
       140         24          0          4          4        220   Library Totals

    ----------------------------------------------------------------------

==============================================================================


      Code (inc. data)   RO Data    RW Data    ZI Data      Debug   

     14392       1424        336        276       1028     350446   Grand Totals
     14392       1424        336        276       1028     350446   ELF Image Totals
     14392       1424        336        276          0          0   ROM Totals

==============================================================================

    Total RO  Size (Code + RO Data)                14728 (  14.38kB)
    Total RW  Size (RW Data + ZI Data)              1304 (   1.27kB)
    Total ROM Size (Code + RO Data + RW Data)      15004 (  14.65kB)

==============================================================================

